--------- beginning of main
I/qemu-props(    0): connected to 'boot-properties' qemud service.
--------- beginning of events
I/auditd  (   42): type=2000 audit(0.0:1): initialized
I/auditd  (   42): type=1403 audit(0.0:2): policy loaded auid=4294967295 ses=4294967295
I/auditd  (   42): type=1404 audit(0.0:3): enforcing=1 old_enforcing=0 auid=4294967295 ses=4294967295
I/auditd  (   42): type=1403 audit(0.0:4): policy loaded auid=4294967295 ses=4294967295
I/auditd  (   43): type=1400 audit(0.0:5): avc:  denied  { 0x10 } for  comm="healthd" capability=36  scontext=u:r:healthd:s0 tcontext=u:r:healthd:s0 tclass=capability2
I/qemu-props(    0): receiving..
I/qemu-props(    0): received: dalvik.vm.heapsize=48m
I/qemu-props(    0): receiving..
I/qemu-props(    0): received: ro.config.low_ram=true
I/qemu-props(    0): receiving..
I/qemu-props(    0): received: qemu.sf.lcd_density=120
I/qemu-props(    0): receiving..
I/qemu-props(    0): received: qemu.hw.mainkeys=0
I/qemu-props(    0): receiving..
I/qemu-props(    0): received: qemu.sf.fake_camera=none
I/qemu-props(    0): receiving..
I/qemu-props(    0): exiting (5 properties set).
I/lowmemorykiller(    0): Using in-kernel low memory killer interface
--------- beginning of crash
I/DEBUG   (   53): debuggerd: Jun 20 2014 22:25:40
I/installd(   59): installd firing up
I/Netd    (   52): Netd 1.0 starting
W/InterfaceController(   52): Warning (dlopen failed: library "libnetcmdiface.so" not found) while opening the net interface command library
E/Netd    (   52): Failed to open /proc/sys/net/ipv6/conf/default/accept_ra_rt_table: No such file or directory
E/Netd    (   52): Failed to open /proc/sys/net/ipv6/conf/eth0/accept_ra_rt_table: No such file or directory
E/Netd    (   52): Failed to open /proc/sys/net/ipv6/conf/lo/accept_ra_rt_table: No such file or directory
E/Netd    (   52): Failed to open /proc/sys/net/ipv6/conf/sit0/accept_ra_rt_table: No such file or directory
--------- beginning of system
I/Vold    (   46): Vold 2.1 (the revenge) firing up
D/Vold    (   46): Volume sdcard state changing -1 (Initializing) -> 0 (No-Media)
I/auditd  (   43): type=1400 audit(0.0:6): avc:  denied  { 0x10 } for  comm="healthd" capability=36  scontext=u:r:healthd:s0 tcontext=u:r:healthd:s0 tclass=capability2
I/InputFlinger(   56): InputFlinger is starting
I/SurfaceFlinger(   55): SurfaceFlinger is starting
I/SurfaceFlinger(   55): SurfaceFlinger's main thread ready to run. Initializing graphics H/W...
D/libEGL  (   55): Emulator without GPU support detected. Fallback to software renderer.
D/libEGL  (   55): loaded /system/lib/egl/libGLES_android.so
D/gralloc_goldfish(   55): Emulator without GPU emulation detected.
I/gralloc (   55): using (fd=11)
I/gralloc (   55): id           = 
I/gralloc (   55): xres         = 240 px
I/gralloc (   55): yres         = 400 px
I/gralloc (   55): xres_virtual = 240 px
I/gralloc (   55): yres_virtual = 800 px
I/gralloc (   55): bpp          = 16
I/gralloc (   55): r            = 11:5
I/gralloc (   55): g            =  5:6
I/gralloc (   55): b            =  0:5
I/gralloc (   55): width        = 37 mm (164.756760 dpi)
I/gralloc (   55): height       = 62 mm (163.870972 dpi)
I/gralloc (   55): refresh rate = 1041.67 Hz
E/SurfaceFlinger(   55): hwcomposer module not found
W/SurfaceFlinger(   55): no suitable EGLConfig found, trying a simpler query
W/SurfaceFlinger(   55): EGL_SLOW_CONFIG selected!
I/SurfaceFlinger(   55): EGL information:
I/SurfaceFlinger(   55): vendor    : Android
I/SurfaceFlinger(   55): version   : 1.4 Android META-EGL
I/SurfaceFlinger(   55): extensions: EGL_KHR_get_all_proc_addresses EGL_ANDROID_presentation_time EGL_KHR_image_base EGL_KHR_fence_sync EGL_ANDROID_image_native_buffer 
I/SurfaceFlinger(   55): Client API: OpenGL_ES
I/SurfaceFlinger(   55): EGLSurface: 5-6-5-0, config=0x0
W/SurfaceFlinger(   55): no suitable EGLConfig found, trying a simpler query
W/SurfaceFlinger(   55): EGL_SLOW_CONFIG selected!
I/SurfaceFlinger(   55): EGL information:
I/SurfaceFlinger(   55): vendor    : Android
I/SurfaceFlinger(   55): version   : 1.4 Android META-EGL
I/SurfaceFlinger(   55): extensions: EGL_KHR_get_all_proc_addresses EGL_ANDROID_presentation_time EGL_KHR_image_base EGL_KHR_fence_sync EGL_ANDROID_image_native_buffer 
I/SurfaceFlinger(   55): Client API: OpenGL_ES
I/SurfaceFlinger(   55): EGLSurface: 5-6-5-0, config=0x0
I/SurfaceFlinger(   55): OpenGL ES informations:
I/SurfaceFlinger(   55): vendor    : Android
I/SurfaceFlinger(   55): renderer  : Android PixelFlinger 1.4
I/SurfaceFlinger(   55): version   : OpenGL ES-CM 1.0
I/SurfaceFlinger(   55): extensions: GL_EXT_debug_marker GL_OES_byte_coordinates GL_OES_fixed_point GL_OES_single_precision GL_OES_read_format GL_OES_compressed_paletted_texture GL_OES_draw_texture GL_OES_matrix_get GL_OES_query_matrix GL_OES_EGL_image GL_OES_EGL_sync GL_OES_compressed_ETC1_RGB8_texture GL_ARB_texture_compression GL_ARB_texture_non_power_of_two GL_ANDROID_user_clip_plane GL_ANDROID_vertex_buffer_object GL_ANDROID_generate_mipmap 
I/SurfaceFlinger(   55): GL_MAX_TEXTURE_SIZE = 4096
I/SurfaceFlinger(   55): GL_MAX_VIEWPORT_DIMS = 4096
W/SurfaceFlinger(   55): no suitable EGLConfig found, trying a simpler query
W/SurfaceFlinger(   55): EGL_SLOW_CONFIG selected!
I/SurfaceFlinger(   55): EGL information:
I/SurfaceFlinger(   55): vendor    : Android
I/SurfaceFlinger(   55): version   : 1.4 Android META-EGL
I/SurfaceFlinger(   55): extensions: EGL_KHR_get_all_proc_addresses EGL_ANDROID_presentation_time EGL_KHR_image_base EGL_KHR_fence_sync EGL_ANDROID_image_native_buffer 
I/SurfaceFlinger(   55): Client API: OpenGL_ES
I/SurfaceFlinger(   55): EGLSurface: 5-6-5-0, config=0x0
W/SurfaceFlinger(   55): power module not found
W/SurfaceFlinger(   55): power module not found
D/SurfaceFlinger(   55): Screen acquired, type=0 flinger=0xb87b3508
E/SurfaceFlinger(   55): ro.sf.lcd_density must be defined as a build property
D/libEGL  (   99): Emulator without GPU support detected. Fallback to software renderer.
D/libEGL  (   99): loaded /system/lib/egl/libGLES_android.so
D/gralloc_goldfish(   99): Emulator without GPU emulation detected.
I/ARMAssembler(   99): generated scanline__00000077:03010102_00000A01_00000000 [  9 ipp] (30 ins) at [0xb61101f0:0xb6110268] in 0 ns
I/mediaserver(   58): ServiceManager: 0xb72296b0
I/ARMAssembler(   99): generated scanline__00000077:03545402_00000A01_00000000 [ 31 ipp] (52 ins) at [0xb6110270:0xb6110340] in 10000000 ns
I/AudioFlinger(   58): Using default 3000 mSec as standby time.
I/CameraService(   58): CameraService started (pid=58)
D/EmulatedCamera_QemuClient(   58): Emulated camera list: 
I/CameraService(   58): Loaded "Emulated Camera Module" camera module
I/AudioPolicyService(   58): AudioPolicyService CSTOR in new mode
I/AudioPolicyManager(   58): loadAudioPolicyConfig() loaded /system/etc/audio_policy.conf
I/AudioFlinger(   58): loadHwModule() Loaded primary audio interface from Generic audio HW HAL (audio) handle 1
I/AudioFlinger(   58): HAL output buffer size 1024 frames, normal sink buffer size 1024 frames
D/AndroidRuntime(   65): 
D/AndroidRuntime(   65): >>>>>> AndroidRuntime START com.android.internal.os.ZygoteInit <<<<<<
I/boot_progress_start(   65): 6158
I/AudioMixer(   58): found effect "Multichannel Downmix To Stereo" from The Android Open Source Project
I/AudioFlinger(   58): Using module 1 has the primary audio interface
I/AudioFlinger(   58): AudioFlinger's thread 0xb5f21008 ready to run
I/AudioPolicyManager(   58): CSTOR setOutputDevice 00000002
W/AudioFlinger(   58): Thread AudioOut_2 cannot connect to the power manager service
W/AudioFlinger(   58): Thread AudioOut_2 cannot connect to the power manager service
W/AudioFlinger(   58): Thread AudioOut_2 cannot connect to the power manager service
E/AudioFlinger(   58): no wake lock to update!
I/AudioFlinger(   58): AudioFlinger's thread 0xb5dba008 ready to run
E/AudioFlinger(   58): int android::load_audio_interface(const char*, audio_hw_device_t**) couldn't load audio hw module audio.r_submix (No such file or directory)
I/AudioFlinger(   58): loadHwModule() error -2 loading module r_submix 
W/AudioPolicyManager(   58): could not open HW module r_submix
W/AudioPolicyManager(   58): Input device 80000100 unreachable
D/AndroidRuntime(   65): CheckJNI is ON
I/art     (   65): option[0]=-Xzygote
I/art     (   65): option[1]=exit
I/art     (   65): option[2]=vfprintf
I/art     (   65): option[3]=sensitiveThread
I/art     (   65): option[4]=-verbose:gc
I/art     (   65): option[5]=-Xms4m
I/art     (   65): option[6]=-Xmx48m
I/art     (   65): option[7]=-XX:mainThreadStackSize=24K
I/art     (   65): option[8]=-XX:LowMemoryMode
I/art     (   65): option[9]=-agentlib:jdwp=transport=dt_android_adb,suspend=n,server=y
I/art     (   65): option[10]=-Xcheck:jni
I/art     (   65): option[11]=-Xjnigreflimit:2000
I/art     (   65): option[12]=-Xstacktracefile:/data/anr/traces.txt
I/art     (   65): option[13]=-Xcompiler-option
I/art     (   65): option[14]=--compiler-filter=interpret-only
I/art     (   65): option[15]=-Ximage-compiler-option
I/art     (   65): option[16]=--compiler-filter=verify-none
I/art     (   65): option[17]=-Duser.language=en
I/art     (   65): option[18]=-Duser.region=US
I/art     (   65): option[19]=-Xprofile-period:10
I/art     (   65): option[20]=-Xprofile-duration:30
I/art     (   65): option[21]=-Xprofile-interval:10000
I/art     (   65): option[22]=-Xprofile-backoff:2.0
E/memtrack(   65): Couldn't load memtrack module (No such file or directory)
E/android.os.Debug(   65): failed to load memtrack module: -2
I/SamplingProfilerIntegration(   65): Profiling disabled.
I/boot_progress_preload_start(   65): 8993
D/Zygote  (   65): begin preload
I/Zygote  (   65): Preloading classes...
I/art     (   65): Explicit concurrent mark sweep GC freed 1590(86KB) AllocSpace objects, 0(0B) LOS objects, 2224% free, 209KB/2MB, paused 11.990ms total 106.283ms
I/art     (   65): Explicit concurrent mark sweep GC freed 635(37KB) AllocSpace objects, 0(0B) LOS objects, 2219% free, 235KB/2MB, paused 851us total 33.171ms
I/art     (   65): Explicit concurrent mark sweep GC freed 788(48KB) AllocSpace objects, 0(0B) LOS objects, 2219% free, 235KB/2MB, paused 871us total 23.250ms
I/art     (   65): Explicit concurrent mark sweep GC freed 383(24KB) AllocSpace objects, 0(0B) LOS objects, 2218% free, 260KB/2MB, paused 904us total 48.135ms
W/Typeface(   65): Didn't create default family (most likely, non-Minikin build)
I/art     (   65): Explicit concurrent mark sweep GC freed 808(48KB) AllocSpace objects, 0(0B) LOS objects, 2218% free, 260KB/2MB, paused 967us total 41.550ms
D/TextLayoutCache(   65): Using debug level = 0 - Debug Enabled = 0
I/art     (   65): Thread[1,tid=65,WaitingForJniOnLoad,Thread*=0xb86982a0,peer=0x786d4140,"main"] recursive attempt to load library "/system/lib/libmedia_jni.so"
D/MtpDeviceJNI(   65): register_android_mtp_MtpDevice
I/art     (   65): Thread[1,tid=65,WaitingForJniOnLoad,Thread*=0xb86982a0,peer=0x786d4140,"main"] recursive attempt to load library "/system/lib/libmedia_jni.so"
I/art     (   65): Thread[1,tid=65,WaitingForJniOnLoad,Thread*=0xb86982a0,peer=0x786d4140,"main"] recursive attempt to load library "/system/lib/libmedia_jni.so"
I/art     (   65): Explicit concurrent mark sweep GC freed 560(29KB) AllocSpace objects, 0(0B) LOS objects, 2201% free, 284KB/2MB, paused 903us total 33.050ms
I/art     (   65): Explicit concurrent mark sweep GC freed 637(33KB) AllocSpace objects, 0(0B) LOS objects, 2200% free, 300KB/2MB, paused 891us total 39.967ms
I/art     (   65): Explicit concurrent mark sweep GC freed 883(49KB) AllocSpace objects, 0(0B) LOS objects, 2199% free, 319KB/2MB, paused 889us total 25.539ms
E/EmojiFactory_jni(   65): Failed to load libemoji.so: dlopen failed: library "libemoji.so" not found
I/art     (   65): Explicit concurrent mark sweep GC freed 543(53KB) AllocSpace objects, 0(0B) LOS objects, 2186% free, 615KB/2MB, paused 992us total 44.575ms
I/art     (   65): Explicit concurrent mark sweep GC freed 518(35KB) AllocSpace objects, 0(0B) LOS objects, 2185% free, 629KB/2MB, paused 891us total 50.521ms
W/Zygote  (   65): Class not found for preloading: android.view.DisplayList
W/Zygote  (   65): Class not found for preloading: android.view.DisplayList$DisplayListFinalizer
I/art     (   65): Explicit concurrent mark sweep GC freed 838(48KB) AllocSpace objects, 0(0B) LOS objects, 2185% free, 630KB/2MB, paused 931us total 43.240ms
I/LibraryLoader(   65): Loading: webviewchromium
I/LibraryLoader(   65): Time to load native libraries: 914 ms (timestamps 4233-5147)
I/LibraryLoader(   65): Expected native library version number "",actual native library version number ""
I/art     (   65): Explicit concurrent mark sweep GC freed 574(42KB) AllocSpace objects, 0(0B) LOS objects, 1978% free, 881KB/2MB, paused 1.059ms total 97.284ms
I/art     (   65): Explicit concurrent mark sweep GC freed 1225(122KB) AllocSpace objects, 0(0B) LOS objects, 1977% free, 906KB/2MB, paused 983us total 48.980ms
W/Zygote  (   65): Class not found for preloading: com.android.internal.app.ActionBarImpl
W/Zygote  (   65): Class not found for preloading: com.android.internal.app.ActionBarImpl$1
W/Zygote  (   65): Class not found for preloading: com.android.internal.app.ActionBarImpl$2
W/Zygote  (   65): Class not found for preloading: com.android.internal.widget.ActionBarView$3
I/art     (   65): Explicit concurrent mark sweep GC freed 754(53KB) AllocSpace objects, 0(0B) LOS objects, 1977% free, 905KB/2MB, paused 2.201ms total 44.771ms
I/art     (   65): Explicit concurrent mark sweep GC freed 608(48KB) AllocSpace objects, 0(0B) LOS objects, 1977% free, 906KB/2MB, paused 1.293ms total 35.114ms
I/art     (   65): Explicit concurrent mark sweep GC freed 226(39KB) AllocSpace objects, 0(0B) LOS objects, 1976% free, 934KB/2MB, paused 931us total 49.151ms
I/art     (   65): WaitForGcToComplete blocked for 16.819655ms for cause Explicit
I/art     (   65): Explicit concurrent mark sweep GC freed 620(35KB) AllocSpace objects, 0(0B) LOS objects, 1960% free, 1321KB/2MB, paused 978us total 69.401ms
W/Zygote  (   65): Class not found for preloading: com.android.org.conscrypt.ProtocolVersion
W/Zygote  (   65): Class not found for preloading: dalvik.system.Zygote
I/art     (   65): Explicit concurrent mark sweep GC freed 757(47KB) AllocSpace objects, 0(0B) LOS objects, 1960% free, 1323KB/2MB, paused 880us total 66.024ms
I/art     (   65): Explicit concurrent mark sweep GC freed 732(38KB) AllocSpace objects, 0(0B) LOS objects, 1959% free, 1334KB/2MB, paused 982us total 69.574ms
I/art     (   65): Explicit concurrent mark sweep GC freed 874(49KB) AllocSpace objects, 0(0B) LOS objects, 1959% free, 1334KB/2MB, paused 1.113ms total 57.821ms
I/art     (   65): Explicit concurrent mark sweep GC freed 770(45KB) AllocSpace objects, 0(0B) LOS objects, 1956% free, 1338KB/2MB, paused 918us total 69.861ms
I/System  (   65): Loaded time zone names for "" in 692ms (646ms in ICU)
I/System  (   65): Loaded time zone names for "en_US" in 514ms (458ms in ICU)
I/art     (   65): Explicit concurrent mark sweep GC freed 2410(181KB) AllocSpace objects, 0(0B) LOS objects, 1949% free, 1502KB/2MB, paused 1.011ms total 83.280ms
W/Zygote  (   65): Class not found for preloading: libcore.io.ErrnoException
W/Zygote  (   65): Class not found for preloading: libcore.io.GaiException
W/Zygote  (   65): Class not found for preloading: libcore.io.OsConstants
W/Zygote  (   65): Class not found for preloading: libcore.io.StructAddrinfo
W/Zygote  (   65): Class not found for preloading: libcore.io.StructFlock
W/Zygote  (   65): Class not found for preloading: libcore.io.StructGroupReq
W/Zygote  (   65): Class not found for preloading: libcore.io.StructLinger
W/Zygote  (   65): Class not found for preloading: libcore.io.StructPasswd
W/Zygote  (   65): Class not found for preloading: libcore.io.StructPollfd
W/Zygote  (   65): Class not found for preloading: libcore.io.StructStat
W/Zygote  (   65): Class not found for preloading: libcore.io.StructTimeval
W/Zygote  (   65): Class not found for preloading: libcore.io.StructUcred
W/Zygote  (   65): Class not found for preloading: libcore.io.StructUtsname
I/art     (   65): Explicit concurrent mark sweep GC freed 880(55KB) AllocSpace objects, 0(0B) LOS objects, 1946% free, 1567KB/2MB, paused 919us total 70.780ms
W/Zygote  (   65): Class not found for preloading: libcore.util.MutableInt
W/Zygote  (   65): Class not found for preloading: libcore.util.MutableLong
I/art     (   65): Explicit concurrent mark sweep GC freed 682(44KB) AllocSpace objects, 0(0B) LOS objects, 1946% free, 1572KB/2MB, paused 916us total 59.851ms
I/art     (   65): Explicit concurrent mark sweep GC freed 742(50KB) AllocSpace objects, 0(0B) LOS objects, 1946% free, 1571KB/2MB, paused 901us total 57.005ms
I/Zygote  (   65): ...preloaded 2715 classes in 10941ms.
I/art     (   65): VMRuntime.preloadDexCaches starting
I/art     (   65): VMRuntime.preloadDexCaches strings total=245102 before=46337 after=46337
I/art     (   65): VMRuntime.preloadDexCaches types total=21850 before=6970 after=7186
I/art     (   65): VMRuntime.preloadDexCaches fields total=96196 before=27047 after=28709
I/art     (   65): VMRuntime.preloadDexCaches methods total=165273 before=62227 after=65727
I/art     (   65): VMRuntime.preloadDexCaches finished
I/art     (   65): Explicit concurrent mark sweep GC freed 591(51KB) AllocSpace objects, 0(0B) LOS objects, 1947% free, 1557KB/2MB, paused 910us total 121.145ms
D/idmap   (  259): error: no read access to /vendor/overlay: No such file or directory
I/Zygote  (   65): Preloading resources...
W/ResourceType(   65): Failure getting entry for 0x010801a3 (t=7 e=419) in package 0 (error -75)
W/ResourceType(   65): Failure getting entry for 0x010801a4 (t=7 e=420) in package 0 (error -75)
W/ResourceType(   65): Failure getting entry for 0x010801a5 (t=7 e=421) in package 0 (error -75)
W/ResourceType(   65): Failure getting entry for 0x010801a6 (t=7 e=422) in package 0 (error -75)
W/ResourceType(   65): Failure getting entry for 0x010801a7 (t=7 e=423) in package 0 (error -75)
W/ResourceType(   65): Failure getting entry for 0x010801a8 (t=7 e=424) in package 0 (error -75)
W/ResourceType(   65): Failure getting entry for 0x010801a9 (t=7 e=425) in package 0 (error -75)
W/ResourceType(   65): Failure getting entry for 0x010801aa (t=7 e=426) in package 0 (error -75)
W/ResourceType(   65): Failure getting entry for 0x010801ab (t=7 e=427) in package 0 (error -75)
W/ResourceType(   65): Failure getting entry for 0x010801ac (t=7 e=428) in package 0 (error -75)
W/ResourceType(   65): Failure getting entry for 0x010801ad (t=7 e=429) in package 0 (error -75)
W/ResourceType(   65): Failure getting entry for 0x010801ae (t=7 e=430) in package 0 (error -75)
W/ResourceType(   65): Failure getting entry for 0x010801af (t=7 e=431) in package 0 (error -75)
W/ResourceType(   65): Failure getting entry for 0x010801b0 (t=7 e=432) in package 0 (error -75)
W/ResourceType(   65): Failure getting entry for 0x010801b1 (t=7 e=433) in package 0 (error -75)
W/ResourceType(   65): Failure getting entry for 0x010801b2 (t=7 e=434) in package 0 (error -75)
W/Resources(   65): Preloaded drawable resource #0x1080096 (android:drawable/toast_frame) that varies with configuration!!
W/Resources(   65): Preloaded drawable resource #0x1080110 (android:drawable/btn_check_on_pressed_holo_light) that varies with configuration!!
W/Resources(   65): Preloaded drawable resource #0x108010f (android:drawable/btn_check_on_pressed_holo_dark) that varies with configuration!!
W/Resources(   65): Preloaded drawable resource #0x108010c (android:drawable/btn_check_on_holo_light) that varies with configuration!!
W/Resources(   65): Preloaded drawable resource #0x108010b (android:drawable/btn_check_on_holo_dark) that varies with configuration!!
W/Resources(   65): Preloaded drawable resource #0x1080109 (android:drawable/btn_check_on_focused_holo_light) that varies with configuration!!
W/Resources(   65): Preloaded drawable resource #0x1080108 (android:drawable/btn_check_on_focused_holo_dark) that varies with configuration!!
W/Resources(   65): Preloaded drawable resource #0x1080107 (android:drawable/btn_check_on_disabled_holo_light) that varies with configuration!!
I/art     (   65): Explicit concurrent mark sweep GC freed 180(27KB) AllocSpace objects, 0(0B) LOS objects, 1930% free, 1580KB/2MB, paused 1.070ms total 98.956ms
W/Resources(   65): Preloaded drawable resource #0x1080106 (android:drawable/btn_check_on_disabled_holo_dark) that varies with configuration!!
W/Resources(   65): Preloaded drawable resource #0x1080105 (android:drawable/btn_check_on_disabled_focused_holo_light) that varies with configuration!!
W/Resources(   65): Preloaded drawable resource #0x1080104 (android:drawable/btn_check_on_disabled_focused_holo_dark) that varies with configuration!!
W/Resources(   65): Preloaded drawable resource #0x10800fc (android:drawable/btn_check_off_pressed_holo_light) that varies with configuration!!
W/Resources(   65): Preloaded drawable resource #0x10800fb (android:drawable/btn_check_off_pressed_holo_dark) that varies with configuration!!
W/Resources(   65): Preloaded drawable resource #0x10800f6 (android:drawable/btn_check_off_holo_light) that varies with configuration!!
W/Resources(   65): Preloaded drawable resource #0x10800f5 (android:drawable/btn_check_off_holo_dark) that varies with configuration!!
W/Resources(   65): Preloaded drawable resource #0x10800f3 (android:drawable/btn_check_off_focused_holo_light) that varies with configuration!!
W/Resources(   65): Preloaded drawable resource #0x10800f2 (android:drawable/btn_check_off_focused_holo_dark) that varies with configuration!!
W/Resources(   65): Preloaded drawable resource #0x10800f1 (android:drawable/btn_check_off_disabled_holo_light) that varies with configuration!!
W/Resources(   65): Preloaded drawable resource #0x10800f0 (android:drawable/btn_check_off_disabled_holo_dark) that varies with configuration!!
W/Resources(   65): Preloaded drawable resource #0x10800ef (android:drawable/btn_check_off_disabled_focused_holo_light) that varies with configuration!!
I/art     (   65): Explicit concurrent mark sweep GC freed 297(50KB) AllocSpace objects, 0(0B) LOS objects, 1921% free, 1578KB/2MB, paused 962us total 96.088ms
W/Resources(   65): Preloaded drawable resource #0x10800ee (android:drawable/btn_check_off_disabled_focused_holo_dark) that varies with configuration!!
W/Resources(   65): Preloaded drawable resource #0x108010c (android:drawable/btn_check_on_holo_light) that varies with configuration!!
W/Resources(   65): Preloaded drawable resource #0x10800f6 (android:drawable/btn_check_off_holo_light) that varies with configuration!!
W/Resources(   65): Preloaded drawable resource #0x1080110 (android:drawable/btn_check_on_pressed_holo_light) that varies with configuration!!
W/Resources(   65): Preloaded drawable resource #0x10800fc (android:drawable/btn_check_off_pressed_holo_light) that varies with configuration!!
W/Resources(   65): Preloaded drawable resource #0x1080109 (android:drawable/btn_check_on_focused_holo_light) that varies with configuration!!
W/Resources(   65): Preloaded drawable resource #0x10800f3 (android:drawable/btn_check_off_focused_holo_light) that varies with configuration!!
W/Resources(   65): Preloaded drawable resource #0x10800f6 (android:drawable/btn_check_off_holo_light) that varies with configuration!!
W/Resources(   65): Preloaded drawable resource #0x108010c (android:drawable/btn_check_on_holo_light) that varies with configuration!!
W/Resources(   65): Preloaded drawable resource #0x1080107 (android:drawable/btn_check_on_disabled_holo_light) that varies with configuration!!
W/Resources(   65): Preloaded drawable resource #0x10800f1 (android:drawable/btn_check_off_disabled_holo_light) that varies with configuration!!
W/Resources(   65): Preloaded drawable resource #0x1080105 (android:drawable/btn_check_on_disabled_focused_holo_light) that varies with configuration!!
W/Resources(   65): Preloaded drawable resource #0x10800ef (android:drawable/btn_check_off_disabled_focused_holo_light) that varies with configuration!!
W/Resources(   65): Preloaded drawable resource #0x10800f1 (android:drawable/btn_check_off_disabled_holo_light) that varies with configuration!!
W/Resources(   65): Preloaded drawable resource #0x1080107 (android:drawable/btn_check_on_disabled_holo_light) that varies with configuration!!
W/Resources(   65): Preloaded drawable resource #0x10800e4 (android:drawable/btn_check_holo_light) that varies with configuration!!
I/art     (   65): Explicit concurrent mark sweep GC freed 440(60KB) AllocSpace objects, 0(0B) LOS objects, 1918% free, 1581KB/2MB, paused 929us total 81.331ms
W/Resources(   65): Preloaded drawable resource #0x108010b (android:drawable/btn_check_on_holo_dark) that varies with configuration!!
W/Resources(   65): Preloaded drawable resource #0x10800f5 (android:drawable/btn_check_off_holo_dark) that varies with configuration!!
W/Resources(   65): Preloaded drawable resource #0x108010f (android:drawable/btn_check_on_pressed_holo_dark) that varies with configuration!!
W/Resources(   65): Preloaded drawable resource #0x10800fb (android:drawable/btn_check_off_pressed_holo_dark) that varies with configuration!!
W/Resources(   65): Preloaded drawable resource #0x1080108 (android:drawable/btn_check_on_focused_holo_dark) that varies with configuration!!
W/Resources(   65): Preloaded drawable resource #0x10800f2 (android:drawable/btn_check_off_focused_holo_dark) that varies with configuration!!
W/Resources(   65): Preloaded drawable resource #0x10800f5 (android:drawable/btn_check_off_holo_dark) that varies with configuration!!
W/Resources(   65): Preloaded drawable resource #0x108010b (android:drawable/btn_check_on_holo_dark) that varies with configuration!!
W/Resources(   65): Preloaded drawable resource #0x1080106 (android:drawable/btn_check_on_disabled_holo_dark) that varies with configuration!!
W/Resources(   65): Preloaded drawable resource #0x10800f0 (android:drawable/btn_check_off_disabled_holo_dark) that varies with configuration!!
W/Resources(   65): Preloaded drawable resource #0x1080104 (android:drawable/btn_check_on_disabled_focused_holo_dark) that varies with configuration!!
W/Resources(   65): Preloaded drawable resource #0x10800ee (android:drawable/btn_check_off_disabled_focused_holo_dark) that varies with configuration!!
W/Resources(   65): Preloaded drawable resource #0x10800f0 (android:drawable/btn_check_off_disabled_holo_dark) that varies with configuration!!
W/Resources(   65): Preloaded drawable resource #0x1080106 (android:drawable/btn_check_on_disabled_holo_dark) that varies with configuration!!
W/Resources(   65): Preloaded drawable resource #0x10800e3 (android:drawable/btn_check_holo_dark) that varies with configuration!!
I/art     (   65): Explicit concurrent mark sweep GC freed 442(58KB) AllocSpace objects, 0(0B) LOS objects, 1918% free, 1581KB/2MB, paused 1.029ms total 72.207ms
W/Resources(   65): Preloaded drawable resource #0x10801d4 (android:drawable/btn_radio_on_pressed_holo_light) that varies with configuration!!
W/Resources(   65): Preloaded drawable resource #0x10801d3 (android:drawable/btn_radio_on_pressed_holo_dark) that varies with configuration!!
W/Resources(   65): Preloaded drawable resource #0x10801d0 (android:drawable/btn_radio_on_holo_light) that varies with configuration!!
W/Resources(   65): Preloaded drawable resource #0x10801cf (android:drawable/btn_radio_on_holo_dark) that varies with configuration!!
W/Resources(   65): Preloaded drawable resource #0x10801cd (android:drawable/btn_radio_on_focused_holo_light) that varies with configuration!!
W/Resources(   65): Preloaded drawable resource #0x10801cc (android:drawable/btn_radio_on_focused_holo_dark) that varies with configuration!!
W/Resources(   65): Preloaded drawable resource #0x10801cb (android:drawable/btn_radio_on_disabled_holo_light) that varies with configuration!!
W/Resources(   65): Preloaded drawable resource #0x10801ca (android:drawable/btn_radio_on_disabled_holo_dark) that varies with configuration!!
W/Resources(   65): Preloaded drawable resource #0x10801c9 (android:drawable/btn_radio_on_disabled_focused_holo_light) that varies with configuration!!
W/Resources(   65): Preloaded drawable resource #0x10801c8 (android:drawable/btn_radio_on_disabled_focused_holo_dark) that varies with configuration!!
W/Resources(   65): Preloaded drawable resource #0x10801c4 (android:drawable/btn_radio_off_pressed_holo_light) that varies with configuration!!
W/Resources(   65): Preloaded drawable resource #0x10801c3 (android:drawable/btn_radio_off_pressed_holo_dark) that varies with configuration!!
I/art     (   65): Explicit concurrent mark sweep GC freed 335(48KB) AllocSpace objects, 0(0B) LOS objects, 1918% free, 1582KB/2MB, paused 991us total 90.463ms
W/Resources(   65): Preloaded drawable resource #0x10801c0 (android:drawable/btn_radio_off_holo_light) that varies with configuration!!
W/Resources(   65): Preloaded drawable resource #0x10801bf (android:drawable/btn_radio_off_holo_dark) that varies with configuration!!
W/Resources(   65): Preloaded drawable resource #0x10801bd (android:drawable/btn_radio_off_focused_holo_light) that varies with configuration!!
W/Resources(   65): Preloaded drawable resource #0x10801bc (android:drawable/btn_radio_off_focused_holo_dark) that varies with configuration!!
W/Resources(   65): Preloaded drawable resource #0x10801bb (android:drawable/btn_radio_off_disabled_holo_light) that varies with configuration!!
W/Resources(   65): Preloaded drawable resource #0x10801ba (android:drawable/btn_radio_off_disabled_holo_dark) that varies with configuration!!
W/Resources(   65): Preloaded drawable resource #0x10801b9 (android:drawable/btn_radio_off_disabled_focused_holo_light) that varies with configuration!!
W/Resources(   65): Preloaded drawable resource #0x10801b8 (android:drawable/btn_radio_off_disabled_focused_holo_dark) that varies with configuration!!
W/Resources(   65): Preloaded drawable resource #0x1080152 (android:drawable/btn_default_pressed_holo_light) that varies with configuration!!
W/Resources(   65): Preloaded drawable resource #0x1080151 (android:drawable/btn_default_pressed_holo_dark) that varies with configuration!!
W/Resources(   65): Preloaded drawable resource #0x108014e (android:drawable/btn_default_normal_holo_light) that varies with configuration!!
W/Resources(   65): Preloaded drawable resource #0x108014d (android:drawable/btn_default_normal_holo_dark) that varies with configuration!!
W/Resources(   65): Preloaded drawable resource #0x1080145 (android:drawable/btn_default_focused_holo_light) that varies with configuration!!
I/art     (   65): Explicit concurrent mark sweep GC freed 337(39KB) AllocSpace objects, 0(0B) LOS objects, 1917% free, 1595KB/2MB, paused 952us total 69.549ms
W/Resources(   65): Preloaded drawable resource #0x1080144 (android:drawable/btn_default_focused_holo_dark) that varies with configuration!!
W/Resources(   65): Preloaded drawable resource #0x1080142 (android:drawable/btn_default_disabled_holo_light) that varies with configuration!!
W/Resources(   65): Preloaded drawable resource #0x1080141 (android:drawable/btn_default_disabled_holo_dark) that varies with configuration!!
W/Resources(   65): Preloaded drawable resource #0x108013f (android:drawable/btn_default_disabled_focused_holo_light) that varies with configuration!!
W/Resources(   65): Preloaded drawable resource #0x108013e (android:drawable/btn_default_disabled_focused_holo_dark) that varies with configuration!!
W/Resources(   65): Preloaded drawable resource #0x108014d (android:drawable/btn_default_normal_holo_dark) that varies with configuration!!
W/Resources(   65): Preloaded drawable resource #0x1080141 (android:drawable/btn_default_disabled_holo_dark) that varies with configuration!!
W/Resources(   65): Preloaded drawable resource #0x1080151 (android:drawable/btn_default_pressed_holo_dark) that varies with configuration!!
W/Resources(   65): Preloaded drawable resource #0x1080144 (android:drawable/btn_default_focused_holo_dark) that varies with configuration!!
W/Resources(   65): Preloaded drawable resource #0x108014d (android:drawable/btn_default_normal_holo_dark) that varies with configuration!!
W/Resources(   65): Preloaded drawable resource #0x108013e (android:drawable/btn_default_disabled_focused_holo_dark) that varies with configuration!!
W/Resources(   65): Preloaded drawable resource #0x1080141 (android:drawable/btn_default_disabled_holo_dark) that varies with configuration!!
W/Resources(   65): Preloaded drawable resource #0x1080146 (android:drawable/btn_default_holo_dark) that varies with configuration!!
W/Resources(   65): Preloaded drawable resource #0x108014e (android:drawable/btn_default_normal_holo_light) that varies with configuration!!
W/Resources(   65): Preloaded drawable resource #0x1080142 (android:drawable/btn_default_disabled_holo_light) that varies with configuration!!
W/Resources(   65): Preloaded drawable resource #0x1080152 (android:drawable/btn_default_pressed_holo_light) that varies with configuration!!
V/NatController(   52): runCmd(/system/bin/iptables -F natctrl_FORWARD) res=0
W/Resources(   65): Preloaded drawable resource #0x1080145 (android:drawable/btn_default_focused_holo_light) that varies with configuration!!
W/Resources(   65): Preloaded drawable resource #0x108014e (android:drawable/btn_default_normal_holo_light) that varies with configuration!!
W/Resources(   65): Preloaded drawable resource #0x108013f (android:drawable/btn_default_disabled_focused_holo_light) that varies with configuration!!
W/Resources(   65): Preloaded drawable resource #0x1080142 (android:drawable/btn_default_disabled_holo_light) that varies with configuration!!
W/Resources(   65): Preloaded drawable resource #0x1080147 (android:drawable/btn_default_holo_light) that varies with configuration!!
I/art     (   65): Explicit concurrent mark sweep GC freed 563(43KB) AllocSpace objects, 0(0B) LOS objects, 1907% free, 1627KB/2MB, paused 931us total 84.133ms
V/NatController(   52): runCmd(/system/bin/iptables -A natctrl_FORWARD -j DROP) res=0
W/Resources(   65): Preloaded drawable resource #0x1080235 (android:drawable/btn_star_off_normal_holo_light) that varies with configuration!!
W/Resources(   65): Preloaded drawable resource #0x108023f (android:drawable/btn_star_on_normal_holo_light) that varies with configuration!!
W/Resources(   65): Preloaded drawable resource #0x108023b (android:drawable/btn_star_on_disabled_holo_light) that varies with configuration!!
W/Resources(   65): Preloaded drawable resource #0x1080231 (android:drawable/btn_star_off_disabled_holo_light) that varies with configuration!!
W/Resources(   65): Preloaded drawable resource #0x1080241 (android:drawable/btn_star_on_pressed_holo_light) that varies with configuration!!
W/Resources(   65): Preloaded drawable resource #0x1080237 (android:drawable/btn_star_off_pressed_holo_light) that varies with configuration!!
W/Resources(   65): Preloaded drawable resource #0x108023d (android:drawable/btn_star_on_focused_holo_light) that varies with configuration!!
W/Resources(   65): Preloaded drawable resource #0x1080233 (android:drawable/btn_star_off_focused_holo_light) that varies with configuration!!
W/Resources(   65): Preloaded drawable resource #0x1080239 (android:drawable/btn_star_on_disabled_focused_holo_light) that varies with configuration!!
W/Resources(   65): Preloaded drawable resource #0x108022f (android:drawable/btn_star_off_disabled_focused_holo_light) that varies with configuration!!
W/Resources(   65): Preloaded drawable resource #0x1080235 (android:drawable/btn_star_off_normal_holo_light) that varies with configuration!!
W/Resources(   65): Preloaded drawable resource #0x108023f (android:drawable/btn_star_on_normal_holo_light) that varies with configuration!!
W/Resources(   65): Preloaded drawable resource #0x108023b (android:drawable/btn_star_on_disabled_holo_light) that varies with configuration!!
V/NatController(   52): runCmd(/system/bin/iptables -t nat -F natctrl_nat_POSTROUTING) res=0
E/logwrapper(  282): executing /system/bin/ip failed: No such file or directory
V/NatController(   52): runCmd(/system/bin/ip rule flush) res=255
E/logwrapper(  283): executing /system/bin/ip failed: No such file or directory
W/Resources(   65): Preloaded drawable resource #0x1080231 (android:drawable/btn_star_off_disabled_holo_light) that varies with configuration!!
W/Resources(   65): Preloaded drawable resource #0x1080241 (android:drawable/btn_star_on_pressed_holo_light) that varies with configuration!!
W/Resources(   65): Preloaded drawable resource #0x1080237 (android:drawable/btn_star_off_pressed_holo_light) that varies with configuration!!
V/NatController(   52): runCmd(/system/bin/ip -6 rule flush) res=255
W/Resources(   65): Preloaded drawable resource #0x108023d (android:drawable/btn_star_on_focused_holo_light) that varies with configuration!!
W/Resources(   65): Preloaded drawable resource #0x1080233 (android:drawable/btn_star_off_focused_holo_light) that varies with configuration!!
E/logwrapper(  284): executing /system/bin/ip failed: No such file or directory
V/NatController(   52): runCmd(/system/bin/ip rule add from all lookup default prio 32767) res=255
E/logwrapper(  285): executing /system/bin/ip failed: No such file or directory
W/Resources(   65): Preloaded drawable resource #0x1080239 (android:drawable/btn_star_on_disabled_focused_holo_light) that varies with configuration!!
W/Resources(   65): Preloaded drawable resource #0x108023b (android:drawable/btn_star_on_disabled_holo_light) that varies with configuration!!
V/NatController(   52): runCmd(/system/bin/ip rule add from all lookup main prio 32766) res=255
E/logwrapper(  286): executing /system/bin/ip failed: No such file or directory
V/NatController(   52): runCmd(/system/bin/ip -6 rule add from all lookup default prio 32767) res=255
E/logwrapper(  287): executing /system/bin/ip failed: No such file or directory
W/Resources(   65): Preloaded drawable resource #0x108022f (android:drawable/btn_star_off_disabled_focused_holo_light) that varies with configuration!!
W/Resources(   65): Preloaded drawable resource #0x1080231 (android:drawable/btn_star_off_disabled_holo_light) that varies with configuration!!
W/Resources(   65): Preloaded drawable resource #0x1080235 (android:drawable/btn_star_off_normal_holo_light) that varies with configuration!!
V/NatController(   52): runCmd(/system/bin/ip -6 rule add from all lookup main prio 32766) res=255
E/logwrapper(  288): executing /system/bin/ip failed: No such file or directory
V/NatController(   52): runCmd(/system/bin/ip route flush cache) res=255
W/Resources(   65): Preloaded drawable resource #0x108023f (android:drawable/btn_star_on_normal_holo_light) that varies with configuration!!
W/Resources(   65): Preloaded drawable resource #0x108022a (android:drawable/btn_star_holo_light) that varies with configuration!!
I/art     (   65): Explicit concurrent mark sweep GC freed 748(135KB) AllocSpace objects, 0(0B) LOS objects, 1037% free, 1592KB/4MB, paused 980us total 85.359ms
W/Resources(   65): Preloaded drawable resource #0x1080234 (android:drawable/btn_star_off_normal_holo_dark) that varies with configuration!!
W/Resources(   65): Preloaded drawable resource #0x108023e (android:drawable/btn_star_on_normal_holo_dark) that varies with configuration!!
W/Resources(   65): Preloaded drawable resource #0x108023a (android:drawable/btn_star_on_disabled_holo_dark) that varies with configuration!!
W/Resources(   65): Preloaded drawable resource #0x1080230 (android:drawable/btn_star_off_disabled_holo_dark) that varies with configuration!!
V/NatController(   52): runCmd(/system/bin/iptables -F natctrl_tether_counters) res=1
W/Resources(   65): Preloaded drawable resource #0x1080240 (android:drawable/btn_star_on_pressed_holo_dark) that varies with configuration!!
W/Resources(   65): Preloaded drawable resource #0x1080236 (android:drawable/btn_star_off_pressed_holo_dark) that varies with configuration!!
W/Resources(   65): Preloaded drawable resource #0x108023c (android:drawable/btn_star_on_focused_holo_dark) that varies with configuration!!
W/Resources(   65): Preloaded drawable resource #0x1080232 (android:drawable/btn_star_off_focused_holo_dark) that varies with configuration!!
W/Resources(   65): Preloaded drawable resource #0x1080238 (android:drawable/btn_star_on_disabled_focused_holo_dark) that varies with configuration!!
W/Resources(   65): Preloaded drawable resource #0x108022e (android:drawable/btn_star_off_disabled_focused_holo_dark) that varies with configuration!!
W/Resources(   65): Preloaded drawable resource #0x1080234 (android:drawable/btn_star_off_normal_holo_dark) that varies with configuration!!
W/Resources(   65): Preloaded drawable resource #0x108023e (android:drawable/btn_star_on_normal_holo_dark) that varies with configuration!!
V/NatController(   52): runCmd(/system/bin/iptables -X natctrl_tether_counters) res=1
W/Resources(   65): Preloaded drawable resource #0x108023a (android:drawable/btn_star_on_disabled_holo_dark) that varies with configuration!!
W/Resources(   65): Preloaded drawable resource #0x1080230 (android:drawable/btn_star_off_disabled_holo_dark) that varies with configuration!!
W/Resources(   65): Preloaded drawable resource #0x1080240 (android:drawable/btn_star_on_pressed_holo_dark) that varies with configuration!!
W/Resources(   65): Preloaded drawable resource #0x1080236 (android:drawable/btn_star_off_pressed_holo_dark) that varies with configuration!!
W/Resources(   65): Preloaded drawable resource #0x108023c (android:drawable/btn_star_on_focused_holo_dark) that varies with configuration!!
W/Resources(   65): Preloaded drawable resource #0x1080232 (android:drawable/btn_star_off_focused_holo_dark) that varies with configuration!!
W/Resources(   65): Preloaded drawable resource #0x1080238 (android:drawable/btn_star_on_disabled_focused_holo_dark) that varies with configuration!!
W/Resources(   65): Preloaded drawable resource #0x108023a (android:drawable/btn_star_on_disabled_holo_dark) that varies with configuration!!
W/Resources(   65): Preloaded drawable resource #0x108022e (android:drawable/btn_star_off_disabled_focused_holo_dark) that varies with configuration!!
W/Resources(   65): Preloaded drawable resource #0x1080230 (android:drawable/btn_star_off_disabled_holo_dark) that varies with configuration!!
W/Resources(   65): Preloaded drawable resource #0x1080234 (android:drawable/btn_star_off_normal_holo_dark) that varies with configuration!!
W/Resources(   65): Preloaded drawable resource #0x108023e (android:drawable/btn_star_on_normal_holo_dark) that varies with configuration!!
W/Resources(   65): Preloaded drawable resource #0x1080229 (android:drawable/btn_star_holo_dark) that varies with configuration!!
V/NatController(   52): runCmd(/system/bin/iptables -N natctrl_tether_counters) res=0
I/art     (   65): Explicit concurrent mark sweep GC freed 705(97KB) AllocSpace objects, 0(0B) LOS objects, 1037% free, 1594KB/4MB, paused 996us total 68.933ms
W/Resources(   65): Preloaded drawable resource #0x108027c (android:drawable/btn_toggle_on_pressed_holo_light) that varies with configuration!!
W/Resources(   65): Preloaded drawable resource #0x108027b (android:drawable/btn_toggle_on_pressed_holo_dark) that varies with configuration!!
W/Resources(   65): Preloaded drawable resource #0x108027a (android:drawable/btn_toggle_on_normal_holo_light) that varies with configuration!!
W/Resources(   65): Preloaded drawable resource #0x1080279 (android:drawable/btn_toggle_on_normal_holo_dark) that varies with configuration!!
W/Resources(   65): Preloaded drawable resource #0x1080278 (android:drawable/btn_toggle_on_focused_holo_light) that varies with configuration!!
W/Resources(   65): Preloaded drawable resource #0x1080277 (android:drawable/btn_toggle_on_focused_holo_dark) that varies with configuration!!
W/Resources(   65): Preloaded drawable resource #0x1080276 (android:drawable/btn_toggle_on_disabled_holo_light) that varies with configuration!!
W/Resources(   65): Preloaded drawable resource #0x1080275 (android:drawable/btn_toggle_on_disabled_holo_dark) that varies with configuration!!
W/Resources(   65): Preloaded drawable resource #0x1080274 (android:drawable/btn_toggle_on_disabled_focused_holo_light) that varies with configuration!!
W/Resources(   65): Preloaded drawable resource #0x1080273 (android:drawable/btn_toggle_on_disabled_focused_holo_dark) that varies with configuration!!
W/Resources(   65): Preloaded drawable resource #0x1080271 (android:drawable/btn_toggle_off_pressed_holo_light) that varies with configuration!!
W/Resources(   65): Preloaded drawable resource #0x1080270 (android:drawable/btn_toggle_off_pressed_holo_dark) that varies with configuration!!
W/Resources(   65): Preloaded drawable resource #0x108026f (android:drawable/btn_toggle_off_normal_holo_light) that varies with configuration!!
I/art     (   65): Explicit concurrent mark sweep GC freed 422(25KB) AllocSpace objects, 0(0B) LOS objects, 1036% free, 1620KB/4MB, paused 1.243ms total 55.823ms
W/Resources(   65): Preloaded drawable resource #0x108026e (android:drawable/btn_toggle_off_normal_holo_dark) that varies with configuration!!
W/Resources(   65): Preloaded drawable resource #0x108026d (android:drawable/btn_toggle_off_focused_holo_light) that varies with configuration!!
W/Resources(   65): Preloaded drawable resource #0x108026c (android:drawable/btn_toggle_off_focused_holo_dark) that varies with configuration!!
W/Resources(   65): Preloaded drawable resource #0x108026b (android:drawable/btn_toggle_off_disabled_holo_light) that varies with configuration!!
W/Resources(   65): Preloaded drawable resource #0x108026a (android:drawable/btn_toggle_off_disabled_holo_dark) that varies with configuration!!
W/Resources(   65): Preloaded drawable resource #0x1080269 (android:drawable/btn_toggle_off_disabled_focused_holo_light) that varies with configuration!!
W/Resources(   65): Preloaded drawable resource #0x1080268 (android:drawable/btn_toggle_off_disabled_focused_holo_dark) that varies with configuration!!
W/Resources(   65): Preloaded drawable resource #0x108027a (android:drawable/btn_toggle_on_normal_holo_light) that varies with configuration!!
W/Resources(   65): Preloaded drawable resource #0x1080276 (android:drawable/btn_toggle_on_disabled_holo_light) that varies with configuration!!
W/Resources(   65): Preloaded drawable resource #0x108027c (android:drawable/btn_toggle_on_pressed_holo_light) that varies with configuration!!
W/Resources(   65): Preloaded drawable resource #0x1080278 (android:drawable/btn_toggle_on_focused_holo_light) that varies with configuration!!
W/Resources(   65): Preloaded drawable resource #0x108027a (android:drawable/btn_toggle_on_normal_holo_light) that varies with configuration!!
W/Resources(   65): Preloaded drawable resource #0x1080274 (android:drawable/btn_toggle_on_disabled_focused_holo_light) that varies with configuration!!
W/Resources(   65): Preloaded drawable resource #0x1080276 (android:drawable/btn_toggle_on_disabled_holo_light) that varies with configuration!!
W/Resources(   65): Preloaded drawable resource #0x108026f (android:drawable/btn_toggle_off_normal_holo_light) that varies with configuration!!
W/Resources(   65): Preloaded drawable resource #0x108026b (android:drawable/btn_toggle_off_disabled_holo_light) that varies with configuration!!
W/Resources(   65): Preloaded drawable resource #0x1080271 (android:drawable/btn_toggle_off_pressed_holo_light) that varies with configuration!!
W/Resources(   65): Preloaded drawable resource #0x108026d (android:drawable/btn_toggle_off_focused_holo_light) that varies with configuration!!
W/Resources(   65): Preloaded drawable resource #0x108026f (android:drawable/btn_toggle_off_normal_holo_light) that varies with configuration!!
W/Resources(   65): Preloaded drawable resource #0x1080269 (android:drawable/btn_toggle_off_disabled_focused_holo_light) that varies with configuration!!
W/Resources(   65): Preloaded drawable resource #0x108026b (android:drawable/btn_toggle_off_disabled_holo_light) that varies with configuration!!
W/Resources(   65): Preloaded drawable resource #0x1080263 (android:drawable/btn_toggle_holo_light) that varies with configuration!!
I/art     (   65): Explicit concurrent mark sweep GC freed 618(62KB) AllocSpace objects, 0(0B) LOS objects, 1036% free, 1641KB/4MB, paused 999us total 104.321ms
W/Resources(   65): Preloaded drawable resource #0x1080279 (android:drawable/btn_toggle_on_normal_holo_dark) that varies with configuration!!
W/Resources(   65): Preloaded drawable resource #0x1080275 (android:drawable/btn_toggle_on_disabled_holo_dark) that varies with configuration!!
W/Resources(   65): Preloaded drawable resource #0x108027b (android:drawable/btn_toggle_on_pressed_holo_dark) that varies with configuration!!
W/Resources(   65): Preloaded drawable resource #0x1080277 (android:drawable/btn_toggle_on_focused_holo_dark) that varies with configuration!!
W/Resources(   65): Preloaded drawable resource #0x1080279 (android:drawable/btn_toggle_on_normal_holo_dark) that varies with configuration!!
