I/PackageManager(  354):   Category: "android.intent.category.DEFAULT"
I/PackageManager(  354):   Scheme: "mmsto"
I/am_create_service(  354): [0,998431405,.TelephonyDebugService,1001,562]
D/ActivityThread(  640): Loading provider com.google.android.gsf.gservices: com.google.android.gsf.gservices.GservicesProvider
I/GservicesProvider(  640): Gservices pushing to system: true; secure/global: true
E/BluetoothAdapter(  562): Bluetooth binder is null
I/am_proc_bound(  354): [0,675,android.process.acore]
I/backup_data_changed(  354): android
I/backup_data_changed(  354): android
I/backup_data_changed(  354): android
I/backup_data_changed(  354): android
I/backup_data_changed(  354): android
I/backup_data_changed(  354): android
I/backup_data_changed(  354): android
I/backup_data_changed(  354): android
I/art     (  562): Background sticky concurrent mark sweep GC freed 1709(104KB) AllocSpace objects, 0(0B) LOS objects, 1186% free, 1267KB/3MB, paused 6.533ms total 409.610ms
E/BluetoothAdapter(  562): Bluetooth binder is null
I/art     (  424): Background sticky concurrent mark sweep GC freed 2319(118KB) AllocSpace objects, 0(0B) LOS objects, 1106% free, 1808KB/4MB, paused 1.635ms total 115.405ms
I/boot_progress_enable_screen(  354): 66255
I/screen_toggled(  354): 1
V/KeyguardServiceDelegate(  354): onScreenTurnedOn(showListener = com.android.internal.policy.impl.PhoneWindowManager$2@3816a792)
D/CallNotifier(  562): CallNotifier: mSignalInfoToneGenerator created when toneplay
E/BluetoothAdapter(  562): Bluetooth binder is null
I/Telephony(  562): TelephonyGlobals: Default phone: Handler (com.android.internal.telephony.PhoneProxy) {25550945}.
I/Telephony(  562): TelephonyGlobals: Registering the GSM listener.
I/Telephony(  562): IncomingCallNotifier: Registering: Handler (com.android.internal.telephony.gsm.GSMPhone) {8ee3466}
I/Telephony(  562): TelephonyGlobals: Registering the CDMA listener.
I/gsm_service_state_change(  562): [1,1,3,3]
I/GoogleHttpClient(  640): GMS http client unavailable, use old client
W/WindowManager(  354): Timeout waiting for drawn: undrawn=[]
D/TelephonyNetworkFactory(  562): got request NetworkRequest [ id=1, legacyType=-1, [ Capabilities: INTERNET&NOT_RESTRICTED] ] with score 0
D/TelephonyNetworkFactory(  562):   my score=50, my filter=[ Transports: CELLULAR Capabilities: MMS&SUPL&DUN&FOTA&IMS&CBS&IA&RCS&XCAP&EIMS&INTERNET&NOT_RESTRICTED]
D/TelephonyNetworkFactory(  562): Cellular needs Network for NetworkRequest [ id=1, legacyType=-1, [ Capabilities: INTERNET&NOT_RESTRICTED] ]
I/art     (  562): Background sticky concurrent mark sweep GC freed 1586(125KB) AllocSpace objects, 2(32KB) LOS objects, 1157% free, 1406KB/4MB, paused 9.641ms total 1.389063s
I/GservicesProvider(  640): Gservices pushing to system: true; secure/global: true
D/TelephonyDebugService(  562): TelephonyDebugService()
I/art     (  424): Background sticky concurrent mark sweep GC freed 36(7KB) AllocSpace objects, 0(0B) LOS objects, 1090% free, 1926KB/4MB, paused 73.721ms total 261.797ms
I/art     (  675): Background sticky concurrent mark sweep GC freed 3135(150KB) AllocSpace objects, 0(0B) LOS objects, 1335% free, 813KB/3MB, paused 2.287ms total 1.471116s
I/notification_cancel(  354): [1001,562,com.android.phone,5,NULL,0,0,64,8,NULL]
I/notification_cancel(  354): [1001,562,com.android.phone,6,NULL,0,0,64,8,NULL]
I/art     (  562): Background sticky concurrent mark sweep GC freed 53(3KB) AllocSpace objects, 0(0B) LOS objects, 1157% free, 1418KB/4MB, paused 3.636ms total 394.957ms
I/art     (  675): Background partial concurrent mark sweep GC freed 2253(124KB) AllocSpace objects, 2(32KB) LOS objects, 1329% free, 875KB/3MB, paused 49.633ms total 461.626ms
I/art     (  424): Background partial concurrent mark sweep GC freed 645(60KB) AllocSpace objects, 0(0B) LOS objects, 1077% free, 1970KB/4MB, paused 16.613ms total 771.943ms
I/art     (  640): Heap transition to ProcessStateJankImperceptible took 345.471344ms saved at least 91KB
D/WifiService(  354): New client listening to asynchronous messages
I/art     (  675): Background sticky concurrent mark sweep GC freed 148(11KB) AllocSpace objects, 0(0B) LOS objects, 1325% free, 887KB/3MB, paused 1.545ms total 183.518ms
I/art     (  562): Background partial concurrent mark sweep GC freed 992(99KB) AllocSpace objects, 0(0B) LOS objects, 1146% free, 1506KB/4MB, paused 53.064ms total 644.977ms
E/BluetoothAdapter(  424): Bluetooth binder is null
E/BluetoothAdapter(  424): Bluetooth binder is null
E/BluetoothAdapter(  424): Bluetooth binder is null
I/gsm_service_state_change(  562): [3,3,0,0]
I/art     (  579): Background sticky concurrent mark sweep GC freed 1222(144KB) AllocSpace objects, 0(0B) LOS objects, 1233% free, 1090KB/3MB, paused 40.327ms total 1.293852s
D/MccTable(  562): updateMccMncConfiguration: mcc=310, mnc=260
D/MccTable(  562): getLocaleFromMcc to en_us mcc=310
D/MccTable(  562): getLocaleForLanguageCountry: skipping already persisted
D/MccTable(  562): getLocaleForLanguageCountry: X locale=null
D/MccTable(  562): WIFI_COUNTRY_CODE set to us
D/WifiService(  354): New client listening to asynchronous messages
I/WifiService(  354): WifiService trying to set country code to us with persist set to true
I/art     (  505): WaitForGcToComplete blocked for 273.705346ms for cause DisableMovingGc
I/art     (  505): WaitForGcToComplete blocked for 14.278959ms for cause HeapTrim
D/AlarmManagerService(  354): Kernel timezone updated to 240 minutes west of GMT
I/art     (  579): Background partial concurrent mark sweep GC freed 315(29KB) AllocSpace objects, 0(0B) LOS objects, 1232% free, 1142KB/3MB, paused 157.512ms total 454.434ms
E/StrictMode(  640): A resource was acquired at attached stack trace but never released. See java.io.Closeable for information on avoiding resource leaks.
E/StrictMode(  640): java.lang.Throwable: Explicit termination method 'close' not called
E/StrictMode(  640): 	at dalvik.system.CloseGuard.open(CloseGuard.java:184)
E/StrictMode(  640): 	at android.database.sqlite.SQLiteDatabase.openInner(SQLiteDatabase.java:807)
E/StrictMode(  640): 	at android.database.sqlite.SQLiteDatabase.open(SQLiteDatabase.java:791)
E/StrictMode(  640): 	at android.database.sqlite.SQLiteDatabase.openDatabase(SQLiteDatabase.java:694)
E/StrictMode(  640): 	at android.app.ContextImpl.openOrCreateDatabase(ContextImpl.java:1071)
E/StrictMode(  640): 	at android.content.ContextWrapper.openOrCreateDatabase(ContextWrapper.java:257)
E/StrictMode(  640): 	at android.database.sqlite.SQLiteOpenHelper.getDatabaseLocked(SQLiteOpenHelper.java:223)
E/StrictMode(  640): 	at android.database.sqlite.SQLiteOpenHelper.getWritableDatabase(SQLiteOpenHelper.java:163)
E/StrictMode(  640): 	at com.google.android.gsf.gservices.GservicesProvider.computeLocalDigestAndUpdateValues(GservicesProvider.java:393)
E/StrictMode(  640): 	at com.google.android.gsf.gservices.GservicesProvider.onCreate(GservicesProvider.java:173)
E/StrictMode(  640): 	at android.content.ContentProvider.attachInfo(ContentProvider.java:1622)
E/StrictMode(  640): 	at android.content.ContentProvider.attachInfo(ContentProvider.java:1593)
E/StrictMode(  640): 	at android.app.ActivityThread.installProvider(ActivityThread.java:4843)
E/StrictMode(  640): 	at android.app.ActivityThread.installContentProviders(ActivityThread.java:4438)
E/StrictMode(  640): 	at android.app.ActivityThread.handleBindApplication(ActivityThread.java:4378)
E/StrictMode(  640): 	at android.app.ActivityThread.access$1500(ActivityThread.java:143)
E/StrictMode(  640): 	at android.app.ActivityThread$H.handleMessage(ActivityThread.java:1317)
E/StrictMode(  640): 	at android.os.Handler.dispatchMessage(Handler.java:102)
E/StrictMode(  640): 	at android.os.Looper.loop(Looper.java:135)
E/StrictMode(  640): 	at android.app.ActivityThread.main(ActivityThread.java:5070)
E/StrictMode(  640): 	at java.lang.reflect.Method.invoke(Native Method)
E/StrictMode(  640): 	at java.lang.reflect.Method.invoke(Method.java:372)
E/StrictMode(  640): 	at com.android.internal.os.ZygoteInit$MethodAndArgsCaller.run(ZygoteInit.java:836)
E/StrictMode(  640): 	at com.android.internal.os.ZygoteInit.main(ZygoteInit.java:631)
D/PhoneStatusBar(  424): disable: < expand icons alerts system_info back home recent clock search >
I/notification_cancel(  354): [1001,562,com.android.phone,7,NULL,0,0,64,8,NULL]
W/art     (  524): Verification of ajz kqh.a() took 196.748048ms
D/MccTable(  562): updateMccMncConfiguration: mcc=310, mnc=260
D/MccTable(  562): getLocaleFromMcc to en_us mcc=310
D/MccTable(  562): getLocaleForLanguageCountry: skipping already persisted
D/MccTable(  562): getLocaleForLanguageCountry: X locale=null
D/MccTable(  562): updateMccMncConfiguration updateConfig config={1.0 310mcc260mnc ?locale ?layoutDir ?swdp ?wdp ?hdp ?density ?lsize ?long ?orien ?uimode ?night ?touch ?keyb/?/? ?nav/?}
I/configuration_changed(  354): 3
I/ActivityManager(  354): Config changes=3 {1.0 310mcc260mnc en_US ldltr sw320dp w320dp h460dp 120dpi nrml port finger qwerty/v/v -nav/h s.5}
I/art     (  562): Background sticky concurrent mark sweep GC freed 3771(253KB) AllocSpace objects, 0(0B) LOS objects, 1133% free, 1663KB/4MB, paused 1.652ms total 249.192ms
W/art     (  524): Verification of void kyv.onSetRequest(com.android.location.provider.ProviderRequestUnbundled, android.os.WorkSource) took 213.956015ms
W/art     (  524): Verification of void kyw.<init>(kyv) took 102.462612ms
D/PermissionCache(   55): checking android.permission.READ_FRAME_BUFFER for uid=1000 => granted (818 us)
D/gralloc (   55): Registering a buffer in the process that created it. This may cause memory ordering problems.
E/libEGL  (   55): called unimplemented OpenGL ES API
E/libEGL  (   55): called unimplemented OpenGL ES API
E/libEGL  (   55): called unimplemented OpenGL ES API
E/libEGL  (   55): called unimplemented OpenGL ES API
E/SurfaceFlinger(   55): glCheckFramebufferStatusOES error 1572133588
E/SurfaceFlinger(   55): got GL_FRAMEBUFFER_COMPLETE_OES error while taking screenshot
E/libEGL  (   55): called unimplemented OpenGL ES API
E/libEGL  (   55): called unimplemented OpenGL ES API
I/am_relaunch_resume_activity(  354): [0,354286270,1,com.android.launcher/com.android.launcher2.Launcher]
I/AppWidgetServiceImpl(  354): u=0: Got onConfigurationChanged()
I/art     (  424): Background sticky concurrent mark sweep GC freed 2929(179KB) AllocSpace objects, 0(0B) LOS objects, 1029% free, 2MB/4MB, paused 1.437ms total 353.462ms
W/art     (  524): Verification of void kzt.<init>(android.content.Context) took 201.598935ms
I/AppWidgetServiceImpl(  354): u=0: cancelBroadcasts for Provider{ComponentInfo{com.android.deskclock/com.android.alarmclock.AnalogAppWidgetProvider}}
W/ActivityManager(  354): Timeout executing service: ServiceRecord{30fa5708 u0 com.android.systemui/.ImageWallpaper}
I/am_anr  (  354): [0,424,com.android.systemui,1086864909,Executing service com.android.systemui/.ImageWallpaper]
I/AppWidgetServiceImpl(  354): u=0: cancelBroadcasts for Provider{ComponentInfo{com.android.deskclock/com.android.alarmclock.AnalogAppWidgetProvider}}
E/BluetoothAdapter(  424): Bluetooth binder is null
I/Process (  354): Sending signal. PID: 424 SIG: 3
I/art     (  424): Thread[2,tid=425,WaitingInMainSignalCatcherLoop,Thread*=0xb87bfa78,peer=0x78699080,"Signal Catcher"]: reacting to signal 3
I/AppWidgetServiceImpl(  354): u=0: cancelBroadcasts for Provider{ComponentInfo{com.android.settings/com.android.settings.widget.SettingsAppWidgetProvider}}
I/notification_cancel(  354): [1001,562,com.android.phone,5,NULL,0,0,64,8,NULL]
I/notification_cancel(  354): [1001,562,com.android.phone,6,NULL,0,0,64,8,NULL]
W/art     (  524): Verification of void kzm.<init>(android.content.Context, android.os.Looper, android.location.LocationManager, laj, android.hardware.SensorManager, kyu, lar, nnp, lai) took 349.865923ms
I/Process (  354): Sending signal. PID: 354 SIG: 3
I/art     (  354): Thread[2,tid=363,WaitingInMainSignalCatcherLoop,Thread*=0xb86a33f8,peer=0x7869b080,"Signal Catcher"]: reacting to signal 3
W/art     (  524): Verification of void kzm.a(android.location.Location, nqu) took 225.301690ms
I/art     (  424): Wrote stack traces to '/data/anr/traces.txt'
W/ResourcesManager(  536): Asset path '/system/framework/com.android.media.remotedisplay.jar' does not exist or contains no resources.
W/ResourcesManager(  536): Asset path '/system/framework/com.android.location.provider.jar' does not exist or contains no resources.
I/art     (  536): Heap transition to ProcessStateJankImperceptible took 9.043844458s saved at least 75KB
I/LatinIME:LogUtils(  505): Dictionary info: dictionary = main:en ; version = 45 ; date = 1400639659
I/ContactLocale(  675): AddressBook Labels [en-US]: [, A, B, C, D, E, F, G, H, I, J, K, L, M, N, O, P, Q, R, S, T, U, V, W, X, Y, Z, , , , , , , , , , , , , , , , , , , , , , , , , , , , , , , , , , , , , , , , , , , , , , , , , , , , , , , , , , , , , , , , , , , , , , , , , , , , , , , , , , , , , , , , , , , , , , , , , , , , , , , , , , , , , , , , , , , , , , , , , , , , , , , , , , , , , , , , , , , , , , , , , , , , , , , , , , , , , , , , , , , , , , , , , , , , , , , , , , , , , , , , , , , , #, ]
I/Process (  354): Sending signal. PID: 562 SIG: 3
I/art     (  562): Thread[2,tid=574,WaitingInMainSignalCatcherLoop,Thread*=0xb8695058,peer=0x78699080,"Signal Catcher"]: reacting to signal 3
I/art     (  354): Wrote stack traces to '/data/anr/traces.txt'
I/am_destroy_service(  354): [0,174354893,619]
I/Process (  354): Sending signal. PID: 554 SIG: 3
I/art     (  554): Thread[2,tid=567,WaitingInMainSignalCatcherLoop,Thread*=0xb8695058,peer=0x78699080,"Signal Catcher"]: reacting to signal 3
W/WindowManager(  354): App freeze timeout expired.
W/WindowManager(  354): Force clearing freeze: AppWindowToken{ff5e881 token=Token{d1dd71f ActivityRecord{151dfabe u0 com.android.launcher/com.android.launcher2.Launcher t1}}}
I/WindowManager(  354): Screen frozen for +11s275ms due to AppWindowToken{ff5e881 token=Token{d1dd71f ActivityRecord{151dfabe u0 com.android.launcher/com.android.launcher2.Launcher t1}}}
I/art     (  354): Background partial concurrent mark sweep GC freed 10493(1059KB) AllocSpace objects, 14(682KB) LOS objects, 348% free, 7MB/11MB, paused 11.588ms total 2.299918s
D/PhoneStatusBar(  424): heads up is enabled
I/am_destroy_service(  354): [0,557515978,524]
I/art     (  554): Wrote stack traces to '/data/anr/traces.txt'
I/am_create_service(  354): [0,684213682,.GoogleLocationService,10007,524]
I/Choreographer(  354): Skipped 588 frames!  The application may be doing too much work on its main thread.
I/Choreographer(  354): Skipped 313 frames!  The application may be doing too much work on its main thread.
I/PowerUI.Notification(  424): dismissing low battery warning: level=50
I/PowerUI.Notification(  424): dismissing low battery notification
D/PowerUI.Notification(  424): updateNotification mWarning=false mSaver=false mInvalidCharger=false
I/PowerUI.Notification(  424): dismissing low battery warning: level=50
I/PowerUI.Notification(  424): dismissing low battery notification
D/PowerUI.Notification(  424): updateNotification mWarning=false mSaver=false mInvalidCharger=false
D/PhoneStatusBar(  424): disable: < expand icons alerts system_info back HOME* RECENT* clock SEARCH* >
I/notification_cancel(  354): [10013,424,com.android.systemui,100,low_battery,0,0,64,8,NULL]
I/notification_cancel(  354): [10013,424,com.android.systemui,100,low_battery,0,0,64,8,NULL]
I/notification_panel_revealed(  354): []
D/PhoneStatusBar(  424): disable: < expand ICONS* alerts SYSTEM_INFO* back HOME RECENT clock SEARCH >
I/art     (  579): Background sticky concurrent mark sweep GC freed 1766(144KB) AllocSpace objects, 0(0B) LOS objects, 1180% free, 1406KB/3MB, paused 2.167ms total 371.516ms
I/backup_data_changed(  354): android
I/art     (  354): Explicit concurrent mark sweep GC freed 8098(622KB) AllocSpace objects, 2(32KB) LOS objects, 347% free, 7MB/11MB, paused 25.810ms total 1.309014s
I/art     (  524): WaitForGcToComplete blocked for 141.349248ms for cause HeapTrim
I/art     (  424): Background sticky concurrent mark sweep GC freed 1207(77KB) AllocSpace objects, 0(0B) LOS objects, 1009% free, 2MB/4MB, paused 7.262ms total 508.559ms
I/art     (  424): Background partial concurrent mark sweep GC freed 1336(188KB) AllocSpace objects, 0(0B) LOS objects, 697% free, 2MB/6MB, paused 20.095ms total 508.908ms
I/am_create_service(  354): [0,131549427,.NetworkLocationService,10007,524]
I/art     (  354): Explicit concurrent mark sweep GC freed 7478(330KB) AllocSpace objects, 0(0B) LOS objects, 347% free, 7MB/11MB, paused 5.797ms total 582.312ms
I/am_destroy_service(  354): [0,533907003,524]
I/am_on_resume_called(  579): [0,com.android.launcher2.Launcher]
I/Process (  354): Sending signal. PID: 524 SIG: 3
I/art     (  524): Thread[2,tid=530,WaitingInMainSignalCatcherLoop,Thread*=0xb87bfa78,peer=0xb1d6a640,"Signal Catcher"]: reacting to signal 3
I/Process (  354): Sending signal. PID: 579 SIG: 3
I/art     (  579): Thread[2,tid=589,WaitingInMainSignalCatcherLoop,Thread*=0xb87bfa78,peer=0x78699080,"Signal Catcher"]: reacting to signal 3
I/Process (  354): Sending signal. PID: 505 SIG: 3
I/Process (  354): Sending signal. PID: 619 SIG: 3
I/art     (  505): Thread[2,tid=511,WaitingInMainSignalCatcherLoop,Thread*=0xb87bfa78,peer=0xb1d6a6c0,"Signal Catcher"]: reacting to signal 3
I/art     (  619): Thread[2,tid=626,WaitingInMainSignalCatcherLoop,Thread*=0xb87bfa78,peer=0xb356a178,"Signal Catcher"]: reacting to signal 3
E/ActivityManager(  354): ANR in com.android.systemui
E/ActivityManager(  354): PID: 424
E/ActivityManager(  354): Reason: Executing service com.android.systemui/.ImageWallpaper
E/ActivityManager(  354): Load: 6.22 / 1.84 / 0.64
E/ActivityManager(  354): CPU usage from 2696ms to -19536ms ago:
E/ActivityManager(  354):   44% 354/system_server: 26% user + 17% kernel / faults: 5242 minor 1 major
E/ActivityManager(  354):   12% 562/com.android.phone: 6.6% user + 5.5% kernel / faults: 1491 minor
E/ActivityManager(  354):   10% 55/surfaceflinger: 6.5% user + 3.7% kernel / faults: 506 minor
E/ActivityManager(  354):   9.2% 424/com.android.systemui: 6.2% user + 2.9% kernel / faults: 1648 minor 3 major
E/ActivityManager(  354):   5.5% 524/com.google.process.location: 4.3% user + 1.2% kernel / faults: 2075 minor 15 major
E/ActivityManager(  354):   1.3% 53/debuggerd: 0.5% user + 0.7% kernel / faults: 1630 minor
E/ActivityManager(  354):   3.6% 579/com.android.launcher: 3.1% user + 0.5% kernel / faults: 1921 minor
E/ActivityManager(  354):   2.7% 99/bootanimation: 1.9% user + 0.7% kernel
E/ActivityManager(  354):   1.8% 26/mtdblock1: 0% user + 1.8% kernel
E/ActivityManager(  354):   1.3% 675/zygote: 1.1% user + 0.2% kernel / faults: 342 minor 59 major
E/ActivityManager(  354):   1.3% 640/com.google.process.gapps: 0.9% user + 0.3% kernel / faults: 603 minor
E/ActivityManager(  354):   1.2% 505/com.android.inputmethod.latin: 0.9% user + 0.3% kernel / faults: 182 minor
E/ActivityManager(  354):   0.7% 554/com.android.telecomm: 0.3% user + 0.3% kernel / faults: 566 minor
E/ActivityManager(  354):   0.4% 42/logd: 0.1% user + 0.3% kernel / faults: 17 minor
E/ActivityManager(  354):   0.4% 536/com.google.android.gms: 0.1% user + 0.2% kernel / faults: 810 minor
E/ActivityManager(  354):   0.2% 54/rild: 0.1% user + 0.1% kernel / faults: 1 minor
E/ActivityManager(  354):   0.1% 619/com.android.printspooler: 0.1% user + 0% kernel / faults: 233 minor
E/ActivityManager(  354):   0% 25/mtdblock0: 0% user + 0% kernel
E/ActivityManager(  354):   0% 45/servicemanager: 0% user + 0% kernel
E/ActivityManager(  354):   0% 44/lmkd: 0% user + 0% kernel / faults: 2 minor
E/ActivityManager(  354):   0% 167/kworker/0:2: 0% user + 0% kernel
E/ActivityManager(  354): 100% TOTAL: 62% user + 37% kernel
E/ActivityManager(  354): CPU usage from 17557ms to 18254ms later:
E/ActivityManager(  354):   48% 562/com.android.phone: 17% user + 30% kernel / faults: 204 minor
E/ActivityManager(  354):     48% 574/Signal Catcher: 18% user + 29% kernel
E/ActivityManager(  354):   19% 354/system_server: 10% user + 8.9% kernel / faults: 3 minor
E/ActivityManager(  354):     12% 383/ActivityManager: 5.1% user + 7.6% kernel
E/ActivityManager(  354):     2.5% 639/Binder_6: 2.5% user + 0% kernel
E/ActivityManager(  354):     2.5% 713/Binder_A: 1.2% user + 1.2% kernel
E/ActivityManager(  354):     1.2% 382/android.bg: 1.2% user + 0% kernel
E/ActivityManager(  354):     1.2% 457/Binder_4: 1.2% user + 0% kernel
E/ActivityManager(  354):     1.2% 681/Binder_7: 1.2% user + 0% kernel
E/ActivityManager(  354):   10% 55/surfaceflinger: 5.3% user + 5.3% kernel / faults: 16 minor
E/ActivityManager(  354):     8% 55/surfaceflinger: 6.6% user + 1.3% kernel
E/ActivityManager(  354):     2.6% 85/Binder_1: 0% user + 2.6% kernel
E/ActivityManager(  354):   2.6% 524/com.google.process.location: 1.7% user + 0.8% kernel / faults: 63 minor 3 major
E/ActivityManager(  354):     3.1% 524/rocess.location: 2.6% user + 0.4% kernel
E/ActivityManager(  354):   2% 579/com.android.launcher: 2% user + 0% kernel / faults: 162 minor
E/ActivityManager(  354):     2% 579/ndroid.launcher: 1.5% user + 0.5% kernel
E/ActivityManager(  354):   2.5% 99/bootanimation: 1.2% user + 1.2% kernel
E/ActivityManager(  354):     2.5% 106/BootAnimation: 1.2% user + 1.2% kernel
E/ActivityManager(  354):   0.4% 505/com.android.inputmethod.latin: 0.4% user + 0% kernel / faults: 1 minor
E/ActivityManager(  354):     0.4% 505/putmethod.latin: 0.4% user + 0% kernel
E/ActivityManager(  354):   0.5% 619/com.android.printspooler: 0.5% user + 0% kernel / faults: 8 minor
E/ActivityManager(  354):     0.5% 631/HeapTrimmerDaem: 0.5% user + 0% kernel
E/ActivityManager(  354): 100% TOTAL: 51% user + 48% kernel
I/art     (  562): Wrote stack traces to '/data/anr/traces.txt'
W/art     (  524): Verification of boolean com.google.android.location.os.real.SdkSpecific17.d() took 1.646442335s
I/art     (  524): Wrote stack traces to '/data/anr/traces.txt'
I/art     (  562): Background partial concurrent mark sweep GC freed 1166(126KB) AllocSpace objects, 0(0B) LOS objects, 1129% free, 1769KB/4MB, paused 3.961ms total 276.728ms
I/MultiDex(  536): install
I/MultiDex(  536): MultiDexExtractor.load(/system/priv-app/PrebuiltGmsCore.apk, false)
I/am_create_service(  354): [0,712257454,.FusedLocationService,10007,524]
I/ActivityManager(  354): Killing 424:com.android.systemui/u0a13 (adj -12): background ANR
I/am_kill (  354): [0,424,com.android.systemui,-12,background ANR]
W/BroadcastQueue(  354): Timeout of broadcast BroadcastRecord{f30e36b u-1 android.intent.action.TIME_TICK} - receiver=android.os.BinderProxy@2e394bb1, started 22724ms ago
W/BroadcastQueue(  354): Receiver during timeout: BroadcastFilter{8e69c17 u0 ReceiverList{1f5b5896 424 com.android.systemui/10013/u0 remote:2e394bb1}}
I/am_broadcast_discard_filter(  354): [0,254862187,android.intent.action.TIME_TICK,1,149330967]
I/ActivityManager(  354): Skipping duplicate ANR: ProcessRecord{223cbfe9 424:com.android.systemui/u0a13} Broadcast of Intent { act=android.intent.action.TIME_TICK flg=0x50000014 (has extras) }
I/art     (  579): Wrote stack traces to '/data/anr/traces.txt'
I/art     (  562): Background sticky concurrent mark sweep GC freed 542(58KB) AllocSpace objects, 0(0B) LOS objects, 1118% free, 1868KB/4MB, paused 2.099ms total 136.786ms
I/am_on_paused_called(  579): [0,com.android.launcher2.Launcher]
I/auditd  (  703): type=1400 audit(0.0:13): avc:  denied  { 0x10 } for  comm="Binder_9" capability=36  scontext=u:r:system_server:s0 tcontext=u:r:system_server:s0 tclass=capability2
I/notification_cancel(  354): [1001,562,com.android.phone,7,NULL,0,0,64,8,NULL]
W/Launcher.Model(  579): LoaderTask running with no launcher (loadAllAppsByBatch)
I/am_destroy_service(  354): [0,298226008,524]
D/DcNetworkAgent(  562): NetworkAgent: Registering NetworkAgent
I/art     (  562): Background partial concurrent mark sweep GC freed 3864(570KB) AllocSpace objects, 2(32KB) LOS objects, 755% free, 1735KB/6MB, paused 12.170ms total 174.575ms
I/art     (  536): WaitForGcToComplete blocked for 33.877941ms for cause HeapTrim
I/MultiDex(  536): loading existing secondary dex files
I/MultiDex(  536): load found 1 secondary dex files
W/AudioService(  354): Current remote volume controller died, unregistering
I/am_proc_died(  354): [0,424,com.android.systemui]
I/StatusBarManagerService(  354): binder died for pkg=com.android.systemui
W/VolumeController(  354): Error calling dismiss
W/VolumeController(  354): android.os.DeadObjectException
W/VolumeController(  354): 	at android.os.BinderProxy.transact(Native Method)
W/VolumeController(  354): 	at android.media.IVolumeController$Stub$Proxy.dismiss(IVolumeController.java:241)
W/VolumeController(  354): 	at android.media.VolumeController.postDismiss(VolumeController.java:130)
W/VolumeController(  354): 	at android.media.AudioService.setVolumeController(AudioService.java:4748)
W/VolumeController(  354): 	at android.media.AudioService$3.binderDied(AudioService.java:4757)
W/VolumeController(  354): 	at android.os.BinderProxy.sendDeathNotice(Binder.java:493)
V/KeyguardServiceDelegate(  354): *** Keyguard disconnected (boo!)
I/am_destroy_service(  354): [0,766243740,-1]
D/WifiService(  354): Client connection lost with reason: 4
D/NotificationListeners(  354): binderDied
D/NotificationListeners(  354): removeServiceImpl service=android.service.notification.INotificationListener$Stub$Proxy@2b91df74 u=-1
D/NotificationListeners(  354): Removing active service ComponentInfo{com.android.systemui/com.android.systemui.statusbar.phone.PhoneStatusBar}
W/WallpaperManagerService(  354): Wallpaper service gone: ComponentInfo{com.android.systemui/com.android.systemui.ImageWallpaper}
W/ActivityManager(  354): Scheduling restart of crashed service com.android.systemui/.keyguard.KeyguardService in 0ms
W/KeyguardServiceWrapper(  354): Remote Exception
W/KeyguardServiceWrapper(  354): android.os.DeadObjectException
W/KeyguardServiceWrapper(  354): 	at android.os.BinderProxy.transact(Native Method)
W/KeyguardServiceWrapper(  354): 	at com.android.internal.policy.IKeyguardService$Stub$Proxy.setOccluded(IKeyguardService.java:369)
W/KeyguardServiceWrapper(  354): 	at com.android.internal.policy.impl.keyguard.KeyguardServiceWrapper.setOccluded(KeyguardServiceWrapper.java:106)
W/KeyguardServiceWrapper(  354): 	at com.android.internal.policy.impl.keyguard.KeyguardServiceDelegate.setOccluded(KeyguardServiceDelegate.java:180)
W/KeyguardServiceWrapper(  354): 	at com.android.internal.policy.impl.PhoneWindowManager.finishPostLayoutPolicyLw(PhoneWindowManager.java:3735)
W/KeyguardServiceWrapper(  354): 	at com.android.server.wm.WindowManagerService.performLayoutAndPlaceSurfacesLockedInner(WindowManagerService.java:9214)
W/KeyguardServiceWrapper(  354): 	at com.android.server.wm.WindowManagerService.performLayoutAndPlaceSurfacesLockedLoop(WindowManagerService.java:8355)
W/KeyguardServiceWrapper(  354): 	at com.android.server.wm.WindowManagerService.performLayoutAndPlaceSurfacesLocked(WindowManagerService.java:8297)
W/KeyguardServiceWrapper(  354): 	at com.android.server.wm.WindowManagerService.removeWindowInnerLocked(WindowManagerService.java:2628)
W/KeyguardServiceWrapper(  354): 	at com.android.server.wm.WindowManagerService.removeWindowLocked(WindowManagerService.java:2521)
W/KeyguardServiceWrapper(  354): 	at com.android.server.wm.WindowManagerService.removeWindow(WindowManagerService.java:2446)
W/KeyguardServiceWrapper(  354): 	at com.android.server.wm.Session.remove(Session.java:186)
W/KeyguardServiceWrapper(  354): 	at android.view.IWindowSession$Stub.onTransact(IWindowSession.java:197)
W/KeyguardServiceWrapper(  354): 	at com.android.server.wm.Session.onTransact(Session.java:130)
W/KeyguardServiceWrapper(  354): 	at android.os.Binder.execTransact(Binder.java:404)
I/am_schedule_service_restart(  354): [0,com.android.systemui/.keyguard.KeyguardService,0]
W/ActivityManager(  354): Scheduling restart of crashed service com.android.systemui/.ImageWallpaper in 0ms
I/am_schedule_service_restart(  354): [0,com.android.systemui/.ImageWallpaper,0]
W/ActivityManager(  354): Scheduling restart of crashed service com.android.systemui/.SystemUIService in 0ms
I/am_schedule_service_restart(  354): [0,com.android.systemui/.SystemUIService,0]
I/am_broadcast_discard_filter(  354): [0,254862187,android.intent.action.TIME_TICK,2,340210573]
I/WindowState(  354): WIN DEATH: Window{3c2e1903 u0 Heads Up}
I/art     (   65): Background concurrent mark sweep GC freed 782(32KB) AllocSpace objects, 0(0B) LOS objects, 1374% free, 442KB/3MB, paused 11.141ms total 98.214ms
I/am_proc_start(  354): [0,744,10013,com.android.systemui,restart,com.android.systemui]
I/ActivityManager(  354): Start proc com.android.systemui for restart com.android.systemui: pid=744 uid=10013 gids={50013, 1028, 1015, 1035, 3002, 3001}
W/art     (  524): Verification of void llb.<init>(android.content.Context, lhy, lld, boolean) took 103.809300ms
I/MultiDex(  536): install done
I/WindowState(  354): WIN DEATH: Window{2e7261fa u0 StatusBar}
I/WindowState(  354): WIN DEATH: Window{26b43f87 u0 SearchPanel}
W/InputDispatcher(  354): channel '236f5add NavigationBar (server)' ~ Consumer closed input channel or an error occurred.  events=0x9
E/InputDispatcher(  354): channel '236f5add NavigationBar (server)' ~ Channel is unrecoverably broken and will be disposed!
D/ConnectivityService(  354): registerNetworkAgent NetworkAgentInfo{ ni{[type: Cellular[UMTS], state: CONNECTED/CONNECTED, reason: connected, extra: epc.tmobile.com, roaming: false, failover: false, isAvailable: true, isConnectedToProvisioningNetwork: false]}  network{android.net.Network@6e}  lp{{InterfaceName: eth0 LinkAddresses: [10.0.2.15/32,]  Routes: [0.0.0.0/0 -> 10.0.2.2 eth0,] DnsAddresses: [10.0.2.3,] Domains: null MTU: 0}}  nc{[ Transports: CELLULAR Capabilities: MMS&SUPL&FOTA&IMS&CBS&IA&INTERNET&NOT_RESTRICTED LinkUpBandwidth>=384Kbps LinkDnBandwidth>=384Kbps]}  Score{50} }
D/ConnectivityService(  354): Got NetworkAgent Messenger
D/ConnectivityService(  354): NetworkAgentInfo [Cellular (UMTS)] EVENT_NETWORK_INFO_CHANGED, going from null to CONNECTED
I/WindowState(  354): WIN DEATH: Window{236f5add u0 NavigationBar}
W/InputDispatcher(  354): Attempted to unregister already unregistered input channel '236f5add NavigationBar (server)'
W/WindowManager(  354): ***** BOOT TIMEOUT: forcing display enabled
I/SurfaceFlinger(   55): Boot is finished (92827 ms)
I/sf_frame_dur(   55): [BootAnimation,0,0,0,0,8,45,980]
E/logwrapper(  760): executing /system/bin/ip failed: No such file or directory
E/NetworkController(   52): failed to add interface eth0 to netId 10
I/Choreographer(  354): Skipped 207 frames!  The application may be doing too much work on its main thread.
I/am_proc_bound(  354): [0,744,com.android.systemui]
I/am_create_service(  354): [0,1002229825,.KeyguardService,10013,744]
E/ConnectivityService(  354): Exception adding interface: java.lang.IllegalStateException: command '8 network addiface 10 eth0' failed with '400 8 addInterfaceToNetwork() failed (Success)'
E/ConnectivityService(  354): Unexpected mtu value: 0, eth0
I/am_create_service(  354): [0,821712648,.ImageWallpaper,10013,744]
I/am_create_service(  354): [0,169781734,.SystemUIService,10013,744]
E/NetworkController(   52): netId 10 has no such interface eth0
E/ConnectivityService(  354): Exception in addRoute for gateway: java.lang.IllegalStateException: command '9 network route add 10 eth0 0.0.0.0/0 10.0.2.2' failed with '400 9 addRoute() failed (No such file or directory)'
D/Nat464Xlat(  354): requiresClat: netType=0, hasIPv4Address=true
D/ConnectivityService(  354): notifyType 524289 for NetworkAgentInfo [Cellular (UMTS)]
D/NetworkMonitorNetworkAgentInfo [Cellular (UMTS)](  354): OfflineState{ when=-1ms what=532481 target=com.android.internal.util.StateMachine$SmHandler }
D/NetworkMonitorNetworkAgentInfo [Cellular (UMTS)](  354): DefaultState{ when=-2ms what=532481 target=com.android.internal.util.StateMachine$SmHandler }
D/NetworkMonitorNetworkAgentInfo [Cellular (UMTS)](  354): Connected
D/NetworkMonitorNetworkAgentInfo [Cellular (UMTS)](  354): EvaluatingState{ when=-1ms what=532487 arg1=1 target=com.android.internal.util.StateMachine$SmHandler }
D/ConnectivityService(  354): NetworkAgent connected
I/notification_cancel(  354): [1001,562,com.android.phone,7,NULL,0,0,64,8,NULL]
D/DcNetworkAgent(  562): NetworkAgent: NetworkAgent fully connected
D/NetworkMonitorNetworkAgentInfo [Cellular (UMTS)](  354): Validated
D/ConnectivityService(  354): handleConnectionValidated for NetworkAgentInfo [Cellular (UMTS)]
D/ConnectivityService(  354):  new Network has: [ Transports: CELLULAR Capabilities: MMS&SUPL&FOTA&IMS&CBS&IA&INTERNET&NOT_RESTRICTED LinkUpBandwidth>=384Kbps LinkDnBandwidth>=384Kbps]
D/ConnectivityService(  354):   checking if request is satisfied: NetworkRequest [ id=1, legacyType=-1, [ Capabilities: INTERNET&NOT_RESTRICTED] ]
D/ConnectivityService(  354): currentScore = 0, newScore = 50
D/ConnectivityService(  354):    accepting network in place of null
D/ConnectivityService(  354): sending new Min Network Score(50): NetworkRequest [ id=1, legacyType=-1, [ Capabilities: INTERNET&NOT_RESTRICTED] ]
D/ConnectivityService(  354): Adding agent NetworkAgentInfo{ ni{[type: Cellular[UMTS], state: CONNECTED/CONNECTED, reason: connected, extra: epc.tmobile.com, roaming: false, failover: false, isAvailable: true, isConnectedToProvisioningNetwork: false]}  network{android.net.Network@6e}  lp{{InterfaceName: eth0 LinkAddresses: [10.0.2.15/32,]  Routes: [0.0.0.0/0 -> 10.0.2.2 eth0,] DnsAddresses: [10.0.2.3,] Domains: null MTU: 0}}  nc{[ Transports: CELLULAR Capabilities: MMS&SUPL&FOTA&IMS&CBS&IA&INTERNET&NOT_RESTRICTED LinkUpBandwidth>=384Kbps LinkDnBandwidth>=384Kbps]}  Score{50} } for legacy network type 0
D/ConnectivityService(  354): Sending connected broadcast for type 0isDefaultNetwork=true
D/ConnectivityService(  354): sendStickyBroadcast: action=android.net.conn.CONNECTIVITY_CHANGE_IMMEDIATE
D/TelephonyNetworkFactory(  562): got request NetworkRequest [ id=1, legacyType=-1, [ Capabilities: INTERNET&NOT_RESTRICTED] ] with score 50
D/TelephonyNetworkFactory(  562):   my score=50, my filter=[ Transports: CELLULAR Capabilities: MMS&SUPL&DUN&FOTA&IMS&CBS&IA&RCS&XCAP&EIMS&INTERNET&NOT_RESTRICTED]
D/NetworkMonitorNetworkAgentInfo [Cellular (UMTS)](  354): ValidatedState{ when=-60ms what=532488 arg1=1 arg2=204 target=com.android.internal.util.StateMachine$SmHandler }
D/NetworkMonitorNetworkAgentInfo [Cellular (UMTS)](  354): DefaultState{ when=-61ms what=532488 arg1=1 arg2=204 target=com.android.internal.util.StateMachine$SmHandler }
D/ConnectivityService(  354): sendStickyBroadcastDelayed: delayMs=3000, action=android.net.conn.CONNECTIVITY_CHANGE
D/ConnectivityService(  354): Switching to new default network: NetworkAgentInfo{ ni{[type: Cellular[UMTS], state: CONNECTED/CONNECTED, reason: connected, extra: epc.tmobile.com, roaming: false, failover: false, isAvailable: true, isConnectedToProvisioningNetwork: false]}  network{android.net.Network@6e}  lp{{InterfaceName: eth0 LinkAddresses: [10.0.2.15/32,]  Routes: [0.0.0.0/0 -> 10.0.2.2 eth0,] DnsAddresses: [10.0.2.3,] Domains: null MTU: 0}}  nc{[ Transports: CELLULAR Capabilities: MMS&SUPL&FOTA&IMS&CBS&IA&INTERNET&NOT_RESTRICTED LinkUpBandwidth>=384Kbps LinkDnBandwidth>=384Kbps]}  Score{50} }
V/GmsNetworkLocationProvi(  524): DISABLE
V/IdletimerController(   52): runCmd(/system/bin/ip6tables -t raw -A idletimer_raw_PREROUTING -i eth0 -j IDLETIMER --timeout 5 --label 0 --send_nl_msg 1) res_ipv4=0, res_ipv6=0
I/netstats_mobile_sample(  354): [0,0,0,0,0,0,0,0,0,0,0,0,-1]
I/netstats_wifi_sample(  354): [0,0,0,0,0,0,0,0,0,0,0,0,-1]
V/IdletimerController(   52): runCmd(/system/bin/ip6tables -t mangle -A idletimer_mangle_POSTROUTING -o eth0 -j IDLETIMER --timeout 5 --label 0 --send_nl_msg 1) res_ipv4=0, res_ipv6=0
D/ConnectivityService(  354): notifyType 524290 for NetworkAgentInfo [Cellular (UMTS)]
D/ConnectivityService(  354):  sending notification for NetworkRequest [ id=1, legacyType=-1, [ Capabilities: INTERNET&NOT_RESTRICTED] ]
I/art     (  354): Background sticky concurrent mark sweep GC freed 4489(503KB) AllocSpace objects, 8(1100KB) LOS objects, 342% free, 7MB/11MB, paused 110.903ms total 708.305ms
I/art     (  579): Background partial concurrent mark sweep GC freed 1854(107KB) AllocSpace objects, 0(0B) LOS objects, 1176% free, 1465KB/3MB, paused 63.490ms total 225.926ms
V/SystemUIService(  744): Starting SystemUI services.
I/am_create_service(  354): [0,733345545,.GeocodeService,10007,524]
I/art     (  744): Background sticky concurrent mark sweep GC freed 1986(106KB) AllocSpace objects, 0(0B) LOS objects, 1317% free, 776KB/3MB, paused 25.418ms total 488.716ms
I/am_destroy_service(  354): [0,684213682,524]
E/NetdConnector(  354): NDC Command {14 bandwidth setiquota eth0 9223372036854775807} took too long (1597ms)
I/art     (  744): Background partial concurrent mark sweep GC freed 741(124KB) AllocSpace objects, 0(0B) LOS objects, 1311% free, 836KB/3MB, paused 5.957ms total 111.888ms
I/am_create_service(  354): [0,68328812,.RecentsService,10013,744]
D/VolumeUI(  744): Registering volume controller
I/art     (  744): Background sticky concurrent mark sweep GC freed 2780(246KB) AllocSpace objects, 0(0B) LOS objects, 1268% free, 1044KB/3MB, paused 6.536ms total 177.550ms
D/ConnectivityService(  354): sendStickyBroadcast: action=android.net.conn.CONNECTIVITY_CHANGE
D/Tethering(  354): MasterInitialState.processMessage what=3
D/JobScheduler.Conn(  354): Received connectivity event: android.net.conn.CONNECTIVITY_CHANGE u0
D/CaptivePortalTracker(  354): NoActiveNetworkState{ when=-1ms what=1 obj=[type: Cellular[UMTS], state: CONNECTED/CONNECTED, reason: connected, extra: epc.tmobile.com, roaming: false, failover: false, isAvailable: true, isConnectedToProvisioningNetwork: false] target=com.android.internal.util.StateMachine$SmHandler }
D/CaptivePortalTracker(  354): NoActiveNetworkState not a wifi connectivity change, ignore
I/art     (  744): Background sticky concurrent mark sweep GC freed 103(7KB) AllocSpace objects, 0(0B) LOS objects, 1266% free, 1064KB/3MB, paused 32.346ms total 124.881ms
D/PowerUI.Notification(  744): updateNotification mWarning=false mSaver=false mInvalidCharger=false
I/notification_cancel(  354): [10013,744,com.android.systemui,100,low_battery,0,0,64,8,NULL]
D/PowerUI.Notification(  744): updateNotification mWarning=false mSaver=false mInvalidCharger=false
I/notification_cancel(  354): [10013,744,com.android.systemui,100,low_battery,0,0,64,8,NULL]
V/KeyguardServiceDelegate(  354): *** Keyguard connected (yay!)
I/backup_data_changed(  354): android
I/art     (  744): Background partial concurrent mark sweep GC freed 1609(153KB) AllocSpace objects, 1(28KB) LOS objects, 1241% free, 1088KB/3MB, paused 1.909ms total 110.671ms
I/StatusBarManagerService(  354): registerStatusBar bar=com.android.internal.statusbar.IStatusBar$Stub$Proxy@c643fa5
I/art     (  744): Background sticky concurrent mark sweep GC freed 1601(212KB) AllocSpace objects, 0(0B) LOS objects, 1177% free, 1365KB/3MB, paused 6.101ms total 92.011ms
I/art     (  744): Background partial concurrent mark sweep GC freed 1736(84KB) AllocSpace objects, 0(0B) LOS objects, 1167% free, 1489KB/3MB, paused 5.148ms total 127.267ms
I/art     (  744): Background partial concurrent mark sweep GC freed 2491(135KB) AllocSpace objects, 0(0B) LOS objects, 1101% free, 1827KB/4MB, paused 2.793ms total 101.742ms
D/WifiService(  354): New client listening to asynchronous messages
E/BluetoothAdapter(  744): Bluetooth binder is null
E/BluetoothAdapter(  744): Bluetooth binder is null
E/BluetoothAdapter(  744): Bluetooth binder is null
E/NetlinkEvent(   52): NetlinkEvent::FindParam(): Parameter 'TIME_NS' not found
D/PhoneStatusBar(  744): disable: < EXPAND* icons alerts system_info BACK* HOME* RECENT* clock SEARCH* >
E/BluetoothAdapter(  744): Bluetooth binder is null
D/PhoneStatusBar(  744): heads up is enabled
I/PowerUI.Notification(  744): dismissing low battery warning: level=50
I/PowerUI.Notification(  744): dismissing low battery notification
D/PowerUI.Notification(  744): updateNotification mWarning=false mSaver=false mInvalidCharger=false
I/notification_cancel(  354): [10013,744,com.android.systemui,100,low_battery,0,0,64,8,NULL]
I/art     (  744): Background partial concurrent mark sweep GC freed 769(63KB) AllocSpace objects, 0(0B) LOS objects, 1022% free, 2MB/4MB, paused 1.512ms total 219.752ms
I/notification_panel_revealed(  354): []
D/PhoneStatusBar(  744): disable: < EXPAND ICONS* alerts SYSTEM_INFO* BACK HOME RECENT clock SEARCH >
I/art     (  744): Background partial concurrent mark sweep GC freed 670(75KB) AllocSpace objects, 0(0B) LOS objects, 315% free, 8MB/12MB, paused 11.535ms total 161.776ms
D/gralloc_goldfish(  744): Emulator without GPU emulation detected.
I/Choreographer(  744): Skipped 2134 frames!  The application may be doing too much work on its main thread.
D/WifiService(  354): New client listening to asynchronous messages
D/PhoneStatusBar(  744): disable: < EXPAND ICONS alerts SYSTEM_INFO BACK HOME RECENT clock SEARCH >
I/Choreographer(  744): Skipped 810 frames!  The application may be doing too much work on its main thread.
V/KeyguardServiceDelegate(  354): **** SHOWN CALLED ****
D/PhoneStatusBar(  744): disable: < expand* ICONS alerts SYSTEM_INFO BACK HOME RECENT clock SEARCH >
I/Choreographer(  354): Skipped 32 frames!  The application may be doing too much work on its main thread.
I/Choreographer(  744): Skipped 326 frames!  The application may be doing too much work on its main thread.
I/Choreographer(  354): Skipped 38 frames!  The application may be doing too much work on its main thread.
I/Choreographer(  354): Skipped 38 frames!  The application may be doing too much work on its main thread.
I/Choreographer(  354): Skipped 39 frames!  The application may be doing too much work on its main thread.
I/Choreographer(  354): Skipped 39 frames!  The application may be doing too much work on its main thread.
I/Choreographer(  354): Skipped 41 frames!  The application may be doing too much work on its main thread.
I/Choreographer(  744): Skipped 799 frames!  The application may be doing too much work on its main thread.
I/art     (  619): Heap transition to ProcessStateJankImperceptible took 15.907778737s saved at least 205KB
I/art     (  744): Background partial concurrent mark sweep GC freed 876(72KB) AllocSpace objects, 2(5MB) LOS objects, 439% free, 5MB/9MB, paused 1.439ms total 169.614ms
I/am_on_resume_called(  579): [0,com.android.launcher2.Launcher]
D/Launcher.Model(  579): Reload apps on config change. curr_mcc:310 prevmcc:0
I/Choreographer(  579): Skipped 16161 frames!  The application may be doing too much work on its main thread.
I/art     (  619): Wrote stack traces to '/data/anr/traces.txt'
D/gralloc_goldfish(  579): Emulator without GPU emulation detected.
I/am_activity_launch_time(  354): [0,354286270,com.android.launcher/com.android.launcher2.Launcher,52391,52391]
I/ActivityManager(  354): Displayed com.android.launcher/com.android.launcher2.Launcher: +52s391ms
I/Choreographer(  579): Skipped 79 frames!  The application may be doing too much work on its main thread.
I/AppWidgetServiceImpl(  354): u=0: getAppWidgetViews id=2
I/art     (  579): Background partial concurrent mark sweep GC freed 1448(120KB) AllocSpace objects, 0(0B) LOS objects, 1047% free, 2MB/4MB, paused 11.545ms total 122.268ms
I/Choreographer(  579): Skipped 325 frames!  The application may be doing too much work on its main thread.
I/AppWidgetServiceImpl(  354): u=0: getAppWidgetViews id=1
I/Choreographer(  579): Skipped 99 frames!  The application may be doing too much work on its main thread.
I/art     (  505): Wrote stack traces to '/data/anr/traces.txt'
I/GCoreUlr(  524): Starting service, intent=Intent { act=com.google.android.location.reporting.ACTION_UPDATE_WORLD cmp=com.google.android.gms/com.google.android.location.reporting.service.DispatchingService (has extras) }, extras=Bundle[{receiverAction=android.location.PROVIDERS_CHANGED}]
I/am_create_service(  354): [0,246126992,.DispatchingService,10007,524]
I/am_proc_start(  354): [0,806,1000,com.android.settings,broadcast,com.android.settings/.widget.SettingsAppWidgetProvider]
I/ActivityManager(  354): Start proc com.android.settings for broadcast com.android.settings/.widget.SettingsAppWidgetProvider: pid=806 uid=1000 gids={41000, 1028, 1015, 3002, 3001, 3003}
I/am_proc_bound(  354): [0,806,com.android.settings]
I/GCoreUlr(  524): DispatchingService.onCreate()
D/WifiService(  354): New client listening to asynchronous messages
E/BluetoothAdapter(  806): Bluetooth binder is null
W/art     (  524): Verification of void kyx.<init>(android.content.Context, kyu, lzm, android.app.AlarmManager, lar) took 151.481668ms
I/art     (  640): WaitForGcToComplete blocked for 6.820664ms for cause HeapTrim
W/ResourcesManager(  640): Asset path '/system/framework/com.android.media.remotedisplay.jar' does not exist or contains no resources.
W/ResourcesManager(  640): Asset path '/system/framework/com.android.location.provider.jar' does not exist or contains no resources.
I/MultiDex(  640): install
I/MultiDex(  640): MultiDexExtractor.load(/system/priv-app/PrebuiltGmsCore.apk, false)
I/MultiDex(  640): loading existing secondary dex files
I/MultiDex(  640): load found 1 secondary dex files
I/MultiDex(  640): install done
D/GCM     (  640): COMPAT: Multi user not supported
I/am_create_service(  354): [0,15831538,.GcmService,10007,640]
I/am_create_service(  354): [0,343871555,.InitializeIntentService,10007,536]
I/ActivityManager(  354): Delay finish: com.google.android.gms/.init.InitializeGmsReceiver
I/am_destroy_service(  354): [0,343871555,536]
I/ActivityManager(  354): Resuming delayed broadcast
I/am_proc_start(  354): [0,832,10035,com.android.music,broadcast,com.android.music/.MediaButtonIntentReceiver]
I/ActivityManager(  354): Start proc com.android.music for broadcast com.android.music/.MediaButtonIntentReceiver: pid=832 uid=10035 gids={50035, 3003, 1028, 1015}
I/am_proc_bound(  354): [0,832,com.android.music]
I/art     (  832): Profiler disabled.  To enable setprop dalvik.vm.profiler 1
I/am_create_service(  354): [0,132155072,.MediaPlaybackService,10035,832]
W/Binder  (  744): Binder call failed.
W/Binder  (  744): android.os.DeadObjectException
W/Binder  (  744): 	at android.os.BinderProxy.transact(Native Method)
W/Binder  (  744): 	at android.content.IIntentReceiver$Stub$Proxy.performReceive(IIntentReceiver.java:124)
W/Binder  (  744): 	at android.app.ActivityThread$ApplicationThread.scheduleRegisteredReceiver(ActivityThread.java:866)
W/Binder  (  744): 	at android.app.ApplicationThreadNative.onTransact(ApplicationThreadNative.java:395)
W/Binder  (  744): 	at android.os.Binder.execTransact(Binder.java:404)
E/JavaBinder(  744): *** Uncaught remote exception!  (Exceptions are not yet supported across processes.)
E/JavaBinder(  744): java.lang.RuntimeException: android.os.DeadObjectException
E/JavaBinder(  744): 	at android.os.Parcel.writeException(Parcel.java:1389)
E/JavaBinder(  744): 	at android.os.Binder.execTransact(Binder.java:410)
E/JavaBinder(  744): Caused by: android.os.DeadObjectException
E/JavaBinder(  744): 	at android.os.BinderProxy.transact(Native Method)
E/JavaBinder(  744): 	at android.content.IIntentReceiver$Stub$Proxy.performReceive(IIntentReceiver.java:124)
E/JavaBinder(  744): 	at android.app.ActivityThread$ApplicationThread.scheduleRegisteredReceiver(ActivityThread.java:866)
E/JavaBinder(  744): 	at android.app.ApplicationThreadNative.onTransact(ApplicationThreadNative.java:395)
E/JavaBinder(  744): 	at android.os.Binder.execTransact(Binder.java:404)
I/PowerManagerService(  354): Boot animation finished.
I/MediaFocusControl(  354):   Remote Control   registerMediaButtonIntent() for PendingIntent{27a74eec: PendingIntentRecord{12d0b2b5 com.android.music broadcastIntent}}
D/MediaSessionHelper(  832): Attempting to get helper with context android.app.ContextImpl@6d6d39
D/MediaSessionHelper(  832): addMediaButtonListener added PendingIntent{24842cdf: android.os.BinderProxy@38f50f7e}
W/GCM     (  640): Using fallback http
D/MediaSessionHelper(  832): Attempting to get helper with context android.app.ContextImpl@6d6d39
D/MediaSessionHelper(  832): Added rcc listener for PendingIntent{256d3d2c: android.os.BinderProxy@38f50f7e}.
I/am_proc_start(  354): [0,849,10005,android.process.media,content provider,com.android.providers.media/.MediaProvider]
I/ActivityManager(  354): Start proc android.process.media for content provider com.android.providers.media/.MediaProvider: pid=849 uid=10005 gids={50005, 1028, 1015, 1023, 1024, 2001, 3003, 3007}
I/am_create_service(  354): [0,354862385,.GoogleHttpService,10007,640]
I/am_proc_bound(  354): [0,849,android.process.media]
I/GoogleHttpClient(  640): Using GMS GoogleHttpClient
W/art     (  640): Verification of void ftc.a(moz) took 100.889274ms
I/GCM     (  640): GCM config loaded
E/NetlinkEvent(   52): NetlinkEvent::FindParam(): Parameter 'TIME_NS' not found
W/art     (  640): Verification of void fvl.a(android.content.ComponentName, int) took 138.793576ms
