I/        (   65): System server process 354 has been created
I/Zygote  (   65): Accepting command socket connections
E/logwrapper(  360): executing /system/bin/ip failed: No such file or directory
E/logwrapper(  361): executing /system/bin/ip failed: No such file or directory
E/logwrapper(  362): executing /system/bin/ip failed: No such file or directory
D/MDnsDS  (   52): MDnsSdListener::Hander starting up
D/MDnsDS  (   52): MDnsSdListener starting to monitor
D/MDnsDS  (   52): Going to poll with pollCount 1
I/SystemServer(  354): Entered the Android system server!
I/boot_progress_system_run(  354): 31041
D/SensorService(  354): nuSensorService starting...
I/SensorService(  354): Goldfish 3-axis Accelerometer
I/SensorService(  354): Goldfish 3-axis Magnetic field sensor
I/SensorService(  354): Goldfish Orientation sensor
I/SensorService(  354): Goldfish Temperature sensor
I/SensorService(  354): Goldfish Proximity sensor
D/SensorService(  354): Max socket buffer size 163840
D/SensorService(  354): nuSensorService thread starting...
I/SystemServiceManager(  354): Starting com.android.server.pm.Installer
I/Installer(  354): Waiting for installd to be ready.
I/Installer(  354): connecting...
I/installd(   59): new connection
I/SystemServiceManager(  354): Starting com.android.server.power.PowerManagerService
E/PowerManagerService-JNI(  354): Couldn't load power module (No such file or directory)
W/libsuspend(  354): Error writing 'on' to /sys/power/state: Invalid argument
I/libsuspend(  354): Selected wakeup count
I/SystemServiceManager(  354): Starting com.android.server.am.ActivityManagerService$Lifecycle
I/ActivityManager(  354): Memory class: 48
I/ServiceThread(  354): Enabled StrictMode logging for ActivityManager looper.
I/IntentFirewall(  354): Read new rules (A:0 B:0 S:0)
I/ServiceThread(  354): Enabled StrictMode logging for android.ui looper.
I/ServiceThread(  354): Enabled StrictMode logging for android.display looper.
E/BatteryStatsService(  354): Failed to open /sys/kernel/wakeup_reasons/last_resume_reason
I/SystemServiceManager(  354): Starting com.android.server.display.DisplayManagerService
E/SurfaceFlinger(   55): ro.sf.lcd_density must be defined as a build property
I/SystemServer(  354): Telephony Registry
I/DisplayManagerService(  354): Display device added: DisplayDeviceInfo{"Built-in Screen": 240 x 400, 1041.6666 fps, density 120, 120.0 x 120.0 dpi, touch INTERNAL, rotation 0, type BUILT_IN, state UNKNOWN, FLAG_DEFAULT_DISPLAY, FLAG_ROTATES_WITH_CONTENT, FLAG_SECURE, FLAG_SUPPORTS_PROTECTED_BUFFERS}
I/SystemServer(  354): Scheduling Policy
I/SystemServiceManager(  354): Starting phase 100
I/SystemServer(  354): Package Manager
I/boot_progress_pms_start(  354): 32370
W/PackageManager(  354): No directory /oem/etc/permissions, skipping
D/SELinuxMMAC(  354): Couldn't find install policy /data/security/mac_permissions.xml
D/SELinuxMMAC(  354): Using install policy file /system/etc/security/mac_permissions.xml
I/boot_progress_pms_system_scan_start(  354): 32870
D/PackageManager(  354): No files in app dir /vendor/overlay
W/PackageParser(  354): No actions in intent filter at /system/priv-app/Contacts.apk Binary XML file line #375
W/NativeHelper(  354): Could not delete native binary: /system/lib/DefaultContainerService/libdefcontainer_jni.so
W/PackageParser(  354): No actions in intent filter at /system/priv-app/Dialer.apk Binary XML file line #157
I/art     (  354): Background sticky concurrent mark sweep GC freed 10548(952KB) AllocSpace objects, 20(324KB) LOS objects, 759% free, 2MB/6MB, paused 2.168ms total 265.683ms
W/asset   (  354): Installing empty resources in to table 0xb87f59c8
W/NativeHelper(  354): Could not delete native binary: /system/lib/PrebuiltGmsCore/libAppDataSearch.so
W/NativeHelper(  354): Could not delete native binary: /system/lib/PrebuiltGmsCore/libconscrypt_jni.so
W/NativeHelper(  354): Could not delete native binary: /system/lib/PrebuiltGmsCore/libgames_rtmp_jni.so
W/NativeHelper(  354): Could not delete native binary: /system/lib/PrebuiltGmsCore/libgcastv2_base.so
W/NativeHelper(  354): Could not delete native binary: /system/lib/PrebuiltGmsCore/libgcastv2_support.so
W/NativeHelper(  354): Could not delete native binary: /system/lib/PrebuiltGmsCore/libjgcastservice.so
W/NativeHelper(  354): Could not delete native binary: /system/lib/PrebuiltGmsCore/libocrclient.so
W/ResourceType(  354): Failure getting entry for 0x7f0b0856 (t=10 e=2134) in package 0 (error -75)
W/asset   (  354): Installing empty resources in to table 0xb87f59c8
W/asset   (  354): Installing empty resources in to table 0xb8807250
I/art     (  354): Background partial concurrent mark sweep GC freed 8211(451KB) AllocSpace objects, 0(0B) LOS objects, 746% free, 2MB/6MB, paused 1.963ms total 261.479ms
W/NativeHelper(  354): Could not delete native binary: /system/lib/LatinIME/libjni_latinime.so
W/NativeHelper(  354): Could not delete native binary: /system/lib/LegacyCamera/libjni_legacymosaic.so
W/asset   (  354): Installing empty resources in to table 0xb8807250
I/art     (  354): Background sticky concurrent mark sweep GC freed 678(42KB) AllocSpace objects, 0(0B) LOS objects, 737% free, 3MB/6MB, paused 3.678ms total 100.965ms
I/art     (  354): Background partial concurrent mark sweep GC freed 5400(284KB) AllocSpace objects, 0(0B) LOS objects, 740% free, 3MB/6MB, paused 1.968ms total 151.403ms
I/art     (  354): Background sticky concurrent mark sweep GC freed 1(8KB) AllocSpace objects, 0(0B) LOS objects, 729% free, 3MB/6MB, paused 2.012ms total 100.645ms
I/art     (  354): Background partial concurrent mark sweep GC freed 17(4KB) AllocSpace objects, 0(0B) LOS objects, 728% free, 3MB/6MB, paused 2.532ms total 260.030ms
I/art     (  354): DexFile_isDexOptNeeded profile file /data/dalvik-cache/profiles/com.android.netspeed doesn't exist
W/NativeHelper(  354): Could not delete native binary: /system/lib/OpenWnn/libWnnEngDic.so
W/NativeHelper(  354): Could not delete native binary: /system/lib/OpenWnn/libWnnJpnDic.so
W/NativeHelper(  354): Could not delete native binary: /system/lib/OpenWnn/libwnndict.so
W/NativeHelper(  354): Could not delete native binary: /system/lib/PacProcessor/libjni_pacprocessor.so
W/NativeHelper(  354): Could not delete native binary: /system/lib/PicoTts/libttscompat.so
W/NativeHelper(  354): Could not delete native binary: /system/lib/PicoTts/libttspico.so
W/NativeHelper(  354): Could not delete native binary: /system/lib/PinyinIME/libjni_pinyinime.so
W/asset   (  354): Installing empty resources in to table 0xb8807240
I/art     (  354): DexFile_isDexOptNeeded profile file /data/dalvik-cache/profiles/com.android.speechrecorder doesn't exist
I/art     (  354): DexFile_isDexOptNeeded profile file /data/dalvik-cache/profiles/com.google.android.street doesn't exist
D/PackageManager(  354): No files in app dir /system/vendor/app
D/PackageManager(  354): No files in app dir /oem/app
I/boot_progress_pms_data_scan_start(  354): 41230
W/PackageParser(  354): No actions in intent filter at /data/app/ApiDemos.apk Binary XML file line #2936
W/PackageParser(  354): No actions in intent filter at /data/app/ApiDemos.apk Binary XML file line #2942
W/PackageManager(  354): Package com.example.android.apis desires unavailable shared library com.example.will.never.exist; ignoring!
I/SELinux (  354): SELinux: Loaded file_contexts from /file_contexts
W/asset   (  354): Installing empty resources in to table 0xb8889ef0
W/asset   (  354): Installing empty resources in to table 0xb8887e38
W/PackageParser(  354): Unknown element under <manifest>: supports-gl-texture at /data/app/com.Company.Modcon-1.apk Binary XML file line #23
W/PackageParser(  354): Unknown element under <manifest>: supports-gl-texture at /data/app/com.Company.Modcon-1.apk Binary XML file line #24
W/PackageParser(  354): Unknown element under <manifest>: supports-gl-texture at /data/app/com.Company.Modcon-1.apk Binary XML file line #25
W/PackageManager(  354): Package com.example.android.apis desires unavailable shared library com.example.will.never.exist; ignoring!
W/PackageManager(  354): Package com.google.android.gms desires unavailable shared library com.google.android.ble; ignoring!
I/PackageManager(  354): Adjusting ABI for : com.google.android.gsf to armeabi-v7a
E/installd(   59): invalid apk path '/system/priv-app/GoogleServicesFramework.apk' (bad prefix)
I/PackageManager(  354): Adjusting ABI for : com.google.android.gsf.login to armeabi-v7a
E/installd(   59): invalid apk path '/system/priv-app/GoogleLoginService.apk' (bad prefix)
I/boot_progress_pms_scan_end(  354): 42716
I/PackageManager(  354): Time to scan packages: 9.846 seconds
W/PackageManager(  354): Not granting permission android.permission.DELETE_PACKAGES to package com.svox.pico (protectionLevel=18 flags=0x8be45)
W/PackageManager(  354): Not granting permission android.permission.BIND_APPWIDGET to package com.android.widgetpreview (protectionLevel=18 flags=0x8be44)
W/PackageManager(  354): Unknown permission com.google.android.googlequicksearchbox.permission.PAUSE_HOTWORD in package com.google.android.gms
W/PackageManager(  354): Unknown permission com.google.android.hangouts.START_HANGOUT in package com.google.android.gms
W/PackageManager(  354): Unknown permission com.google.android.wearable.READ_SETTINGS in package com.google.android.gms
W/PackageManager(  354): Not granting permission android.permission.DEVICE_POWER to package com.android.deskclock (protectionLevel=2 flags=0x48be45)
W/PackageManager(  354): Not granting permission android.permission.GLOBAL_SEARCH to package com.android.quicksearchbox (protectionLevel=18 flags=0x8be45)
W/PackageManager(  354): Unknown permission com.android.smspush.WAPPUSH_MANAGER_BIND in package com.android.phone
W/PackageManager(  354): Unknown permission android.permission.INSTALL_DRM in package com.android.mms
W/PackageManager(  354): Not granting permission android.permission.ACCESS_DOWNLOAD_MANAGER to package com.android.browser (protectionLevel=18 flags=0x9be45)
W/PackageManager(  354): Not granting permission android.permission.SEND_DOWNLOAD_COMPLETED_INTENTS to package com.android.browser (protectionLevel=2 flags=0x9be45)
W/PackageManager(  354): Not granting permission android.permission.CONTROL_KEYGUARD to package com.google.android.gsf.login (protectionLevel=2 flags=0x4048be45)
W/PackageManager(  354): Unknown permission com.android.vending.billing.BILLING_ACCOUNT_SERVICE in package com.google.android.gsf.login
W/PackageManager(  354): Unknown permission com.android.vending.billing.ADD_CREDIT_CARD in package com.google.android.gsf.login
W/PackageManager(  354): Unknown permission com.android.vending.billing.IBillingAccountService.BIND2 in package com.google.android.gsf.login
W/PackageManager(  354): Unknown permission com.android.vending.TOS_ACKED in package com.google.android.gsf.login
W/PackageManager(  354): Unknown permission com.android.chrome.TOS_ACKED in package com.google.android.gsf.login
I/boot_progress_pms_ready(  354): 42970
I/art     (  354): Background partial concurrent mark sweep GC freed 3092(300KB) AllocSpace objects, 0(0B) LOS objects, 536% free, 4MB/8MB, paused 1.448ms total 217.165ms
I/art     (  354): Explicit concurrent mark sweep GC freed 1321(133KB) AllocSpace objects, 2(32KB) LOS objects, 540% free, 4MB/8MB, paused 1.405ms total 152.241ms
I/lowmemorykiller(   44): ActivityManager connected
I/SystemServer(  354): Entropy Mixer
I/EntropyMixer(  354): Writing entropy...
I/SystemServer(  354): User Service
I/SystemServer(  354): Account Manager
I/SystemServer(  354): Content Manager
I/SystemServer(  354): System Content Providers
I/SystemServiceManager(  354): Starting com.android.server.lights.LightsService
I/SystemServer(  354): Battery Service
I/SystemServer(  354): Vibrator Service
I/battery_status(  354): [2,2,1,1,Li-ion]
I/battery_level(  354): [50,0,0]
I/ServiceThread(  354): Enabled StrictMode logging for PowerManagerService looper.
I/SystemServer(  354): Consumer IR Service
E/ConsumerIrService(  354): Can't open consumer IR HW Module, error: -2
I/SystemServiceManager(  354): Starting com.android.server.AlarmManagerService
D/AlarmManagerService(  354): Kernel timezone updated to 240 minutes west of GMT
I/SystemServer(  354): Init Watchdog
I/SystemServer(  354): Input Manager
I/InputManager(  354): Initializing input manager, mUseDevInputEventForAudioJack=false
I/SystemServer(  354): Window Manager
I/WindowManager(  354): No existing display settings /data/system/display_settings.xml; starting empty
D/PermissionCache(   55): checking android.permission.ACCESS_SURFACE_FLINGER for uid=1000 => granted (3920 us)
I/screen_toggled(  354): 1
I/wm_stack_created(  354): [0,0,0,0,0]
I/InputManager(  354): Starting input manager
I/SystemServer(  354): No Bluetooh Service (emulator)
E/EventHub(  354): could not get driver version for /dev/input/mouse0, Not a typewriter
I/SystemServer(  354): Input Method Service
I/auditd  (  397): type=1400 audit(0.0:7): avc:  denied  { 0x10 } for  comm="InputReader" capability=36  scontext=u:r:system_server:s0 tcontext=u:r:system_server:s0 tclass=capability2
W/EventHub(  354): Unable to disable kernel key repeat for /dev/input/event0: Function not implemented
I/EventHub(  354): New device: id=1, fd=72, path='/dev/input/event0', name='qwerty2', classes=0x7, configuration='/system/usr/idc/qwerty2.idc', keyLayout='/system/usr/keylayout/qwerty.kl', keyCharacterMap='/system/usr/keychars/qwerty2.kcm', builtinKeyboard=true, wakeMechanism=EVIOCSSUSPENDBLOCK, usingClockIoctl=true
E/EventHub(  354): could not get driver version for /dev/input/mice, Not a typewriter
I/InputReader(  354): Device added: id=-1, name='Virtual', sources=0x00000301
I/InputReader(  354):   Touch device 'qwerty2' could not query the properties of its associated display.  The device will be inoperable until the display size becomes available.
I/InputReader(  354): Device added: id=0, name='qwerty2', sources=0x00001103
W/InputMethodManagerService(  354): Couldn't create dir.: /data/system/inputmethod
I/SystemServer(  354): Accessibility Manager
I/configuration_changed(  354): 7672
I/ActivityManager(  354): Config changes=1df8 {1.0 ?mcc?mnc en_US ldltr sw320dp w320dp h533dp 120dpi nrml long port ?uimode ?night -touch qwerty/v/v -nav/h s.2}
I/InputReader(  354): Reconfiguring input devices.  changes=0x00000004
I/InputReader(  354): Device reconfigured: id=0, name='qwerty2', size 240x400, orientation 0, mode 1, display id 0
I/configuration_changed(  354): 1288
I/ActivityManager(  354): Config changes=508 {1.0 ?mcc?mnc en_US ldltr sw320dp w320dp h460dp 120dpi nrml port ?uimode ?night finger qwerty/v/v -nav/h s.3}
I/SystemServer(  354): Mount Service
D/MountService(  354): got storage path: /storage/sdcard description: USB storage primary: true removable: false emulated: false mtpReserve: 0 allowMassStorage: false maxFileSize: 0
D/MountService(  354): addVolumeLocked() StorageVolume:
D/MountService(  354):     mStorageId=0 mPath=/storage/sdcard mDescriptionId=17040733 mPrimary=true 
D/MountService(  354):     mRemovable=false mEmulated=false mMtpReserveSpace=0 
D/MountService(  354):     mAllowMassStorage=false mMaxFileSize=0 mOwner=null mUuid=null 
D/MountService(  354):     mUserLabel=null mState=null 
I/SystemServer(  354): LockSettingsService
I/SystemServiceManager(  354): Starting com.android.server.devicepolicy.DevicePolicyManagerService$Lifecycle
W/WindowManager(  354): Timeout waiting for drawn: undrawn=[]
I/SystemServer(  354): Status Bar
I/SystemServer(  354): Clipboard Service
D/MountService(  354): volume state changed for /storage/sdcard (unmounted -> removed)
I/SystemServer(  354): NetworkManagement Service
W/MountService(  354): getSecureContainerList() called when storage not mounted
I/SystemServer(  354): Text Service Manager Service
I/PackageManager(  354): No secure containers on sdcard
W/PackageManager(  354): Not granting permission android.permission.DELETE_PACKAGES to package com.svox.pico (protectionLevel=18 flags=0x8be45)
W/PackageManager(  354): Not granting permission android.permission.BIND_APPWIDGET to package com.android.widgetpreview (protectionLevel=18 flags=0x8be44)
W/PackageManager(  354): Unknown permission com.google.android.googlequicksearchbox.permission.PAUSE_HOTWORD in package com.google.android.gms
W/PackageManager(  354): Unknown permission com.google.android.hangouts.START_HANGOUT in package com.google.android.gms
W/PackageManager(  354): Unknown permission com.google.android.wearable.READ_SETTINGS in package com.google.android.gms
W/PackageManager(  354): Not granting permission android.permission.DEVICE_POWER to package com.android.deskclock (protectionLevel=2 flags=0x48be45)
W/PackageManager(  354): Not granting permission android.permission.GLOBAL_SEARCH to package com.android.quicksearchbox (protectionLevel=18 flags=0x8be45)
W/PackageManager(  354): Unknown permission com.android.smspush.WAPPUSH_MANAGER_BIND in package com.android.phone
W/PackageManager(  354): Unknown permission android.permission.INSTALL_DRM in package com.android.mms
W/PackageManager(  354): Not granting permission android.permission.ACCESS_DOWNLOAD_MANAGER to package com.android.browser (protectionLevel=18 flags=0x9be45)
W/PackageManager(  354): Not granting permission android.permission.SEND_DOWNLOAD_COMPLETED_INTENTS to package com.android.browser (protectionLevel=2 flags=0x9be45)
W/PackageManager(  354): Not granting permission android.permission.CONTROL_KEYGUARD to package com.google.android.gsf.login (protectionLevel=2 flags=0x4048be45)
W/PackageManager(  354): Unknown permission com.android.vending.billing.BILLING_ACCOUNT_SERVICE in package com.google.android.gsf.login
W/PackageManager(  354): Unknown permission com.android.vending.billing.ADD_CREDIT_CARD in package com.google.android.gsf.login
W/PackageManager(  354): Unknown permission com.android.vending.billing.IBillingAccountService.BIND2 in package com.google.android.gsf.login
W/PackageManager(  354): Unknown permission com.android.vending.TOS_ACKED in package com.google.android.gsf.login
W/PackageManager(  354): Unknown permission com.android.chrome.TOS_ACKED in package com.google.android.gsf.login
I/art     (  354): Background sticky concurrent mark sweep GC freed 4575(385KB) AllocSpace objects, 2(32KB) LOS objects, 499% free, 5MB/8MB, paused 20.392ms total 366.785ms
I/SystemServer(  354): Network Score Service
I/SystemServer(  354): NetworkStats Service
I/SystemServer(  354): NetworkPolicy Service
I/SystemServiceManager(  354): Starting com.android.server.wifi.p2p.WifiP2pService
I/WifiP2pService(  354): Registering wifip2p
I/SystemServiceManager(  354): Starting com.android.server.wifi.WifiService
I/art     (  354): Background partial concurrent mark sweep GC freed 2421(268KB) AllocSpace objects, 1(16KB) LOS objects, 491% free, 5MB/8MB, paused 8.654ms total 435.864ms
D/WifiController(  354): isAirplaneModeOn = false, isWifiEnabled = false, isScanningAvailable = false
I/WifiService(  354): Registering wifi
I/SystemServiceManager(  354): Starting com.android.server.wifi.passpoint.PasspointService
I/PasspointService(  354): Creating wifipasspoint
D/PasspointStateMachine(  354): mLanguageCode=eng
D/PasspointStateMachine(  354): completeConstruction: E
D/PasspointStateMachine(  354): completeConstruction: maxDepth=3
D/PasspointStateMachine(  354): setupInitialStateStack: E mInitialState=DisabledState
D/PasspointStateMachine(  354): moveTempStackToStateStack: i=1,j=0
D/PasspointStateMachine(  354): moveTempStackToStateStack: i=0,j=1
D/PasspointStateMachine(  354): moveTempStackToStateStack: X mStateStackTop=1,startingIndex=0,Top=DisabledState
D/PasspointStateMachine(  354): completeConstruction: X
I/PasspointService(  354): Registering wifipasspoint
D/PasspointStateMachine(  354): handleMessage: E msg.what=-2
D/PasspointStateMachine(  354): invokeEnterMethods: DefaultState
D/PasspointStateMachine(  354): invokeEnterMethods: DisabledState
D/PasspointStateMachine(  354): handleMessage: X
I/SystemServer(  354): Wi-Fi Scanning Service
I/SystemServiceManager(  354): Starting com.android.server.wifi.WifiScanningService
I/WifiScanningService(  354): Creating wifiscanner
I/WifiScanningService(  354): Starting wifiscanner
I/SystemServer(  354): Not starting Ethernet service (emulator)
I/SystemServer(  354): Connectivity Service
D/ConnectivityService(  354): ConnectivityService starting up
D/ConnectivityService(  354): raString=1,1 r=com.android.server.ConnectivityService$RadioAttributes@3d54ecaa
D/ConnectivityService(  354): raString=0,1 r=com.android.server.ConnectivityService$RadioAttributes@32c0c09b
D/ConnectivityService(  354): wifiOnly=false
D/ConnectivityService(  354): naString=wifi,1,1,1,-1,true config=android.net.NetworkConfig@29a36c38
D/ConnectivityService(  354): naString=mobile,0,0,0,-1,true config=android.net.NetworkConfig@30de5411
D/ConnectivityService(  354): naString=mobile_mms,2,0,2,60000,true config=android.net.NetworkConfig@226d2976
D/ConnectivityService(  354): naString=mobile_supl,3,0,2,60000,true config=android.net.NetworkConfig@3260cb77
D/ConnectivityService(  354): naString=mobile_hipri,5,0,3,60000,true config=android.net.NetworkConfig@63f13e4
D/ConnectivityService(  354): naString=mobile_fota,10,0,2,60000,true config=android.net.NetworkConfig@2743204d
D/ConnectivityService(  354): naString=mobile_ims,11,0,2,60000,true config=android.net.NetworkConfig@33fa6702
D/ConnectivityService(  354): naString=mobile_cbs,12,0,2,60000,true config=android.net.NetworkConfig@1a8ca813
D/ConnectivityService(  354): naString=wifi_p2p,13,1,0,-1,true config=android.net.NetworkConfig@3acb8a50
D/ConnectivityService(  354): naString=mobile_ia,14,0,2,-1,true config=android.net.NetworkConfig@16ae7449
D/ConnectivityService(  354): mNetworksDefined=10
E/ConnectivityService(  354): Problem creating MOBILE_HIPRI tracker: java.lang.IllegalArgumentException: Trying to create a NetworkStateTracker for an unknown radio type: 0
E/ConnectivityService(  354): Problem creating MOBILE_IA tracker: java.lang.IllegalArgumentException: Trying to create a NetworkStateTracker for an unknown radio type: 0
E/ConnectivityService(  354): Problem creating MOBILE_CBS tracker: java.lang.IllegalArgumentException: Trying to create a NetworkStateTracker for an unknown radio type: 0
E/ConnectivityService(  354): Problem creating MOBILE_IMS tracker: java.lang.IllegalArgumentException: Trying to create a NetworkStateTracker for an unknown radio type: 0
E/ConnectivityService(  354): Problem creating MOBILE_FOTA tracker: java.lang.IllegalArgumentException: Trying to create a NetworkStateTracker for an unknown radio type: 0
E/ConnectivityService(  354): Problem creating MOBILE_SUPL tracker: java.lang.IllegalArgumentException: Trying to create a NetworkStateTracker for an unknown radio type: 0
E/ConnectivityService(  354): Problem creating MOBILE_MMS tracker: java.lang.IllegalArgumentException: Trying to create a NetworkStateTracker for an unknown radio type: 0
E/ConnectivityService(  354): Problem creating WIFI tracker: java.lang.IllegalArgumentException: Trying to create a NetworkStateTracker for an unknown radio type: 1
E/ConnectivityService(  354): Problem creating WIFI_P2P tracker: java.lang.IllegalArgumentException: Trying to create a NetworkStateTracker for an unknown radio type: 1
E/ConnectivityService(  354): Problem creating MOBILE tracker: java.lang.IllegalArgumentException: Trying to create a NetworkStateTracker for an unknown radio type: 0
I/SystemServer(  354): Network Service Discovery Service
D/NsdService(  354): Network service discovery enabled true
I/SystemServer(  354): UpdateLock Service
I/SystemServiceManager(  354): Starting com.android.server.notification.NotificationManagerService
D/ConditionProviders(  354): loadZenConfig: no conditions
D/ConditionProviders(  354): setAutomaticZenModeConditions null
D/ConditionProviders(  354): setZenModeCondition null
I/SystemServiceManager(  354): Starting com.android.server.storage.DeviceStorageMonitorService
I/free_storage_left(  354): [494559232,136216576,65921024]
I/free_storage_changed(  354): 494559232
I/SystemServer(  354): Location Manager
I/SystemServer(  354): Country Detector
I/SystemServer(  354): Search Service
I/SystemServer(  354): DropBox Service
I/SystemServer(  354): Wallpaper Service
I/SystemServer(  354): Audio Service
I/SystemServer(  354): Dock Observer
I/art     (  354): Background sticky concurrent mark sweep GC freed 4081(295KB) AllocSpace objects, 5(80KB) LOS objects, 462% free, 6MB/9MB, paused 2.637ms total 313.197ms
W/DockObserver(  354): This kernel does not have dock station support
I/SystemServer(  354): Wired Accessory Manager
W/WiredAccessoryManager(  354): This kernel does not have wired headset support
W/WiredAccessoryManager(  354): This kernel does not have usb audio support
W/WiredAccessoryManager(  354): This kernel does not have HDMI audio support
I/SystemServiceManager(  354): Starting com.android.server.usb.UsbService$Lifecycle
I/SystemServer(  354): Serial Service
I/SystemServiceManager(  354): Starting com.android.server.twilight.TwilightService
I/SystemServiceManager(  354): Starting com.android.server.UiModeManagerService
I/SystemServiceManager(  354): Starting com.android.server.job.JobSchedulerService
D/JobStore(  354): Could not find jobs file, probably there was nothing to load.
I/SystemServiceManager(  354): Starting com.android.server.backup.BackupManagerService$Lifecycle
V/BackupManagerService(  354): Initializing package tracking
V/BackupManagerService(  354): No ancestral data
V/BackupManagerService(  354): addPackageParticipantsLocked: all
I/BackupManagerService(  354): Scheduling backup for new app com.android.calendar
I/backup_data_changed(  354): com.android.calendar
D/BackupManagerService(  354): Now staging backup of com.android.calendar
I/BackupManagerService(  354): Scheduling backup for new app com.android.dialer
I/backup_data_changed(  354): com.android.dialer
D/BackupManagerService(  354): Now staging backup of com.android.dialer
I/BackupManagerService(  354): Scheduling backup for new app com.android.providers.userdictionary
I/backup_data_changed(  354): com.android.providers.userdictionary
D/BackupManagerService(  354): Now staging backup of com.android.providers.userdictionary
I/BackupManagerService(  354): Scheduling backup for new app com.android.sharedstoragebackup
I/backup_data_changed(  354): com.android.sharedstoragebackup
D/BackupManagerService(  354): Now staging backup of com.android.sharedstoragebackup
I/BackupManagerService(  354): Scheduling backup for new app com.android.providers.settings
I/backup_data_changed(  354): com.android.providers.settings
D/BackupManagerService(  354): Now staging backup of com.android.providers.settings
I/BackupManagerService(  354): Scheduling backup for new app android
I/backup_data_changed(  354): android
D/BackupManagerService(  354): Now staging backup of android
I/BackupManagerService(  354): Scheduling backup for new app com.android.browser
I/backup_data_changed(  354): com.android.browser
D/BackupManagerService(  354): Now staging backup of com.android.browser
V/BackupManagerService(  354): Starting with transport android/com.android.internal.backup.LocalTransport
V/BackupManagerService(  354): Found transports: 1
I/BackupManagerService(  354): Binding to transport host ComponentInfo{android/com.android.internal.backup.LocalTransportService}
I/am_create_service(  354): [0,437642788,.LocalTransportService,1000,354]
I/BackupManagerService(  354): Found stale backup journal, scheduling
I/BackupManagerService(  354):   com.android.calendar
I/backup_data_changed(  354): com.android.calendar
I/BackupManagerService(  354):   com.android.dialer
I/backup_data_changed(  354): com.android.dialer
I/BackupManagerService(  354):   com.android.providers.userdictionary
I/backup_data_changed(  354): com.android.providers.userdictionary
I/BackupManagerService(  354):   com.android.sharedstoragebackup
I/backup_data_changed(  354): com.android.sharedstoragebackup
I/BackupManagerService(  354):   com.android.providers.settings
I/backup_data_changed(  354): com.android.providers.settings
I/BackupManagerService(  354):   android
I/backup_data_changed(  354): android
I/BackupManagerService(  354):   com.android.browser
I/backup_data_changed(  354): com.android.browser
I/BackupManagerService(  354): Backup enabled => true
I/SystemServiceManager(  354): Starting com.android.server.appwidget.AppWidgetService
I/SystemServer(  354): Recognition Service
I/SystemServer(  354): Voice Recognition Service
I/SystemServiceManager(  354): Starting com.android.server.voiceinteraction.VoiceInteractionManagerService
I/SystemServer(  354): DiskStats Service
I/SystemServer(  354): SamplingProfiler Service
I/SystemServer(  354): NetworkTimeUpdateService
I/SystemServer(  354): CommonTimeManagementService
I/SystemServer(  354): CertBlacklister
I/SystemServiceManager(  354): Starting com.android.server.dreams.DreamManagerService
E/McuHal  (  354): Couldn't load mcu module (No such file or directory)
I/SystemServer(  354): Assets Atlas Service
I/SystemServer(  354): IdleMaintenanceService
I/SystemServiceManager(  354): Starting com.android.server.print.PrintManagerService
D/Atlas   (  354): Loaded configuration: SliceMinArea (768x768) flags=0x2 count=24
I/SystemServiceManager(  354): Starting com.android.server.media.MediaSessionService
D/gralloc_goldfish(  354): Emulator without GPU emulation detected.
I/SystemServiceManager(  354): Starting com.android.server.hdmi.HdmiControlService
E/HdmiCecControllerJni(  354): Error acquiring hardware module: -2
I/HdmiControlService(  354): Device does not support HDMI-CEC.
I/SystemServer(  354): TvInputManagerService
I/SystemServiceManager(  354): Starting com.android.server.tv.TvInputManagerService
E/TvInputHal(  354): Couldn't load tv_input module (No such file or directory)
I/SystemServer(  354): Media Router Service
I/SystemServer(  354): Trust Manager
I/SystemServiceManager(  354): Starting com.android.server.trust.TrustManagerService
I/SystemServer(  354): BackgroundDexOptService
I/SystemServer(  354): LauncherAppsService
I/WindowManager(  354): SAFE MODE not enabled
W/AssetAtlasService(  354): Could not find EGL configuration
D/Atlas   (  354): Rendered atlas in 43.42ms (30.44+12.97ms)
E/SQLiteLog(  354): (283) recovered 14 frames from WAL file /data/system/locksettings.db-wal
I/SystemServiceManager(  354): Starting phase 480
I/SystemServiceManager(  354): Starting phase 500
I/WifiService(  354): WifiService starting up with Wi-Fi disabled
D/WifiService(  354): New client listening to asynchronous messages
I/WifiScanningService(  354): Registering wifiscanner
D/WifiScanningService(  354): New client, channel: null messenger: null
D/WifiChangeStateMachine(  354): Entering IdleState
D/WifiScanningService(  354): DefaultState
I/configuration_changed(  354): 512
I/ActivityManager(  354): Config changes=200 {1.0 ?mcc?mnc en_US ldltr sw320dp w320dp h460dp 120dpi nrml port finger qwerty/v/v -nav/h s.4}
D/TvInputManagerService(  354): buildTvInputList
I/Zygote  (  354): Process: zygote socket opened, supported ABIS: armeabi-v7a,armeabi
I/art     (  354): Background partial concurrent mark sweep GC freed 3781(244KB) AllocSpace objects, 2(32KB) LOS objects, 445% free, 6MB/9MB, paused 15.336ms total 915.127ms
I/am_proc_start(  354): [0,424,10013,com.android.systemui,service,com.android.systemui/.keyguard.KeyguardService]
I/ActivityManager(  354): Start proc com.android.systemui for service com.android.systemui/.keyguard.KeyguardService: pid=424 uid=10013 gids={50013, 1028, 1015, 1035, 3002, 3001}
V/KeyguardServiceDelegate(  354): *** Keyguard started
V/KeyguardServiceDelegate(  354): onSystemReady() called before keyguard service was ready
D/SurfaceFlinger(   55): Screen acquired, type=0 flinger=0xb87b3508
D/SurfaceFlinger(   55):  screen was previously acquired
I/DisplayManagerService(  354): Display device changed: DisplayDeviceInfo{"Built-in Screen": 240 x 400, 1041.6666 fps, density 120, 120.0 x 120.0 dpi, touch INTERNAL, rotation 0, type BUILT_IN, state ON, FLAG_DEFAULT_DISPLAY, FLAG_ROTATES_WITH_CONTENT, FLAG_SECURE, FLAG_SUPPORTS_PROTECTED_BUFFERS}
I/art     (  424): Background sticky concurrent mark sweep GC freed 774(33KB) AllocSpace objects, 0(0B) LOS objects, 1373% free, 459KB/3MB, paused 1.597ms total 180.602ms
I/AppOps  (  354): Pruning old package media/1013: new uid=-1
I/ActivityManager(  354): System now ready
I/boot_progress_ams_ready(  354): 48072
I/SystemServer(  354): Making services ready
I/SystemServiceManager(  354): Starting phase 550
D/NetworkManagementService(  354): enabling bandwidth control
E/SharedPreferencesImpl(  354): Couldn't create directory for SharedPreferences file shared_prefs/NetworkScoreService.xml
D/JobManagerService(  354): Scheduling job: android.app.job.JobInfo@e1a7b28
E/MountService(  354): Boot-time mount exception
E/MountService(  354): java.lang.IllegalArgumentException: No such service: ComponentInfo{com.android.server/com.android.server.MountServiceIdler}
E/MountService(  354): 	at com.android.server.job.JobSchedulerService$JobSchedulerStub.enforceValidJobRequest(JobSchedulerService.java:632)
E/MountService(  354): 	at com.android.server.job.JobSchedulerService$JobSchedulerStub.schedule(JobSchedulerService.java:666)
E/MountService(  354): 	at android.app.JobSchedulerImpl.schedule(JobSchedulerImpl.java:42)
E/MountService(  354): 	at com.android.server.MountServiceIdler.scheduleIdlePass(MountServiceIdler.java:96)
E/MountService(  354): 	at com.android.server.MountService.handleSystemReady(MountService.java:636)
E/MountService(  354): 	at com.android.server.MountService.access$500(MountService.java:112)
E/MountService(  354): 	at com.android.server.MountService$MountServiceHandler.handleMessage(MountService.java:526)
E/MountService(  354): 	at android.os.Handler.dispatchMessage(Handler.java:102)
E/MountService(  354): 	at android.os.Looper.loop(Looper.java:135)
E/MountService(  354): 	at android.os.HandlerThread.run(HandlerThread.java:61)
I/am_proc_bound(  354): [0,424,com.android.systemui]
I/am_create_service(  354): [0,1002229825,.KeyguardService,10013,424]
I/am_create_service(  354): [0,169781734,.SystemUIService,10013,424]
V/SystemUIService(  424): Starting SystemUI services.
I/art     (  424): Background partial concurrent mark sweep GC freed 2426(263KB) AllocSpace objects, 0(0B) LOS objects, 1310% free, 825KB/3MB, paused 15.905ms total 453.446ms
E/WVMExtractor(   58): Failed to open libwvm.so: dlopen failed: library "libwvm.so" not found
I/am_create_service(  354): [0,766243740,.RecentsService,10013,424]
E/NetdConnector(  354): NDC Command {2 bandwidth enable} took too long (2252ms)
D/VolumeUI(  424): Registering volume controller
I/art     (  424): Background sticky concurrent mark sweep GC freed 2518(205KB) AllocSpace objects, 0(0B) LOS objects, 1267% free, 1035KB/3MB, paused 13.281ms total 246.223ms
D/PowerUI.Notification(  424): updateNotification mWarning=false mSaver=false mInvalidCharger=false
D/PowerUI.Notification(  424): updateNotification mWarning=false mSaver=false mInvalidCharger=false
W/RecognitionManagerService(  354): no available voice recognition services found for user 0
I/SystemServiceManager(  354): Starting phase 600
D/NotificationListeners(  354): rebindServices
E/BluetoothAdapter(  354): Bluetooth binder is null
E/BluetoothAdapter(  354): Bluetooth binder is null
D/ConditionProviders(  354): rebindServices
D/ConditionProviders(  354): onServiceAdded ManagedServiceInfo[component=ComponentInfo{android/com.android.server.notification.CountdownConditionProvider},userid=0,isSystem=true,targetSdkVersion=10000,connection=null,service=android.service.notification.ConditionProviderService$Provider@220b390]
I/am_create_service(  354): [0,821712648,.ImageWallpaper,10013,424]
W/InputMethodManagerService(  354): Ignoring setImeWindowStatus of uid 1000 token: null
I/StatusBarManagerService(  354): registerStatusBar bar=com.android.internal.statusbar.IStatusBar$Stub$Proxy@299522aa
I/am_proc_start(  354): [0,505,10030,com.android.inputmethod.latin,service,com.android.inputmethod.latin/.LatinIME]
I/ActivityManager(  354): Start proc com.android.inputmethod.latin for service com.android.inputmethod.latin/.LatinIME: pid=505 uid=10030 gids={50030, 1028, 1015}
V/InputMethodManagerService(  354): Adding window token: android.os.Binder@1e8bbe9b
I/art     (  424): Background sticky concurrent mark sweep GC freed 982(74KB) AllocSpace objects, 0(0B) LOS objects, 1232% free, 1171KB/3MB, paused 6.963ms total 269.116ms
W/GpsLocationProvider(  354): Could not open GPS configuration file /etc/gps.conf
I/am_proc_start(  354): [0,524,10007,com.google.process.location,service,com.google.android.gms/com.google.android.location.network.NetworkLocationService]
I/ActivityManager(  354): Start proc com.google.process.location for service com.google.android.gms/com.google.android.location.network.NetworkLocationService: pid=524 uid=10007 gids={50007, 3003, 1028, 1015, 3002, 3001, 1007, 2001, 3006}
E/FlpHardwareProvider(  354): Error hw_get_module 'flp': -2
E/LocationManagerService(  354): FLP HAL not supported.
I/am_proc_start(  354): [0,536,10007,com.google.android.gms,broadcast,com.google.android.gms/com.google.android.location.internal.NlpNetworkProviderSettingsUpdateReceiver]
I/ActivityManager(  354): Start proc com.google.android.gms for broadcast com.google.android.gms/com.google.android.location.internal.NlpNetworkProviderSettingsUpdateReceiver: pid=536 uid=10007 gids={50007, 3003, 1028, 1015, 3002, 3001, 1007, 2001, 3006}
I/am_proc_bound(  354): [0,505,com.android.inputmethod.latin]
I/am_create_service(  354): [0,988741211,.LatinIME,10030,505]
I/art     (  424): Background partial concurrent mark sweep GC freed 843(110KB) AllocSpace objects, 1(28KB) LOS objects, 1227% free, 1135KB/3MB, paused 4.953ms total 447.088ms
I/art     (  505): Profiler disabled.  To enable setprop dalvik.vm.profiler 1
I/CommonTimeManagementService(  354): No common time service detected on this platform.  Common time services will be unavailable.
I/InputReader(  354): Reconfiguring input devices.  changes=0x00000020
I/SystemServiceManager(  354): Starting phase 1000
I/InputReader(  354): Reconfiguring input devices.  changes=0x00000010
I/am_proc_start(  354): [0,554,1001,com.android.telecomm,added application,com.android.telecomm]
I/ActivityManager(  354): Start proc com.android.telecomm for added application com.android.telecomm: pid=554 uid=1001 gids={41001, 3002, 3001, 3003, 1028, 1015}
I/am_proc_start(  354): [0,562,1001,com.android.phone,added application,com.android.phone]
I/ActivityManager(  354): Start proc com.android.phone for added application com.android.phone: pid=562 uid=1001 gids={41001, 3002, 3001, 3003, 1028, 1015}
I/ActivityManager(  354): START u0 {act=android.intent.action.MAIN cat=[android.intent.category.HOME] flg=0x10000000 cmp=com.android.launcher/com.android.launcher2.Launcher} from pid 0 on display 0
I/am_create_task(  354): [0,1]
I/am_create_activity(  354): [0,354286270,1,com.android.launcher/com.android.launcher2.Launcher,android.intent.action.MAIN,NULL,NULL,268435456]
I/wm_task_created(  354): [1,0]
I/wm_task_moved(  354): [1,1,0]
I/am_proc_start(  354): [0,579,10008,com.android.launcher,activity,com.android.launcher/com.android.launcher2.Launcher]
I/ActivityManager(  354): Start proc com.android.launcher for activity com.android.launcher/com.android.launcher2.Launcher: pid=579 uid=10008 gids={50008}
I/SystemServer(  354): Enabled StrictMode for system server main thread.
I/auditd  (  354): type=1400 audit(0.0:8): avc:  granted  { search } for  comm="system_server" name="backup" dev="mtdblock2" ino=257 scontext=u:r:system_server:s0 tcontext=u:object_r:unlabeled:s0 tclass=dir
I/am_proc_bound(  354): [0,536,com.google.android.gms]
I/auditd  (  354): type=1400 audit(0.0:9): avc:  granted  { getattr } for  comm="system_server" path="/cache/backup" dev="mtdblock2" ino=257 scontext=u:r:system_server:s0 tcontext=u:object_r:unlabeled:s0 tclass=dir
I/auditd  (  354): type=1400 audit(0.0:10): avc:  granted  { search } for  comm="system_server" name="backup" dev="mtdblock2" ino=257 scontext=u:r:system_server:s0 tcontext=u:object_r:unlabeled:s0 tclass=dir
I/auditd  (  354): type=1400 audit(0.0:11): avc:  granted  { search } for  comm="system_server" name="backup" dev="mtdblock2" ino=257 scontext=u:r:system_server:s0 tcontext=u:object_r:unlabeled:s0 tclass=dir
I/auditd  (  354): type=1400 audit(0.0:12): avc:  granted  { search } for  comm="system_server" name="backup" dev="mtdblock2" ino=257 scontext=u:r:system_server:s0 tcontext=u:object_r:unlabeled:s0 tclass=dir
I/am_proc_bound(  354): [0,524,com.google.process.location]
I/am_create_service(  354): [0,557515978,.NetworkLocationService,10007,524]
I/am_create_service(  354): [0,533907003,.FusedLocationService,10007,524]
I/am_create_service(  354): [0,298226008,.GeocodeService,10007,524]
D/WifiScanningService(  354): SCAN_AVAILABLE : 1
D/WifiScanningService(  354): DefaultState got{ when=-2ms what=160007 target=com.android.internal.util.StateMachine$SmHandler }
I/Choreographer(  354): Skipped 8236 frames!  The application may be doing too much work on its main thread.
W/InputMethodManagerService(  354): Focus gain on non-focused client android.view.inputmethod.InputMethodManager$1@3db656b (uid=1000 pid=354)
I/notification_cancel(  354): [10013,424,com.android.systemui,100,low_battery,0,0,64,8,NULL]
I/notification_cancel(  354): [10013,424,com.android.systemui,100,low_battery,0,0,64,8,NULL]
W/ResourcesManager(  524): Asset path '/system/framework/com.android.media.remotedisplay.jar' does not exist or contains no resources.
W/ResourcesManager(  524): Asset path '/system/framework/com.android.location.provider.jar' does not exist or contains no resources.
V/KeyguardServiceDelegate(  354): *** Keyguard connected (yay!)
V/WiredAccessoryManager(  354): init()
I/am_proc_bound(  354): [0,554,com.android.telecomm]
I/am_proc_bound(  354): [0,562,com.android.phone]
D/VoldCmdListener(   46): cryptfs getpw
I/am_proc_bound(  354): [0,579,com.android.launcher]
D/PermissionCache(   55): checking android.permission.HARDWARE_TEST for uid=1000 => granted (12142 us)
D/VoldCmdListener(   46): cryptfs clearpw
I/am_restart_activity(  354): [0,354286270,1,com.android.launcher/com.android.launcher2.Launcher]
I/art     (  579): Profiler disabled.  To enable setprop dalvik.vm.profiler 1
V/BackupManagerService(  354): Connected to transport ComponentInfo{android/com.android.internal.backup.LocalTransportService}
V/BackupManagerService(  354): Registering transport android/com.android.internal.backup.LocalTransportService::android/com.android.internal.backup.LocalTransport = com.android.internal.backup.LocalTransport@1b1c8f6e
I/MultiDex(  524): install
I/MultiDex(  524): MultiDexExtractor.load(/system/priv-app/PrebuiltGmsCore.apk, false)
I/MultiDex(  524): loading existing secondary dex files
I/MultiDex(  524): load found 1 secondary dex files
I/MultiDex(  524): install done
I/LatinIME(  505): Hardware accelerated drawing: false
W/art     (  524): Verification of brn bri.a(java.lang.String, java.lang.Boolean) took 540.651608ms
W/Resources(  579): Preloaded drawable resource #0x10d0000 (android:mipmap/sym_def_app_icon) that varies with configuration!!
W/art     (  524): Verification of void com.google.android.location.network.NetworkLocationProvider.<clinit>() took 144.653307ms
I/art     (   65): Background concurrent mark sweep GC freed 771(32KB) AllocSpace objects, 0(0B) LOS objects, 1374% free, 442KB/3MB, paused 935us total 105.390ms
I/art     (   65): Explicit concurrent mark sweep GC freed 701(29KB) AllocSpace objects, 0(0B) LOS objects, 1374% free, 442KB/3MB, paused 997us total 108.606ms
I/art     (  562): Background sticky concurrent mark sweep GC freed 2288(123KB) AllocSpace objects, 0(0B) LOS objects, 1265% free, 943KB/3MB, paused 5.642ms total 1.261979s
W/art     (  524): Verification of int com.google.android.location.network.NetworkLocationProvider.onGetStatus(android.os.Bundle) took 221.941182ms
I/art     (   65): Explicit concurrent mark sweep GC freed 5(160B) AllocSpace objects, 0(0B) LOS objects, 1374% free, 442KB/3MB, paused 989us total 95.050ms
I/art     (   65): Explicit concurrent mark sweep GC freed 5(160B) AllocSpace objects, 0(0B) LOS objects, 1374% free, 442KB/3MB, paused 996us total 96.036ms
I/art     (  505): Heap transition to ProcessStateJankImperceptible took 872.697595ms saved at least 99KB
W/art     (  524): Verification of void com.google.android.location.network.NetworkLocationProvider.onSetRequest(com.android.location.provider.ProviderRequestUnbundled, android.os.WorkSource) took 243.542440ms
I/art     (  424): Background sticky concurrent mark sweep GC freed 1276(176KB) AllocSpace objects, 0(0B) LOS objects, 1181% free, 1361KB/3MB, paused 1.682ms total 211.132ms
W/Resources(  579): Preloaded drawable resource #0x10d0000 (android:mipmap/sym_def_app_icon) that varies with configuration!!
I/art     (  562): Background partial concurrent mark sweep GC freed 205(24KB) AllocSpace objects, 0(0B) LOS objects, 1263% free, 945KB/3MB, paused 1.372ms total 762.303ms
I/art     (  524): WaitForGcToComplete blocked for 318.436303ms for cause CollectorTransition
I/art     (  354): Background sticky concurrent mark sweep GC freed 14394(1313KB) AllocSpace objects, 11(238KB) LOS objects, 350% free, 7MB/11MB, paused 3.100ms total 2.319808s
I/art     (  524): Heap transition to ProcessStateJankImperceptible took 542.237354ms saved at least 49KB
I/am_proc_start(  354): [0,619,10042,com.android.printspooler,service,com.android.printspooler/.PrintSpoolerService]
I/ActivityManager(  354): Start proc com.android.printspooler for service com.android.printspooler/.PrintSpoolerService: pid=619 uid=10042 gids={50042}
I/am_proc_bound(  354): [0,619,com.android.printspooler]
I/am_create_service(  354): [0,174354893,.PrintSpoolerService,10042,619]
I/art     (  619): Profiler disabled.  To enable setprop dalvik.vm.profiler 1
I/am_proc_start(  354): [0,640,10007,com.google.process.gapps,content provider,com.google.android.gsf/.settings.GoogleSettingsProvider]
I/ActivityManager(  354): Start proc com.google.process.gapps for content provider com.google.android.gsf/.settings.GoogleSettingsProvider: pid=640 uid=10007 gids={50007, 3003, 1028, 1015, 3002, 3001, 1007, 2001, 3006}
W/InputAttributes(  505): No editor info for this field. Bug?
D/ConnectivityService(  354): Got NetworkFactory Messenger for Telephony
D/ConnectivityService(  354): NetworkFactory connected
I/PrintSpoolerService(  619): No existing print spooler state.
I/art     (  579): Background sticky concurrent mark sweep GC freed 2004(114KB) AllocSpace objects, 0(0B) LOS objects, 1318% free, 720KB/3MB, paused 1.462ms total 243.448ms
I/am_proc_bound(  354): [0,640,com.google.process.gapps]
I/art     (  424): Background partial concurrent mark sweep GC freed 468(44KB) AllocSpace objects, 0(0B) LOS objects, 1163% free, 1534KB/3MB, paused 24.827ms total 438.709ms
I/LatinIME:LogUtils(  505): Dictionary info: dictionary = UserHistoryDictionary.en_US ; version = 1407460851 ; date = ?
I/art     (  579): Background partial concurrent mark sweep GC freed 360(51KB) AllocSpace objects, 2(32KB) LOS objects, 1313% free, 754KB/3MB, paused 71.905ms total 431.315ms
I/LatinIME:LogUtils(  505): Dictionary info: dictionary = PersonalizationDictionary.en_US ; version = 1407460852 ; date = ?
I/LatinIME:LogUtils(  505): Dictionary info: dictionary = userunigram.en_US ; version = 1407460852 ; date = ?
I/LatinIME:LogUtils(  505): Dictionary info: dictionary = contacts.en_US ; version = 1407460852 ; date = ?
I/am_proc_start(  354): [0,675,10002,android.process.acore,content provider,com.android.providers.userdictionary/.UserDictionaryProvider]
I/ActivityManager(  354): Start proc android.process.acore for content provider com.android.providers.userdictionary/.UserDictionaryProvider: pid=675 uid=10002 gids={50002, 3003, 1028, 1015}
I/PackageManager(  354): Adding preferred activity ComponentInfo{com.android.mms/com.android.mms.ui.ComposeMessageActivity} for user 0 :
I/PackageManager(  354):   Action: "android.intent.action.SENDTO"
I/PackageManager(  354):   Category: "android.intent.category.DEFAULT"
I/PackageManager(  354):   Scheme: "sms"
I/LatinIME:LogUtils(  505): Dictionary info: dictionary = PersonalizationDictionary.en_US ; version = 1407460852 ; date = ?
I/PackageManager(  354): Adding preferred activity ComponentInfo{com.android.mms/com.android.mms.ui.ComposeMessageActivity} for user 0 :
I/PackageManager(  354):   Action: "android.intent.action.SENDTO"
I/PackageManager(  354):   Category: "android.intent.category.DEFAULT"
I/PackageManager(  354):   Scheme: "smsto"
I/PackageManager(  354): Adding preferred activity ComponentInfo{com.android.mms/com.android.mms.ui.ComposeMessageActivity} for user 0 :
I/PackageManager(  354):   Action: "android.intent.action.SENDTO"
I/PackageManager(  354):   Category: "android.intent.category.DEFAULT"
I/PackageManager(  354):   Scheme: "mms"
I/PackageManager(  354): Adding preferred activity ComponentInfo{com.android.mms/com.android.mms.ui.ComposeMessageActivity} for user 0 :
I/PackageManager(  354):   Action: "android.intent.action.SENDTO"
