I/art     (  849): WaitForGcToComplete blocked for 8.158367ms for cause HeapTrim
W/Resources(  806): Preloaded drawable resource #0x1080093 (android:drawable/sym_def_app_icon) that varies with configuration!!
W/Resources(  806): Preloaded drawable resource #0x1080093 (android:drawable/sym_def_app_icon) that varies with configuration!!
W/Resources(  806): Preloaded drawable resource #0x1080093 (android:drawable/sym_def_app_icon) that varies with configuration!!
W/Resources(  806): Preloaded drawable resource #0x1080093 (android:drawable/sym_def_app_icon) that varies with configuration!!
W/Resources(  806): Preloaded drawable resource #0x1080093 (android:drawable/sym_def_app_icon) that varies with configuration!!
W/Resources(  806): Preloaded drawable resource #0x1080093 (android:drawable/sym_def_app_icon) that varies with configuration!!
W/Resources(  806): Preloaded drawable resource #0x1080093 (android:drawable/sym_def_app_icon) that varies with configuration!!
W/Resources(  806): Preloaded drawable resource #0x1080093 (android:drawable/sym_def_app_icon) that varies with configuration!!
W/Resources(  806): Preloaded drawable resource #0x1080093 (android:drawable/sym_def_app_icon) that varies with configuration!!
W/Resources(  806): Preloaded drawable resource #0x1080093 (android:drawable/sym_def_app_icon) that varies with configuration!!
W/Resources(  806): Preloaded drawable resource #0x1080093 (android:drawable/sym_def_app_icon) that varies with configuration!!
W/Resources(  806): Preloaded drawable resource #0x1080093 (android:drawable/sym_def_app_icon) that varies with configuration!!
W/Resources(  806): Preloaded drawable resource #0x1080093 (android:drawable/sym_def_app_icon) that varies with configuration!!
W/Resources(  806): Preloaded drawable resource #0x1080093 (android:drawable/sym_def_app_icon) that varies with configuration!!
W/Resources(  806): Preloaded drawable resource #0x1080093 (android:drawable/sym_def_app_icon) that varies with configuration!!
W/Resources(  806): Preloaded drawable resource #0x1080093 (android:drawable/sym_def_app_icon) that varies with configuration!!
W/Resources(  806): Preloaded drawable resource #0x1080093 (android:drawable/sym_def_app_icon) that varies with configuration!!
W/Resources(  806): Preloaded drawable resource #0x1080093 (android:drawable/sym_def_app_icon) that varies with configuration!!
W/Resources(  806): Preloaded drawable resource #0x1080093 (android:drawable/sym_def_app_icon) that varies with configuration!!
W/Resources(  806): Preloaded drawable resource #0x1080093 (android:drawable/sym_def_app_icon) that varies with configuration!!
W/Resources(  806): Preloaded drawable resource #0x1080093 (android:drawable/sym_def_app_icon) that varies with configuration!!
W/Resources(  806): Preloaded drawable resource #0x1080093 (android:drawable/sym_def_app_icon) that varies with configuration!!
W/Resources(  806): Preloaded drawable resource #0x1080093 (android:drawable/sym_def_app_icon) that varies with configuration!!
W/Resources(  806): Preloaded drawable resource #0x1080093 (android:drawable/sym_def_app_icon) that varies with configuration!!
W/Resources(  806): Preloaded drawable resource #0x1080093 (android:drawable/sym_def_app_icon) that varies with configuration!!
W/Resources(  806): Preloaded drawable resource #0x1080093 (android:drawable/sym_def_app_icon) that varies with configuration!!
W/AudioTrack(  354): AUDIO_OUTPUT_FLAG_FAST denied by client
I/am_finish_activity(  354): [0,764855815,3,com.android.settings/.SubSettings,app-request]
I/am_pause_activity(  354): [0,764855815,com.android.settings/.SubSettings]
I/Choreographer(  806): Skipped 104 frames!  The application may be doing too much work on its main thread.
W/Resources(  806): Preloaded drawable resource #0x1080093 (android:drawable/sym_def_app_icon) that varies with configuration!!
W/Resources(  806): Preloaded drawable resource #0x1080093 (android:drawable/sym_def_app_icon) that varies with configuration!!
I/am_on_paused_called(  806): [0,com.android.settings.SubSettings]
I/am_resume_activity(  354): [0,352020534,3,com.android.settings/.Settings]
I/Choreographer(  806): Skipped 181 frames!  The application may be doing too much work on its main thread.
I/am_on_resume_called(  806): [0,com.android.settings.Settings]
I/Choreographer(  806): Skipped 456 frames!  The application may be doing too much work on its main thread.
I/Choreographer(  354): Skipped 37 frames!  The application may be doing too much work on its main thread.
W/Resources(  806): Preloaded drawable resource #0x1080093 (android:drawable/sym_def_app_icon) that varies with configuration!!
I/Choreographer(  354): Skipped 39 frames!  The application may be doing too much work on its main thread.
I/Choreographer(  354): Skipped 40 frames!  The application may be doing too much work on its main thread.
I/Choreographer(  354): Skipped 37 frames!  The application may be doing too much work on its main thread.
I/Choreographer(  354): Skipped 33 frames!  The application may be doing too much work on its main thread.
I/Choreographer(  354): Skipped 38 frames!  The application may be doing too much work on its main thread.
I/Choreographer(  354): Skipped 31 frames!  The application may be doing too much work on its main thread.
I/Choreographer(  354): Skipped 38 frames!  The application may be doing too much work on its main thread.
I/art     (  806): Background sticky concurrent mark sweep GC freed 424(23KB) AllocSpace objects, 0(0B) LOS objects, 669% free, 3MB/6MB, paused 20.900ms total 95.876ms
I/Choreographer(  354): Skipped 37 frames!  The application may be doing too much work on its main thread.
I/Choreographer(  354): Skipped 38 frames!  The application may be doing too much work on its main thread.
I/Choreographer(  354): Skipped 38 frames!  The application may be doing too much work on its main thread.
I/Choreographer(  354): Skipped 58 frames!  The application may be doing too much work on its main thread.
I/Choreographer(  354): Skipped 55 frames!  The application may be doing too much work on its main thread.
I/Choreographer(  354): Skipped 32 frames!  The application may be doing too much work on its main thread.
D/DashboardSummary(  806): rebuildUI took: 1274 ms
I/Choreographer(  806): Skipped 1492 frames!  The application may be doing too much work on its main thread.
I/Choreographer(  354): Skipped 43 frames!  The application may be doing too much work on its main thread.
I/Choreographer(  354): Skipped 44 frames!  The application may be doing too much work on its main thread.
I/art     (  806): Background partial concurrent mark sweep GC freed 3678(343KB) AllocSpace objects, 0(0B) LOS objects, 673% free, 3MB/6MB, paused 3.843ms total 559.035ms
I/Choreographer(  354): Skipped 40 frames!  The application may be doing too much work on its main thread.
I/Choreographer(  354): Skipped 38 frames!  The application may be doing too much work on its main thread.
W/Resources(  806): Preloaded drawable resource #0x1080093 (android:drawable/sym_def_app_icon) that varies with configuration!!
I/Choreographer(  354): Skipped 43 frames!  The application may be doing too much work on its main thread.
I/Choreographer(  354): Skipped 36 frames!  The application may be doing too much work on its main thread.
W/MediaScanner(  849): Error opening directory '/oem/media/', skipping: No such file or directory.
I/Choreographer(  354): Skipped 38 frames!  The application may be doing too much work on its main thread.
I/Choreographer(  354): Skipped 31 frames!  The application may be doing too much work on its main thread.
I/Choreographer(  354): Skipped 40 frames!  The application may be doing too much work on its main thread.
I/Choreographer(  354): Skipped 34 frames!  The application may be doing too much work on its main thread.
I/Choreographer(  354): Skipped 38 frames!  The application may be doing too much work on its main thread.
I/Choreographer(  354): Skipped 35 frames!  The application may be doing too much work on its main thread.
I/Choreographer(  354): Skipped 30 frames!  The application may be doing too much work on its main thread.
I/Choreographer(  354): Skipped 36 frames!  The application may be doing too much work on its main thread.
I/Choreographer(  354): Skipped 55 frames!  The application may be doing too much work on its main thread.
I/Choreographer(  354): Skipped 84 frames!  The application may be doing too much work on its main thread.
I/Choreographer(  354): Skipped 36 frames!  The application may be doing too much work on its main thread.
I/Choreographer(  806): Skipped 1487 frames!  The application may be doing too much work on its main thread.
I/Choreographer(  354): Skipped 39 frames!  The application may be doing too much work on its main thread.
I/Choreographer(  806): Skipped 72 frames!  The application may be doing too much work on its main thread.
I/Choreographer(  354): Skipped 50 frames!  The application may be doing too much work on its main thread.
I/Choreographer(  354): Skipped 58 frames!  The application may be doing too much work on its main thread.
I/sf_frame_dur(   55): [com.android.settings/com.android.settings.SubSettings,0,0,0,0,2,2,8]
I/am_destroy_activity(  354): [0,764855815,3,com.android.settings/.SubSettings,finish-imm]
I/auditd  (  601): type=1400 audit(0.0:16): avc:  denied  { 0x10 } for  comm="Binder_5" capability=36  scontext=u:r:system_server:s0 tcontext=u:r:system_server:s0 tclass=capability2
I/Choreographer(  806): Skipped 47 frames!  The application may be doing too much work on its main thread.
I/ActivityManager(  354): Waited long enough for: ServiceRecord{3dcb3446 u0 com.android.providers.media/.MediaScannerService}
I/ActivityManager(  354): Resuming delayed broadcast
W/MediaProvider(  849): no database for scanned volume external
W/AudioTrack(  354): AUDIO_OUTPUT_FLAG_FAST denied by client
I/art     (   65): Background concurrent mark sweep GC freed 780(32KB) AllocSpace objects, 0(0B) LOS objects, 1374% free, 442KB/3MB, paused 956us total 100.602ms
I/am_proc_start(  354): [0,1027,10010,com.android.mms,broadcast,com.android.mms/.transaction.MmsSystemEventReceiver]
I/ActivityManager(  354): Start proc com.android.mms for broadcast com.android.mms/.transaction.MmsSystemEventReceiver: pid=1027 uid=10010 gids={50010, 3003, 1028, 1015}
I/Choreographer(  744): Skipped 251 frames!  The application may be doing too much work on its main thread.
I/Choreographer(  744): Skipped 45 frames!  The application may be doing too much work on its main thread.
I/am_proc_bound(  354): [0,1027,com.android.mms]
I/am_finish_activity(  354): [0,352020534,3,com.android.settings/.Settings,app-request]
I/wm_task_moved(  354): [1,1,0]
D/gralloc (   55): Registering a buffer in the process that created it. This may cause memory ordering problems.
E/libEGL  (   55): called unimplemented OpenGL ES API
E/libEGL  (   55): called unimplemented OpenGL ES API
E/libEGL  (   55): called unimplemented OpenGL ES API
E/libEGL  (   55): called unimplemented OpenGL ES API
E/SurfaceFlinger(   55): glCheckFramebufferStatusOES error 1572133588
E/SurfaceFlinger(   55): got GL_FRAMEBUFFER_COMPLETE_OES error while taking screenshot
E/libEGL  (   55): called unimplemented OpenGL ES API
E/libEGL  (   55): called unimplemented OpenGL ES API
W/WindowManager(  354): Screenshot failure taking screenshot for (192x320) to layer 21010
E/ActivityManager(  354): Invalid thumbnail dimensions: 192x192
I/am_pause_activity(  354): [0,352020534,com.android.settings/.Settings]
I/am_on_paused_called(  806): [0,com.android.settings.Settings]
I/am_resume_activity(  354): [0,354286270,1,com.android.launcher/com.android.launcher2.Launcher]
I/Choreographer(  744): Skipped 186 frames!  The application may be doing too much work on its main thread.
W/AudioTrack(  354): AUDIO_OUTPUT_FLAG_FAST denied by client
I/ActivityManager(  354): START u0 {act=android.intent.action.MAIN cat=[android.intent.category.HOME] flg=0x10200000 cmp=com.android.launcher/com.android.launcher2.Launcher} from pid 354 on display 0
I/am_new_intent(  354): [0,553212127,1,com.android.launcher/com.android.launcher2.Launcher,android.intent.action.MAIN,NULL,NULL,270532608]
I/Choreographer(  354): Skipped 41 frames!  The application may be doing too much work on its main thread.
I/Choreographer(  744): Skipped 138 frames!  The application may be doing too much work on its main thread.
I/Choreographer(  744): Skipped 190 frames!  The application may be doing too much work on its main thread.
I/art     (  579): Heap transition to ProcessStateJankPerceptible took 579.768321ms saved at least 60KB
I/Choreographer(  744): Skipped 203 frames!  The application may be doing too much work on its main thread.
I/Choreographer(  744): Skipped 36 frames!  The application may be doing too much work on its main thread.
I/Choreographer(  744): Skipped 35 frames!  The application may be doing too much work on its main thread.
I/am_on_resume_called(  579): [0,com.android.launcher2.Launcher]
I/Choreographer(  744): Skipped 75 frames!  The application may be doing too much work on its main thread.
I/Choreographer(  579): Skipped 466 frames!  The application may be doing too much work on its main thread.
E/SQLiteLog(  849): (283) recovered 70 frames from WAL file /data/user/0/com.android.providers.media/databases/external.db-wal
I/art     ( 1027): Profiler disabled.  To enable setprop dalvik.vm.profiler 1
I/Choreographer(  354): Skipped 42 frames!  The application may be doing too much work on its main thread.
I/Choreographer(  354): Skipped 37 frames!  The application may be doing too much work on its main thread.
I/Choreographer(  354): Skipped 37 frames!  The application may be doing too much work on its main thread.
I/Choreographer(  579): Skipped 344 frames!  The application may be doing too much work on its main thread.
I/Choreographer(  354): Skipped 79 frames!  The application may be doing too much work on its main thread.
I/Choreographer(  354): Skipped 33 frames!  The application may be doing too much work on its main thread.
I/Choreographer(  354): Skipped 36 frames!  The application may be doing too much work on its main thread.
I/Choreographer(  354): Skipped 38 frames!  The application may be doing too much work on its main thread.
I/Choreographer(  579): Skipped 653 frames!  The application may be doing too much work on its main thread.
I/Choreographer(  354): Skipped 71 frames!  The application may be doing too much work on its main thread.
I/Choreographer(  354): Skipped 109 frames!  The application may be doing too much work on its main thread.
I/Choreographer(  579): Skipped 44 frames!  The application may be doing too much work on its main thread.
I/Choreographer(  354): Skipped 59 frames!  The application may be doing too much work on its main thread.
I/Choreographer(  354): Skipped 30 frames!  The application may be doing too much work on its main thread.
I/Choreographer(  354): Skipped 56 frames!  The application may be doing too much work on its main thread.
I/Choreographer(  354): Skipped 43 frames!  The application may be doing too much work on its main thread.
I/am_destroy_activity(  354): [0,352020534,3,com.android.settings/.Settings,finish-imm]
I/Choreographer(  354): Skipped 38 frames!  The application may be doing too much work on its main thread.
I/Choreographer(  354): Skipped 70 frames!  The application may be doing too much work on its main thread.
I/sf_frame_dur(   55): [com.android.settings/com.android.settings.Settings,0,0,0,0,0,1,1]
I/Choreographer(  354): Skipped 43 frames!  The application may be doing too much work on its main thread.
I/Choreographer(  579): Skipped 51 frames!  The application may be doing too much work on its main thread.
I/Choreographer(  579): Skipped 62 frames!  The application may be doing too much work on its main thread.
I/Choreographer(  579): Skipped 33 frames!  The application may be doing too much work on its main thread.
I/Choreographer(  579): Skipped 33 frames!  The application may be doing too much work on its main thread.
I/Choreographer(  579): Skipped 43 frames!  The application may be doing too much work on its main thread.
I/Choreographer(  579): Skipped 34 frames!  The application may be doing too much work on its main thread.
I/auditd  (  681): type=1400 audit(0.0:17): avc:  denied  { 0x10 } for  comm="Binder_7" capability=36  scontext=u:r:system_server:s0 tcontext=u:r:system_server:s0 tclass=capability2
I/Choreographer(  579): Skipped 53 frames!  The application may be doing too much work on its main thread.
I/Choreographer(  579): Skipped 31 frames!  The application may be doing too much work on its main thread.
I/Choreographer(  579): Skipped 63 frames!  The application may be doing too much work on its main thread.
I/Choreographer(  579): Skipped 37 frames!  The application may be doing too much work on its main thread.
I/Choreographer(  579): Skipped 37 frames!  The application may be doing too much work on its main thread.
I/Choreographer(  579): Skipped 44 frames!  The application may be doing too much work on its main thread.
I/wm_task_removed(  354): [3,removeAppToken: last token]
I/wm_task_removed(  354): [3,removeTask]
I/Choreographer(  806): Skipped 1012 frames!  The application may be doing too much work on its main thread.
D/CountryDetector(  354): The first listener is added
W/AudioTrack(  354): AUDIO_OUTPUT_FLAG_FAST denied by client
I/Choreographer(  579): Skipped 50 frames!  The application may be doing too much work on its main thread.
I/Choreographer(  579): Skipped 47 frames!  The application may be doing too much work on its main thread.
I/Choreographer(  579): Skipped 32 frames!  The application may be doing too much work on its main thread.
I/Choreographer(  579): Skipped 40 frames!  The application may be doing too much work on its main thread.
I/Choreographer(  579): Skipped 34 frames!  The application may be doing too much work on its main thread.
I/Choreographer(  579): Skipped 46 frames!  The application may be doing too much work on its main thread.
I/Choreographer(  579): Skipped 60 frames!  The application may be doing too much work on its main thread.
I/Choreographer(  579): Skipped 47 frames!  The application may be doing too much work on its main thread.
I/Choreographer(  579): Skipped 52 frames!  The application may be doing too much work on its main thread.
I/Choreographer(  579): Skipped 39 frames!  The application may be doing too much work on its main thread.
I/Choreographer(  579): Skipped 41 frames!  The application may be doing too much work on its main thread.
I/Choreographer(  579): Skipped 62 frames!  The application may be doing too much work on its main thread.
I/Choreographer(  579): Skipped 533 frames!  The application may be doing too much work on its main thread.
W/AudioTrack(  354): AUDIO_OUTPUT_FLAG_FAST denied by client
I/ActivityManager(  354): START u0 {act=android.intent.action.MAIN cat=[android.intent.category.LAUNCHER] flg=0x10000000 cmp=com.Company.Modcon/com.unity3d.player.UnityPlayerNativeActivity (has extras)} from pid 579 on display 0
I/am_create_task(  354): [0,4]
I/am_create_activity(  354): [0,646409302,4,com.Company.Modcon/com.unity3d.player.UnityPlayerNativeActivity,android.intent.action.MAIN,NULL,NULL,268435456]
I/wm_task_created(  354): [4,1]
I/wm_task_moved(  354): [4,1,0]
I/am_pause_activity(  354): [0,354286270,com.android.launcher/com.android.launcher2.Launcher]
I/Choreographer(  579): Skipped 189 frames!  The application may be doing too much work on its main thread.
I/Choreographer(  354): Skipped 31 frames!  The application may be doing too much work on its main thread.
I/Choreographer(  354): Skipped 39 frames!  The application may be doing too much work on its main thread.
I/am_on_paused_called(  579): [0,com.android.launcher2.Launcher]
I/art     (   65): Background concurrent mark sweep GC freed 780(32KB) AllocSpace objects, 0(0B) LOS objects, 1374% free, 442KB/3MB, paused 993us total 100.821ms
I/am_proc_start(  354): [0,1052,10056,com.Company.Modcon,activity,com.Company.Modcon/com.unity3d.player.UnityPlayerNativeActivity]
I/ActivityManager(  354): Start proc com.Company.Modcon for activity com.Company.Modcon/com.unity3d.player.UnityPlayerNativeActivity: pid=1052 uid=10056 gids={50056, 3003, 1028, 1015}
I/Choreographer(  579): Skipped 506 frames!  The application may be doing too much work on its main thread.
I/Choreographer(  579): Skipped 73 frames!  The application may be doing too much work on its main thread.
I/am_proc_bound(  354): [0,1052,com.Company.Modcon]
I/art     ( 1052): Profiler disabled.  To enable setprop dalvik.vm.profiler 1
D/gralloc (   55): Registering a buffer in the process that created it. This may cause memory ordering problems.
E/libEGL  (   55): called unimplemented OpenGL ES API
E/libEGL  (   55): called unimplemented OpenGL ES API
E/libEGL  (   55): called unimplemented OpenGL ES API
E/libEGL  (   55): called unimplemented OpenGL ES API
E/SurfaceFlinger(   55): glCheckFramebufferStatusOES error 1572133588
E/SurfaceFlinger(   55): got GL_FRAMEBUFFER_COMPLETE_OES error while taking screenshot
E/libEGL  (   55): called unimplemented OpenGL ES API
E/libEGL  (   55): called unimplemented OpenGL ES API
I/configuration_changed(  354): 1152
I/ActivityManager(  354): Config changes=480 {1.0 310mcc260mnc en_US ldltr sw320dp w490dp h294dp 120dpi nrml land finger qwerty/v/v -nav/h s.8}
I/InputReader(  354): Reconfiguring input devices.  changes=0x00000004
I/InputReader(  354): Device reconfigured: id=0, name='qwerty2', size 240x400, orientation 1, mode 1, display id 0
I/InputReader(  354): Reconfiguring input devices.  changes=0x00000004
I/sf_frame_dur(   55): [com.android.launcher/com.android.launcher2.Launcher,0,0,0,1,11,27,11]
I/am_restart_activity(  354): [0,646409302,4,com.Company.Modcon/com.unity3d.player.UnityPlayerNativeActivity]
I/AppWidgetServiceImpl(  354): u=0: Got onConfigurationChanged()
I/Choreographer(  354): Skipped 62 frames!  The application may be doing too much work on its main thread.
I/art     (  744): Background sticky concurrent mark sweep GC freed 4545(215KB) AllocSpace objects, 0(0B) LOS objects, 310% free, 8MB/12MB, paused 1.965ms total 174.534ms
I/Choreographer(  744): Skipped 1135 frames!  The application may be doing too much work on its main thread.
I/auditd  (  703): type=1400 audit(0.0:18): avc:  denied  { 0x10 } for  comm="Binder_9" capability=36  scontext=u:r:system_server:s0 tcontext=u:r:system_server:s0 tclass=capability2
I/Choreographer(  744): Skipped 203 frames!  The application may be doing too much work on its main thread.
E/Vold    (   46): Failed to find mounted volume for /storage/sdcard/Android/obb/com.Company.Modcon/
W/Vold    (   46): Returning OperationFailed - no handler for errno 0
W/ContextImpl( 1052): Failed to ensure directory: /storage/sdcard/Android/obb/com.Company.Modcon
E/Vold    (   46): Failed to find mounted volume for /storage/sdcard/Android/data/com.Company.Modcon/files/
W/Vold    (   46): Returning OperationFailed - no handler for errno 0
W/ContextImpl( 1052): Failed to ensure directory: /storage/sdcard/Android/data/com.Company.Modcon/files
W/art     ( 1052): Thread[11,tid=1069,Native,Thread*=0xb87d08a8,peer=0x7877f080,"Thread-127"] attached without supplying a name
I/Choreographer(  744): Skipped 118 frames!  The application may be doing too much work on its main thread.
I/Choreographer(  354): Skipped 35 frames!  The application may be doing too much work on its main thread.
W/WindowManager(  354): Window freeze timeout expired.
W/WindowManager(  354): Force clearing orientation change: Window{299037cf u0 Starting com.Company.Modcon}
W/WindowManager(  354): Force clearing orientation change: Window{11f67ec4 u0 com.android.systemui.ImageWallpaper}
I/art     (  354): Background sticky concurrent mark sweep GC freed 17022(1239KB) AllocSpace objects, 11(315KB) LOS objects, 289% free, 8MB/13MB, paused 2.633ms total 359.313ms
I/art     (  675): Heap transition to ProcessStateJankPerceptible took 44.797244ms saved at least -72KB
V/MmsConfig( 1027): mnc/mcc: 310260
V/MmsConfig( 1027): tag: bool value: enabledMMS - true
V/MmsConfig( 1027): tag: int value: maxMessageSize - 307200
V/MmsConfig( 1027): tag: int value: maxImageHeight - 480
V/MmsConfig( 1027): tag: int value: maxImageWidth - 640
V/MmsConfig( 1027): tag: int value: defaultSMSMessagesPerThread - 10000
V/MmsConfig( 1027): tag: int value: defaultMMSMessagesPerThread - 1000
V/MmsConfig( 1027): tag: int value: minMessageCountPerThread - 10
V/MmsConfig( 1027): tag: int value: maxMessageCountPerThread - 5000
V/MmsConfig( 1027): tag: string value: uaProfUrl - http://www.google.com/oha/rdf/ua-profile-kila.xml
V/MmsConfig( 1027): tag: int value: recipientLimit - -1
V/MmsConfig( 1027): tag: bool value: enableMultipartSMS - true
V/MmsConfig( 1027): tag: int value: smsToMmsTextThreshold - -1
V/MmsConfig( 1027): tag: bool value: enableSlideDuration - true
V/MmsConfig( 1027): tag: int value: maxMessageTextSize - -1
I/am_on_resume_called( 1052): [0,com.unity3d.player.UnityPlayerNativeActivity]
I/art     (  806): Heap transition to ProcessStateJankImperceptible took 657.047641ms saved at least 375KB
I/am_create_service(  354): [0,164934335,.TransactionService,10010,1027]
I/ActivityManager(  354): Delay finish: com.android.mms/.transaction.MmsSystemEventReceiver
I/Choreographer( 1052): Skipped 225 frames!  The application may be doing too much work on its main thread.
I/Choreographer( 1052): Skipped 230 frames!  The application may be doing too much work on its main thread.
D/gralloc_goldfish( 1052): Emulator without GPU emulation detected.
I/am_activity_launch_time(  354): [0,646409302,com.Company.Modcon/com.unity3d.player.UnityPlayerNativeActivity,3959,3959]
I/ActivityManager(  354): Displayed com.Company.Modcon/com.unity3d.player.UnityPlayerNativeActivity: +3s959ms
I/sf_frame_dur(   55): [Starting com.Company.Modcon,0,0,0,0,0,0,1]
I/Choreographer(  354): Skipped 89 frames!  The application may be doing too much work on its main thread.
I/Choreographer( 1052): Skipped 93 frames!  The application may be doing too much work on its main thread.
I/Choreographer(  744): Skipped 53 frames!  The application may be doing too much work on its main thread.
I/WindowManager(  354): Screen frozen for +3s760ms due to Window{3efb4363 u0 com.Company.Modcon/com.unity3d.player.UnityPlayerNativeActivity}
I/Choreographer(  354): Skipped 34 frames!  The application may be doing too much work on its main thread.
I/Choreographer(  354): Skipped 46 frames!  The application may be doing too much work on its main thread.
I/Choreographer(  354): Skipped 46 frames!  The application may be doing too much work on its main thread.
I/Choreographer(  354): Skipped 45 frames!  The application may be doing too much work on its main thread.
I/Choreographer(  354): Skipped 47 frames!  The application may be doing too much work on its main thread.
I/Choreographer(  354): Skipped 36 frames!  The application may be doing too much work on its main thread.
I/Choreographer(  354): Skipped 68 frames!  The application may be doing too much work on its main thread.
W/IInputConnectionWrapper(  579): showStatusIcon on inactive InputConnection
D/Mms:app ( 1027): cancelNotification
I/notification_cancel(  354): [10010,1027,com.android.mms,123,NULL,0,0,64,8,NULL]
E/Unity   ( 1052): [EGL] No suitable configuration found that matches the minimum critera.
E/Unity   ( 1052):  
E/Unity   ( 1052): (Filename:  Line: 203)
E/Unity   ( 1052): 
E/Unity   ( 1052): [EGL] Unable to find an configuration matching minimum spec!
E/Unity   ( 1052):  
E/Unity   ( 1052): (Filename:  Line: 197)
E/Unity   ( 1052): 
I/ActivityManager(  354): Process com.Company.Modcon (pid 1052) has died.
I/am_proc_died(  354): [0,1052,com.Company.Modcon]
I/WindowState(  354): WIN DEATH: Window{1b34418d u0 SurfaceView}
W/ActivityManager(  354): Force removing ActivityRecord{26876c56 u0 com.Company.Modcon/com.unity3d.player.UnityPlayerNativeActivity t4}: app died, no saved state
I/am_finish_activity(  354): [0,646409302,4,com.Company.Modcon/com.unity3d.player.UnityPlayerNativeActivity,proc died without state saved]
I/        (   65): Process 1052 exited cleanly (1)
W/InputDispatcher(  354): channel '3efb4363 com.Company.Modcon/com.unity3d.player.UnityPlayerNativeActivity (server)' ~ Consumer closed input channel or an error occurred.  events=0x9
E/InputDispatcher(  354): channel '3efb4363 com.Company.Modcon/com.unity3d.player.UnityPlayerNativeActivity (server)' ~ Channel is unrecoverably broken and will be disposed!
I/WindowState(  354): WIN DEATH: Window{3efb4363 u0 com.Company.Modcon/com.unity3d.player.UnityPlayerNativeActivity}
W/InputDispatcher(  354): Attempted to unregister already unregistered input channel '3efb4363 com.Company.Modcon/com.unity3d.player.UnityPlayerNativeActivity (server)'
I/wm_task_removed(  354): [4,removeAppToken: last token]
I/wm_task_moved(  354): [1,1,0]
I/wm_task_removed(  354): [4,removeTask]
D/gralloc (   55): Registering a buffer in the process that created it. This may cause memory ordering problems.
E/libEGL  (   55): called unimplemented OpenGL ES API
E/libEGL  (   55): called unimplemented OpenGL ES API
E/libEGL  (   55): called unimplemented OpenGL ES API
E/libEGL  (   55): called unimplemented OpenGL ES API
E/SurfaceFlinger(   55): glCheckFramebufferStatusOES error 1572133588
E/SurfaceFlinger(   55): got GL_FRAMEBUFFER_COMPLETE_OES error while taking screenshot
E/libEGL  (   55): called unimplemented OpenGL ES API
E/libEGL  (   55): called unimplemented OpenGL ES API
I/InputReader(  354): Reconfiguring input devices.  changes=0x00000004
I/InputReader(  354): Device reconfigured: id=0, name='qwerty2', size 240x400, orientation 0, mode 1, display id 0
I/configuration_changed(  354): 1152
I/ActivityManager(  354): Config changes=480 {1.0 310mcc260mnc en_US ldltr sw320dp w320dp h460dp 120dpi nrml port finger qwerty/v/v -nav/h s.9}
I/am_resume_activity(  354): [0,354286270,1,com.android.launcher/com.android.launcher2.Launcher]
I/AppWidgetServiceImpl(  354): u=0: Got onConfigurationChanged()
I/art     (  579): Background partial concurrent mark sweep GC freed 1797(94KB) AllocSpace objects, 1(281KB) LOS objects, 609% free, 3MB/7MB, paused 1.684ms total 842.789ms
I/am_on_resume_called(  579): [0,com.android.launcher2.Launcher]
I/Choreographer(  579): Skipped 154 frames!  The application may be doing too much work on its main thread.
I/Choreographer(  744): Skipped 139 frames!  The application may be doing too much work on its main thread.
I/Choreographer(  354): Skipped 38 frames!  The application may be doing too much work on its main thread.
W/InputMethodManagerService(  354): Got RemoteException sending setActive(false) notification to pid 1052 uid 10056
I/Choreographer(  579): Skipped 130 frames!  The application may be doing too much work on its main thread.
I/auditd  (  457): type=1400 audit(0.0:19): avc:  denied  { 0x10 } for  comm="Binder_4" capability=36  scontext=u:r:system_server:s0 tcontext=u:r:system_server:s0 tclass=capability2
I/Choreographer(  744): Skipped 344 frames!  The application may be doing too much work on its main thread.
I/WindowManager(  354): Screen frozen for +1s118ms due to Window{3ab9ca51 u0 com.android.launcher/com.android.launcher2.Launcher}
I/art     (  744): Background sticky concurrent mark sweep GC freed 1287(100KB) AllocSpace objects, 0(0B) LOS objects, 310% free, 8MB/12MB, paused 24.128ms total 196.800ms
I/Choreographer(  354): Skipped 94 frames!  The application may be doing too much work on its main thread.
I/Choreographer(  354): Skipped 55 frames!  The application may be doing too much work on its main thread.
I/Choreographer(  354): Skipped 68 frames!  The application may be doing too much work on its main thread.
I/Choreographer(  354): Skipped 68 frames!  The application may be doing too much work on its main thread.
I/Choreographer(  354): Skipped 79 frames!  The application may be doing too much work on its main thread.
I/Choreographer(  354): Skipped 87 frames!  The application may be doing too much work on its main thread.
I/Choreographer(  354): Skipped 48 frames!  The application may be doing too much work on its main thread.
I/art     (  744): Background partial concurrent mark sweep GC freed 487(30KB) AllocSpace objects, 1(2MB) LOS objects, 435% free, 5MB/9MB, paused 1.473ms total 602.673ms
D/MmsSmsDatabaseHelper(  562): [MmsSmsDb] tableName: threads hasAutoIncrement: CREATE TABLE threads (_id INTEGER PRIMARY KEY AUTOINCREMENT,date INTEGER DEFAULT 0,message_count INTEGER DEFAULT 0,recipient_ids TEXT,snippet TEXT,snippet_cs INTEGER DEFAULT 0,read INTEGER DEFAULT 1,type INTEGER DEFAULT 0,error INTEGER DEFAULT 0,has_attachment INTEGER DEFAULT 0) result: true
D/MmsSmsDatabaseHelper(  562): [MmsSmsDb] tableName: canonical_addresses hasAutoIncrement: CREATE TABLE canonical_addresses (_id INTEGER PRIMARY KEY AUTOINCREMENT,address TEXT) result: true
D/MmsSmsDatabaseHelper(  562): [MmsSmsDb] tableName: part hasAutoIncrement: CREATE TABLE part (_id INTEGER PRIMARY KEY AUTOINCREMENT,mid INTEGER,seq INTEGER DEFAULT 0,ct TEXT,name TEXT,chset INTEGER,cd TEXT,fn TEXT,cid TEXT,cl TEXT,ctt_s INTEGER,ctt_t TEXT,_data TEXT,text TEXT) result: true
D/MmsSmsDatabaseHelper(  562): [MmsSmsDb] tableName: pdu hasAutoIncrement: CREATE TABLE pdu (_id INTEGER PRIMARY KEY AUTOINCREMENT,thread_id INTEGER,date INTEGER,date_sent INTEGER DEFAULT 0,msg_box INTEGER,read INTEGER DEFAULT 0,m_id TEXT,sub TEXT,sub_cs INTEGER,ct_t TEXT,ct_l TEXT,exp INTEGER,m_cls TEXT,m_type INTEGER,v INTEGER,m_size INTEGER,pri INTEGER,rr INTEGER,rpt_a INTEGER,resp_st INTEGER,st INTEGER,tr_id TEXT,retr_st INTEGER,retr_txt TEXT,retr_txt_cs INTEGER,read_status INTEGER,ct_cls INTEGER,resp_txt TEXT,d_tm INTEGER,d_rpt INTEGER,locked INTEGER DEFAULT 0,seen INTEGER DEFAULT 0,text_only INTEGER DEFAULT 0) result: true
D/MmsSmsDatabaseHelper(  562): [getWritableDatabase] hasAutoIncrementThreads: true hasAutoIncrementAddresses: true hasAutoIncrementPart: true hasAutoIncrementPdu: true
I/am_destroy_service(  354): [0,164934335,1027]
I/ActivityManager(  354): Resuming delayed broadcast
I/am_create_service(  354): [0,107334063,.SmsReceiverService,10010,1027]
I/ActivityManager(  354): Delay finish: com.android.mms/.transaction.SmsReceiver
W/MediaScanner(  849): Error opening directory '/storage/sdcard/', skipping: Permission denied.
E/SQLiteLog(  562): (1) no such table: main.words_stat
V/MediaScanner(  849): pruneDeadThumbnailFiles... android.database.sqlite.SQLiteCursor@a317465
V/MediaScanner(  849): /pruneDeadThumbnailFiles... android.database.sqlite.SQLiteCursor@a317465
I/am_destroy_service(  354): [0,1036727366,849]
D/Mms:app ( 1027): cancelNotification
I/notification_cancel(  354): [10010,1027,com.android.mms,123,NULL,0,0,64,8,NULL]
I/am_destroy_service(  354): [0,107334063,1027]
I/ActivityManager(  354): Resuming delayed broadcast
W/asset   (  354): Installing empty resources in to table 0xb893d868
D/MmsService(  354): Boot completed. Start the service.
W/ContextImpl(  354): Calling a method in the system process without a qualified user: android.app.ContextImpl.startService:1615 android.content.ContextWrapper.startService:505 android.content.ContextWrapper.startService:505 com.android.mms.service.BootCompletedReceiver.onReceive:36 android.app.ActivityThread.handleReceiver:2491 
I/am_create_service(  354): [0,690250172,.MmsService,1000,354]
D/MmsService(  354): onCreate
I/art     (  354): Explicit concurrent mark sweep GC freed 7396(408KB) AllocSpace objects, 0(0B) LOS objects, 290% free, 7MB/13MB, paused 2.864ms total 219.314ms
I/am_create_service(  354): [0,766317893,.EventLogService,10007,536]
I/ActivityManager(  354): Delay finish: com.google.android.gms/.checkin.EventLogService$Receiver
I/EventLogService(  536): Aggregate from 1407459241345 (log), 1407459241345 (data)
W/EventLogAggregator(  536): Unknown tag: SYSTEM_AUDIT
W/EventLogAggregator(  536): Unknown tag: snet_gcore
I/aggregation(  536): 1407461059489
I/am_destroy_service(  354): [0,766317893,536]
I/ActivityManager(  354): Resuming delayed broadcast
I/SystemUpdateService(  536): receiver: Intent { act=android.intent.action.BOOT_COMPLETED flg=0x8000010 cmp=com.google.android.gms/.update.SystemUpdateService$Receiver (has extras) }
I/am_create_service(  354): [0,663438490,.SystemUpdateService,10007,536]
I/ActivityManager(  354): Delay finish: com.google.android.gms/.update.SystemUpdateService$Receiver
I/SystemUpdateService(  536): cancelUpdate (empty URL)
I/SystemUpdateService(  536): active receiver: disabled
I/notification_cancel(  354): [10007,536,com.google.android.gms,2130838039,NULL,0,0,64,8,NULL]
I/system_update(  536): [1536,0,0,NULL]
I/notification_cancel(  354): [10007,536,com.google.android.gms,2130838040,NULL,0,0,64,8,NULL]
I/SystemUpdateService(  536): cancelUpdate (empty URL)
I/SystemUpdateService(  536): active receiver: disabled
I/notification_cancel(  354): [10007,536,com.google.android.gms,2130838039,NULL,0,0,64,8,NULL]
I/system_update(  536): [1536,0,0,NULL]
I/am_destroy_service(  354): [0,663438490,536]
I/ActivityManager(  354): Resuming delayed broadcast
I/notification_cancel(  354): [10007,536,com.google.android.gms,2130838040,NULL,0,0,64,8,NULL]
I/AdsMeasurementBroadcastReceiver(  536): Device was rebooted, starting AdsMeasurementService
D/AdsMeasurementBroadcastReceiver(  536): Unauthorized to start the main service
I/am_create_service(  354): [0,776950219,.BootCompletedBroadcastService,10007,536]
I/ActivityManager(  354): Delay finish: com.google.android.gms/.app.receiver.SystemBroadcastReceiver
I/art     (  536): WaitForGcToComplete blocked for 8.978181ms for cause HeapTrim
D/GCM     (  536): COMPAT: Multi user not supported
D/GCM     (  640): GcmService start Intent { act=android.intent.action.BOOT_COMPLETED flg=0x8000010 cmp=com.google.android.gms/.gcm.GcmService (has extras) } android.intent.action.BOOT_COMPLETED
I/am_create_service(  354): [0,817094056,.AccountRecoveryBackgroundService,10007,640]
I/am_create_service(  354): [0,571392193,.GcmReceiverService,10007,536]
V/AuthZen (  536): Handling intent: android.intent.action.BOOT_COMPLETED
I/am_create_service(  354): [0,357109862,.DefaultAuthzenGcmReceiverDelegateService,10007,536]
I/am_destroy_service(  354): [0,571392193,536]
I/am_destroy_service(  354): [0,817094056,640]
V/AuthZen (  536): [DefaultAuthzenGcmReceiverDelegateService] Handling delegate intent.
W/ActivityManager(  354): Unable to start service Intent { act=android.intent.action.BOOT_COMPLETED flg=0x8000010 cmp=com.google.android.gms/.fitness.service.BrokeredFitnessService (has extras) } U=0: not found
I/am_create_service(  354): [0,671039399,.IndexWorkerService,10007,536]
I/GCoreUlr(  536): Starting service, intent=Intent { act=com.google.android.location.reporting.ACTION_UPDATE_WORLD cmp=com.google.android.gms/com.google.android.location.reporting.service.DispatchingService (has extras) }, extras=Bundle[{receiverAction=android.intent.action.BOOT_COMPLETED}]
I/GCoreUlr(  524): WorldUpdater received intent Intent { act=com.google.android.location.reporting.ACTION_UPDATE_WORLD cmp=com.google.android.gms/com.google.android.location.reporting.service.DispatchingService (has extras) } with receiverAction android.intent.action.BOOT_COMPLETED
I/am_destroy_service(  354): [0,776950219,536]
I/art     (  536): WaitForGcToComplete blocked for 75.704697ms for cause Alloc
I/AuthZen (  536): Fetching signing key...
I/AuthZen (  536): Signing key fetched successfuly!
I/am_destroy_service(  354): [0,357109862,536]
I/am_destroy_service(  354): [0,671039399,536]
I/ActivityManager(  354): Resuming delayed broadcast
I/am_proc_start(  354): [0,1104,10018,com.android.calendar,broadcast,com.android.calendar/.alerts.AlertReceiver]
I/ActivityManager(  354): Start proc com.android.calendar for broadcast com.android.calendar/.alerts.AlertReceiver: pid=1104 uid=10018 gids={50018, 3003}
I/am_proc_bound(  354): [0,1104,com.android.calendar]
I/art     ( 1104): Profiler disabled.  To enable setprop dalvik.vm.profiler 1
I/art     ( 1027): WaitForGcToComplete blocked for 294.276815ms for cause CollectorTransition
I/art     ( 1027): Heap transition to ProcessStateJankImperceptible took 378.904524ms saved at least 375KB
D/ExtensionsFactory( 1104): No custom extensions.
I/GCoreUlr(  524): Ensuring that reporting is stopped because of reasons: (no Google accounts)
D/GCoreFlp(  524): Unknown pending intent to remove.
I/GCoreUlr(  524): Unbound from all location providers
D/AlertReceiver( 1104): onReceive: a=android.intent.action.BOOT_COMPLETED Intent { act=android.intent.action.BOOT_COMPLETED flg=0x8000010 cmp=com.android.calendar/.alerts.AlertReceiver (has extras) }
I/am_create_service(  354): [0,792538196,.AlertService,10018,1104]
I/ActivityManager(  354): Delay finish: com.android.calendar/.alerts.AlertReceiver
D/AlertService( 1104): 0 Action = android.intent.action.BOOT_COMPLETED
I/am_create_service(  354): [0,495298557,.InitAlarmsService,10018,1104]
D/AlertService( 1104): Scheduling next alarm with AlarmScheduler. sEventReminderReceived: null
I/art     (  675): Heap transition to ProcessStateJankImperceptible took 37.104166ms saved at least 83KB
D/AlarmScheduler( 1104): No events found starting within 1 week.
I/am_destroy_service(  354): [0,792538196,1104]
I/art     ( 1104): Heap transition to ProcessStateJankImperceptible took 38.551777ms saved at least 134KB
E/NetlinkEvent(   52): NetlinkEvent::FindParam(): Parameter 'TIME_NS' not found
I/am_destroy_service(  354): [0,162578080,1007]
I/art     ( 1007): Heap transition to ProcessStateJankImperceptible took 35.254132ms saved at least 114KB
I/ActivityManager(  354): Waited long enough for: ServiceRecord{1d85a7fd u0 com.android.calendar/.alerts.InitAlarmsService}
I/ActivityManager(  354): Resuming delayed broadcast
I/am_proc_start(  354): [0,1131,10021,com.android.deskclock,broadcast,com.android.deskclock/.AlarmInitReceiver]
I/ActivityManager(  354): Start proc com.android.deskclock for broadcast com.android.deskclock/.AlarmInitReceiver: pid=1131 uid=10021 gids={50021, 1028}
I/am_proc_bound(  354): [0,1131,com.android.deskclock]
I/art     ( 1131): Profiler disabled.  To enable setprop dalvik.vm.profiler 1
V/AlarmClock( 1131): AlarmInitReceiver android.intent.action.BOOT_COMPLETED
V/AlarmClock( 1131): AlarmInitReceiver - Reset timers and clear stopwatch data
I/AlarmClock( 1131): Displaying next alarm time: ''
V/AlarmClock( 1131): AlarmInitReceiver finished
I/am_proc_start(  354): [0,1157,10025,com.android.email,broadcast,com.android.email/.service.EmailBroadcastReceiver]
I/ActivityManager(  354): Start proc com.android.email for broadcast com.android.email/.service.EmailBroadcastReceiver: pid=1157 uid=10025 gids={50025, 3003, 1028, 1015}
I/am_proc_bound(  354): [0,1157,com.android.email]
I/art     ( 1157): Profiler disabled.  To enable setprop dalvik.vm.profiler 1
I/am_create_service(  354): [0,902155506,.EmailBroadcastProcessorService,10025,1157]
I/ActivityManager(  354): Delay finish: com.android.email/.service.EmailBroadcastReceiver
W/ActivityManager(  354): Unable to start service Intent { cmp=com.android.email/.service.AttachmentDownloadService } U=0: not found
I/ActivityManager(  354): Delaying start of: ServiceRecord{1ed62f43 u0 com.android.exchange/.service.EmailSyncAdapterService}
I/am_destroy_service(  354): [0,902155506,1157]
I/Email   ( 1157): Observing account changes for notifications
I/am_proc_start(  354): [0,1187,10027,com.android.exchange,service,com.android.exchange/.service.EmailSyncAdapterService]
I/ActivityManager(  354): Start proc com.android.exchange for service com.android.exchange/.service.EmailSyncAdapterService: pid=1187 uid=10027 gids={50027, 3003, 1028, 1015}
I/am_proc_bound(  354): [0,1187,com.android.exchange]
I/am_create_service(  354): [0,517353283,.EmailSyncAdapterService,10027,1187]
I/art     ( 1187): Profiler disabled.  To enable setprop dalvik.vm.profiler 1
I/am_destroy_service(  354): [0,517353283,1187]
I/ActivityManager(  354): Resuming delayed broadcast
I/LauncherIconVisibilityManager(  505): Boot has been completed
I/LauncherIconVisibilityManager(  505): Activity has already been disabled: ComponentInfo{com.android.inputmethod.latin/com.android.inputmethod.latin.setup.SetupActivity}
I/AppWidgetServiceImpl(  354): u=0: updateAppWidgetIds views: android.widget.RemoteViews@346ab9c0
I/AppWidgetServiceImpl(  354): u=0: updateAppWidgetIds views: android.widget.RemoteViews@89c6f9
I/Choreographer(  579): Skipped 38 frames!  The application may be doing too much work on its main thread.
E/BluetoothAdapter(  806): Bluetooth binder is null
I/AppWidgetServiceImpl(  354): u=0: updateAppWidgetIds views: android.widget.RemoteViews@2116d9b5
I/am_create_service(  354): [0,604899402,.DownloadService,10005,849]
I/am_create_service(  354): [0,331105211,.CheckinService,10007,536]
I/notification_cancel_all(  354): [10005,849,com.android.providers.downloads,0,0,64,9,NULL]
I/am_destroy_service(  354): [0,604899402,849]
I/am_create_service(  354): [0,560857304,.GcmReceiverService,10007,536]
D/GCM     (  640): GcmService start Intent { act=android.net.conn.CONNECTIVITY_CHANGE flg=0x4000010 cmp=com.google.android.gms/.gcm.GcmService (has extras) } android.net.conn.CONNECTIVITY_CHANGE
D/ConnectivityService(  354): reportNetworkCondition(0, 100)
D/ConnectivityService(  354): handleInetConditionChange: net=0, condition=100,mActiveDefaultNetwork=0
D/ConnectivityService(  354): handleInetConditionChange: starting a change hold
I/am_destroy_service(  354): [0,331105211,536]
I/am_create_service(  354): [0,1059609649,.SnetAlarmService,10007,536]
I/am_destroy_service(  354): [0,560857304,536]
D/GCM     (  640): GcmService start Intent { act=com.google.android.gms.INITIALIZE flg=0x10 pkg=com.google.android.gms cmp=com.google.android.gms/.gcm.GcmService } com.google.android.gms.INITIALIZE
I/ActivityManager(  354): Delay finish: com.google.android.gms/.gcm.ServiceAutoStarter
I/am_destroy_service(  354): [0,1059609649,536]
I/ActivityManager(  354): Resuming delayed broadcast
I/am_create_service(  354): [0,791437078,.InitializeIntentService,10007,536]
I/ActivityManager(  354): Delay finish: com.google.android.gms/.init.InitializeGmsReceiver
I/am_destroy_service(  354): [0,791437078,536]
I/ActivityManager(  354): Resuming delayed broadcast
I/am_create_service(  354): [0,1004626071,.InitializeIntentService,10007,536]
I/ActivityManager(  354): Delay finish: com.google.android.gms/.init.InitializeGmsReceiver
D/GCM     (  640): GcmService start Intent { act=com.google.android.gms.INITIALIZE flg=0x10 pkg=com.google.android.gms cmp=com.google.android.gms/.gcm.GcmService } com.google.android.gms.INITIALIZE
I/am_destroy_service(  354): [0,1004626071,536]
I/ActivityManager(  354): Resuming delayed broadcast
I/netstats_mobile_sample(  354): [53760,712,348818,692,42076,711,339102,691,42076,711,339102,691,1407461087867]
I/netstats_wifi_sample(  354): [0,0,0,0,0,0,0,0,0,0,0,0,1407461087867]
D/ConnectivityService(  354): Sampling interval elapsed, updating statistics ..
D/AlarmManagerService(  354): Setting time of day to sec=1407461087
D/ConnectivityService(  354): Done.
D/ConnectivityService(  354): Setting timer for 720seconds
D/ConnectivityService(  354): handleInetConditionHoldEnd: net=0, condition=100, published condition=100
D/GCM     (  640): GcmService start Intent { act=com.google.android.gms.INITIALIZE flg=0x10 pkg=com.google.android.gms cmp=com.google.android.gms/.gcm.GcmService } com.google.android.gms.INITIALIZE
I/am_create_service(  354): [0,909005444,.InitializeIntentService,10007,536]
D/ConnectivityService(  354): sendStickyBroadcast: action=android.net.conn.INET_CONDITION_ACTION
I/ActivityManager(  354): Delay finish: com.google.android.gms/.init.InitializeGmsReceiver
I/am_destroy_service(  354): [0,909005444,536]
I/ActivityManager(  354): Resuming delayed broadcast
I/AdsMeasurementBroadcastReceiver(  536): Reporting settings might have changed, alerting AdsMeasurementService
D/AdsMeasurementBroadcastReceiver(  536): Unauthorized to start the main service
E/BluetoothAdapter(  806): Bluetooth binder is null
I/AppWidgetServiceImpl(  354): u=0: updateAppWidgetIds views: android.widget.RemoteViews@4f58a6d
I/AppWidgetServiceImpl(  354): u=0: updateAppWidgetIds views: android.widget.RemoteViews@2a0756a2
D/GCM     (  640): GcmService start Intent { act=com.google.android.checkin.CHECKIN_COMPLETE flg=0x10 cmp=com.google.android.gms/.gcm.GcmService (has extras) } com.google.android.checkin.CHECKIN_COMPLETE
D/AlertReceiver( 1104): onReceive: a=android.intent.action.PROVIDER_CHANGED Intent { act=android.intent.action.PROVIDER_CHANGED dat=content://com.android.calendar flg=0x10 cmp=com.android.calendar/.alerts.AlertReceiver }
I/am_create_service(  354): [0,80834355,.AlertService,10018,1104]
I/ActivityManager(  354): Delay finish: com.android.calendar/.alerts.AlertReceiver
D/AlertService( 1104): 0 Action = android.intent.action.PROVIDER_CHANGED
I/art     ( 1131): Heap transition to ProcessStateJankImperceptible took 51.425463ms saved at least 45KB
I/art     ( 1157): Heap transition to ProcessStateJankImperceptible took 58.571571ms saved at least 239KB
